******************************************************************************
                  TI ARM Linker Unix v16.9.1                   
******************************************************************************
>> Linked Mon May 22 21:01:16 2017

OUTPUT FILE NAME:   <hello.out>
ENTRY POINT SYMBOL: "_c_int00"  address: 00002569


MEMORY CONFIGURATION

         name            origin    length      used     unused   attr    fill
----------------------  --------  ---------  --------  --------  ----  --------
  FLASH                 00000000   00040000  00003112  0003ceee  R  X
  SRAM                  20000000   00008000  0000051e  00007ae2  RW X


SEGMENT ALLOCATION MAP

run origin  load origin   length   init length attrs members
----------  ----------- ---------- ----------- ----- -------
00000000    00000000    00003118   00003118    r-x
  00000000    00000000    0000026c   0000026c    r-- .intvecs
  0000026c    0000026c    00002af2   00002af2    r-x .text
  00002d60    00002d60    0000031c   0000031c    r-- .const
  00003080    00003080    00000098   00000098    r-- .cinit
20000000    20000000    0000051e   00000000    rw-
  20000000    20000000    0000026c   00000000    rw- .vtable
  2000026c    2000026c    00000200   00000000    rw- .stack
  2000046c    2000046c    000000ac   00000000    rw- .data
  20000518    20000518    00000006   00000000    rw- .bss


SECTION ALLOCATION MAP

 output                                  attributes/
section   page    origin      length       input sections
--------  ----  ----------  ----------   ----------------
.intvecs   0    00000000    0000026c     
                  00000000    0000026c     startup_ccs.obj (.intvecs)

.text      0    0000026c    00002af2     
                  0000026c    0000072c     hello.obj (.text:main)
                  00000998    000001ea     uartstdio.obj (.text:UARTvprintf)
                  00000b82    00000002     startup_ccs.obj (.text:FaultISR)
                  00000b84    000001d9     display.obj (.text:setModeDisplay)
                  00000d5d    00000001     --HOLE-- [fill = 0]
                  00000d5e    000001b6     rtsv7M4_T_le_v4SPD16_eabi.lib : fd_add_t2.obj (.text)
                  00000f14    00000168     display.obj (.text:setDiaplyValue)
                  0000107c    00000136     rtsv7M4_T_le_v4SPD16_eabi.lib : fd_div_t2.obj (.text)
                  000011b2    00000132     driverlib.lib : gpio.obj (.text:GPIOPadConfigSet)
                  000012e4    00000128     switchgain.obj (.text:SetGain)
                  0000140c    00000110     driverlib.lib : sysctl.obj (.text:SysCtlClockGet)
                  0000151c    000000fc     rtsv7M4_T_le_v4SPD16_eabi.lib : fd_mul_t2.obj (.text)
                  00001618    000000f4     driverlib.lib : sysctl.obj (.text:SysCtlClockSet)
                  0000170c    000000f0     uart.obj (.text:InitConsole)
                  000017fc    000000e4     hello.obj (.text:SW1_IntHandler)
                  000018e0    000000e4     display.obj (.text:initLCD)
                  000019c4    000000dc     ADC.obj (.text:convertADC2range)
                  00001aa0    000000cc     switchgain.obj (.text:SetMuxDCAC)
                  00001b6c    000000bc     hello.obj (.text:modeChange)
                  00001c28    0000009c     ADC.obj (.text:initADC)
                  00001cc4    0000009c     rtsv7M4_T_le_v4SPD16_eabi.lib : memcpy_t2.obj (.text)
                  00001d60    00000098     mypwm.obj (.text:setPWM)
                  00001df8    0000008c     mypwm.obj (.text:initPWM)
                  00001e84    00000086     rtsv7M4_T_le_v4SPD16_eabi.lib : fd_cmp_t2.obj (.text:__aeabi_cdcmple)
                  00001f0a    00000086                                   : fd_cmp_t2.obj (.text:__aeabi_cdrcmple)
                  00001f90    00000084     switchgain.obj (.text:initMux)
                  00002014    00000080     hello.obj (.text:initTimer)
                  00002094    0000007a     rtsv7M4_T_le_v4SPD16_eabi.lib : memset_t2.obj (.text)
                  0000210e    00000070     display.obj (.text:ftoa)
                  0000217e    00000002     startup_ccs.obj (.text:IntDefaultHandler)
                  00002180    00000070     rtsv7M4_T_le_v4SPD16_eabi.lib : autoinit.obj (.text)
                  000021f0    0000006e                                   : fd_tos_t2.obj (.text)
                  0000225e    00000002     startup_ccs.obj (.text:NmiSR)
                  00002260    00000068     driverlib.lib : interrupt.obj (.text:IntEnable)
                  000022c8    00000068     uart.obj (.text:UARTIntHandler)
                  00002330    00000068     rtsv7M4_T_le_v4SPD16_eabi.lib : copy_decompress_lzss.obj (.text:decompress:lzss)
                  00002398    00000060     driverlib.lib : timer.obj (.text:TimerConfigure)
                  000023f8    00000060     uartstdio.obj (.text:UARTStdioConfig)
                  00002458    00000060     display.obj (.text:itoa)
                  000024b8    00000058     switchgain.obj (.text:SetADCSwitch)
                  00002510    00000056     driverlib.lib : gpio.obj (.text:GPIOIntTypeSet)
                  00002566    00000002     rtsv7M4_T_le_v4SPD16_eabi.lib : i_div0.obj (.text)
                  00002568    00000054                                   : boot.obj (.text)
                  000025bc    00000054                                   : exit.obj (.text)
                  00002610    0000004c                                   : cpy_tbl.obj (.text)
                  0000265c    00000048     driverlib.lib : gpio.obj (.text:GPIOPinConfigure)
                  000026a4    00000048     uartstdio.obj (.text:UARTwrite)
                  000026ec    00000048     rtsv7M4_T_le_v4SPD16_eabi.lib : fd_toi_t2.obj (.text)
                  00002734    00000044     driverlib.lib : gpio.obj (.text:_GPIOIntNumberGet)
                  00002778    00000040     ADC.obj (.text:ReadADC)
                  000027b8    00000040     rtsv7M4_T_le_v4SPD16_eabi.lib : u_divt2.obj (.text)
                  000027f8    00000040     display.obj (.text:sendByte)
                  00002838    0000003c     driverlib.lib : ssi.obj (.text:SSIConfigSetExpClk)
                  00002874    00000038                   : sysctl.obj (.text:SysCtlPeripheralReady)
                  000028ac    00000038     rtsv7M4_T_le_v4SPD16_eabi.lib : fs_tod_t2.obj (.text)
                  000028e4    00000034     driverlib.lib : interrupt.obj (.text:IntRegister)
                  00002918    00000034                   : sysctl.obj (.text:SysCtlPeripheralEnable)
                  0000294c    00000034     hello.obj (.text:Timer0IntHandler)
                  00002980    00000032     display.obj (.text:buildChar)
                  000029b2    0000002e     display.obj (.text:setCursorPositionLCD)
                  000029e0    0000002c     switchgain.obj (.text:SetInputRelay)
                  00002a0c    0000002a     driverlib.lib : gpio.obj (.text:GPIODirModeSet)
                  00002a36    00000002     rtsv7M4_T_le_v4SPD16_eabi.lib : mpu_init.obj (.text)
                  00002a38    00000028     display.obj (.text:pulseLCD)
                  00002a60    00000022     driverlib.lib : pwm.obj (.text:PWMGenConfigure)
                  00002a82    00000020     rtsv7M4_T_le_v4SPD16_eabi.lib : u_tofd_t2.obj (.text)
                  00002aa2    0000001e     driverlib.lib : pwm.obj (.text:PWMPulseWidthSet)
                  00002ac0    0000001c     ADC.obj (.text:WriteADC)
                  00002adc    0000001c     display.obj (.text:clearLCD)
                  00002af8    0000001a     uartstdio.obj (.text:UARTprintf)
                  00002b12    00000018     driverlib.lib : gpio.obj (.text:GPIOIntRegister)
                  00002b2a    00000018                   : gpio.obj (.text:GPIOPinTypeGPIOOutput)
                  00002b42    00000018     display.obj (.text:printLCD)
                  00002b5a    00000002     rtsv7M4_T_le_v4SPD16_eabi.lib : startup.obj (.text)
                  00002b5c    00000018                                   : args_main.obj (.text)
                  00002b74    00000014     driverlib.lib : sysctl.obj (.text:SysCtlPWMClockSet)
                  00002b88    00000014     rtsv7M4_T_le_v4SPD16_eabi.lib : _lock.obj (.text)
                  00002b9c    00000014                                   : strlen.obj (.text)
                  00002bb0    00000012     driverlib.lib : gpio.obj (.text:GPIOPinTypeGPIOInput)
                  00002bc2    00000012                   : gpio.obj (.text:GPIOPinTypePWM)
                  00002bd4    00000012                   : gpio.obj (.text:GPIOPinTypeSSI)
                  00002be6    00000012                   : gpio.obj (.text:GPIOPinTypeUART)
                  00002bf8    00000012                   : pwm.obj (.text:PWMOutputState)
                  00002c0a    00000012                   : ssi.obj (.text:SSIDataGetNonBlocking)
                  00002c1c    00000012                   : timer.obj (.text:TimerLoadSet)
                  00002c2e    00000010                   : interrupt.obj (.text:IntMasterEnable)
                  00002c3e    00000010                   : pwm.obj (.text:PWMGenPeriodSet)
                  00002c4e    00000002     --HOLE-- [fill = 0]
                  00002c50    00000010     display.obj (.text:setCmd)
                  00002c60    00000010     display.obj (.text:setData)
                  00002c70    0000000e     driverlib.lib : gpio.obj (.text:GPIOIntDisable)
                  00002c7e    0000000e                   : gpio.obj (.text:GPIOIntStatus)
                  00002c8c    0000000e                   : timer.obj (.text:TimerEnable)
                  00002c9a    0000000e                   : uart.obj (.text:UARTCharGetNonBlocking)
                  00002ca8    0000000e                   : uart.obj (.text:UARTCharPutNonBlocking)
                  00002cb6    0000000e                   : uart.obj (.text:UARTCharsAvail)
                  00002cc4    0000000e     rtsv7M4_T_le_v4SPD16_eabi.lib : copy_decompress_none.obj (.text:decompress:none)
                  00002cd2    0000000c     driverlib.lib : cpu.obj (.text:CPUcpsie)
                  00002cde    0000000c                   : gpio.obj (.text:GPIOIntEnable)
                  00002cea    0000000c                   : pwm.obj (.text:PWMGenEnable)
                  00002cf6    0000000c     rtsv7M4_T_le_v4SPD16_eabi.lib : copy_zero_init.obj (.text:decompress:ZI)
                  00002d02    0000000a     driverlib.lib : ssi.obj (.text:SSIDataPut)
                  00002d0c    0000000a                   : ssi.obj (.text:SSIEnable)
                  00002d16    00000008                   : ssi.obj (.text:SSIBusy)
                  00002d1e    00000008                   : timer.obj (.text:TimerIntEnable)
                  00002d26    00000008     display.obj (.text:cursorOffLCD)
                  00002d2e    00000008     display.obj (.text:setBlockCursorLCD)
                  00002d36    00000006     driverlib.lib : gpio.obj (.text:GPIOIntClear)
                  00002d3c    00000006                   : gpio.obj (.text:GPIOPinWrite)
                  00002d42    00000006     startup_ccs.obj (.text:ResetISR)
                  00002d48    00000006     driverlib.lib : sysctl.obj (.text:SysCtlDelay)
                  00002d4e    00000006                   : uart.obj (.text:UARTClockSourceSet)
                  00002d54    00000006     display.obj (.text:printSpecialChar)
                  00002d5a    00000004     rtsv7M4_T_le_v4SPD16_eabi.lib : pre_init.obj (.text)

.const     0    00002d60    0000031c     
                  00002d60    000000d8     driverlib.lib : gpio.obj (.const:g_ppui32GPIOIntMapSnowflake)
                  00002e38    000000c0                   : gpio.obj (.const:g_ppui32GPIOIntMapBlizzard)
                  00002ef8    00000090                   : gpio.obj (.const:g_pui32GPIOBaseAddrs)
                  00002f88    00000070                   : interrupt.obj (.const)
                  00002ff8    0000006c                   : sysctl.obj (.const:g_pui32Xtals)
                  00003064    0000000c     uartstdio.obj (.const:g_ui32UARTBase)
                  00003070    0000000c     uartstdio.obj (.const:g_ui32UARTPeriph)

.cinit     0    00003080    00000098     
                  00003080    00000064     (.cinit..data.load) [load image, compression = lzss]
                  000030e4    0000000c     (__TI_handler_table)
                  000030f0    00000008     (.cinit..bss.load) [load image, compression = zero_init]
                  000030f8    00000008     (.cinit..vtable.load) [load image, compression = zero_init]
                  00003100    00000018     (__TI_cinit_table)

.init_array 
*          0    00000000    00000000     UNINITIALIZED

.vtable    0    20000000    0000026c     UNINITIALIZED
                  20000000    0000026c     driverlib.lib : interrupt.obj (.vtable)

.data      0    2000046c    000000ac     UNINITIALIZED
                  2000046c    00000024     hello.obj (.data:loggingFreq)
                  20000490    00000012     hello.obj (.data)
                  200004a2    00000002     --HOLE--
                  200004a4    0000000c     rtsv7M4_T_le_v4SPD16_eabi.lib : exit.obj (.data:$O1$$)
                  200004b0    0000000a     hello.obj (.data:int2str_duration)
                  200004ba    00000002     --HOLE--
                  200004bc    00000008     rtsv7M4_T_le_v4SPD16_eabi.lib : _lock.obj (.data:$O1$$)
                  200004c4    00000008     display.obj (.data:BrightnessLV1)
                  200004cc    00000008     display.obj (.data:BrightnessLV2)
                  200004d4    00000008     display.obj (.data:BrightnessLV3)
                  200004dc    00000008     display.obj (.data:BrightnessLV4)
                  200004e4    00000008     display.obj (.data:BrightnessLV5)
                  200004ec    00000008     display.obj (.data:enter)
                  200004f4    00000008     display.obj (.data:plusminusmap)
                  200004fc    00000006     hello.obj (.data:set_cursor_duration)
                  20000502    00000005     hello.obj (.data:set_duration)
                  20000507    00000001     --HOLE--
                  20000508    00000005     uartstdio.obj (.data)
                  2000050d    00000003     --HOLE--
                  20000510    00000004     rtsv7M4_T_le_v4SPD16_eabi.lib : stkdepth_vars.obj (.data)
                  20000514    00000004     uart.obj (.data)

.bss       0    20000518    00000006     UNINITIALIZED
                  20000518    00000004     (.common:numTick)
                  2000051c    00000001     (.common:measure_mode)
                  2000051d    00000001     (.common:pb_mode)

.stack     0    2000026c    00000200     UNINITIALIZED
                  2000026c    00000200     --HOLE--

MODULE SUMMARY

       Module                     code    ro data   rw data
       ------                     ----    -------   -------
    ./
       hello.obj                  2432    0         81     
       startup_ccs.obj            12      620       0      
    +--+--------------------------+-------+---------+---------+
       Total:                     2444    620       81     
                                                           
    ./mylib/
       display.obj                1575    0         56     
       switchgain.obj             764     0         0      
       ADC.obj                    468     0         0      
       uart.obj                   344     0         4      
       mypwm.obj                  292     0         0      
    +--+--------------------------+-------+---------+---------+
       Total:                     3443    0         60     
                                                           
    ./utils/
       uartstdio.obj              684     24        5      
    +--+--------------------------+-------+---------+---------+
       Total:                     684     24        5      
                                                           
    /Applications/ti/TivaWare_C_Series-2.1.4.178/driverlib/ccs/Debug/driverlib.lib
       gpio.obj                   746     552       0      
       interrupt.obj              172     112       620    
       sysctl.obj                 650     108       0      
       timer.obj                  136     0         0      
       pwm.obj                    110     0         0      
       ssi.obj                    106     0         0      
       uart.obj                   48      0         0      
       cpu.obj                    12      0         0      
    +--+--------------------------+-------+---------+---------+
       Total:                     1980    772       620    
                                                           
    /Applications/ti/ccsv7/tools/compiler/ti-cgt-arm_16.9.1.LTS/lib/rtsv7M4_T_le_v4SPD16_eabi.lib
       fd_add_t2.obj              438     0         0      
       fd_div_t2.obj              310     0         0      
       fd_cmp_t2.obj              268     0         0      
       fd_mul_t2.obj              252     0         0      
       memcpy_t2.obj              156     0         0      
       memset_t2.obj              122     0         0      
       autoinit.obj               112     0         0      
       fd_tos_t2.obj              110     0         0      
       copy_decompress_lzss.obj   104     0         0      
       exit.obj                   84      0         12     
       boot.obj                   84      0         0      
       cpy_tbl.obj                76      0         0      
       fd_toi_t2.obj              72      0         0      
       u_divt2.obj                64      0         0      
       fs_tod_t2.obj              56      0         0      
       u_tofd_t2.obj              32      0         0      
       _lock.obj                  20      0         8      
       args_main.obj              24      0         0      
       strlen.obj                 20      0         0      
       copy_decompress_none.obj   14      0         0      
       copy_zero_init.obj         12      0         0      
       pre_init.obj               4       0         0      
       stkdepth_vars.obj          0       0         4      
       i_div0.obj                 2       0         0      
       mpu_init.obj               2       0         0      
       startup.obj                2       0         0      
    +--+--------------------------+-------+---------+---------+
       Total:                     2440    0         24     
                                                           
       Stack:                     0       0         512    
       Linker Generated:          0       152       0      
    +--+--------------------------+-------+---------+---------+
       Grand Total:               10991   1568      1302   


LINKER GENERATED COPY TABLES

__TI_cinit_table @ 00003100 records: 3, size/record: 8, table size: 24
	.data: load addr=00003080, load size=00000064 bytes, run addr=2000046c, run size=000000ac bytes, compression=lzss
	.bss: load addr=000030f0, load size=00000008 bytes, run addr=20000518, run size=00000006 bytes, compression=zero_init
	.vtable: load addr=000030f8, load size=00000008 bytes, run addr=20000000, run size=0000026c bytes, compression=zero_init


LINKER GENERATED HANDLER TABLE

__TI_handler_table @ 000030e4 records: 3, size/record: 4, table size: 12
	index: 0, handler: __TI_zero_init
	index: 1, handler: __TI_decompress_lzss
	index: 2, handler: __TI_decompress_none


GLOBAL SYMBOLS: SORTED ALPHABETICALLY BY Name 

address   name                           
-------   ----                           
200004c4  BrightnessLV1                  
200004cc  BrightnessLV2                  
200004d4  BrightnessLV3                  
200004dc  BrightnessLV4                  
200004e4  BrightnessLV5                  
000025bd  C$$EXIT                        
00002cd3  CPUcpsie                       
00002a0d  GPIODirModeSet                 
00002d37  GPIOIntClear                   
00002c71  GPIOIntDisable                 
00002cdf  GPIOIntEnable                  
00002b13  GPIOIntRegister                
00002c7f  GPIOIntStatus                  
00002511  GPIOIntTypeSet                 
000011b3  GPIOPadConfigSet               
0000265d  GPIOPinConfigure               
00002bb1  GPIOPinTypeGPIOInput           
00002b2b  GPIOPinTypeGPIOOutput          
00002bc3  GPIOPinTypePWM                 
00002bd5  GPIOPinTypeSSI                 
00002be7  GPIOPinTypeUART                
00002d3d  GPIOPinWrite                   
0000170d  InitConsole                    
00002261  IntEnable                      
00002c2f  IntMasterEnable                
000028e5  IntRegister                    
00002a61  PWMGenConfigure                
00002ceb  PWMGenEnable                   
00002c3f  PWMGenPeriodSet                
00002bf9  PWMOutputState                 
00002aa3  PWMPulseWidthSet               
00002779  ReadADC                        
00002d43  ResetISR                       
UNDEFED   SHT$$INIT_ARRAY$$Base          
UNDEFED   SHT$$INIT_ARRAY$$Limit         
00002d17  SSIBusy                        
00002839  SSIConfigSetExpClk             
00002c0b  SSIDataGetNonBlocking          
00002d03  SSIDataPut                     
00002d0d  SSIEnable                      
000017fd  SW1_IntHandler                 
000024b9  SetADCSwitch                   
000012e5  SetGain                        
000029e1  SetInputRelay                  
00001aa1  SetMuxDCAC                     
0000140d  SysCtlClockGet                 
00001619  SysCtlClockSet                 
00002d49  SysCtlDelay                    
00002b75  SysCtlPWMClockSet              
00002919  SysCtlPeripheralEnable         
00002875  SysCtlPeripheralReady          
0000294d  Timer0IntHandler               
00002399  TimerConfigure                 
00002c8d  TimerEnable                    
00002d1f  TimerIntEnable                 
00002c1d  TimerLoadSet                   
00002c9b  UARTCharGetNonBlocking         
00002ca9  UARTCharPutNonBlocking         
00002cb7  UARTCharsAvail                 
00002d4f  UARTClockSourceSet             
000022c9  UARTIntHandler                 
000023f9  UARTStdioConfig                
00002af9  UARTprintf                     
00000999  UARTvprintf                    
000026a5  UARTwrite                      
00002ac1  WriteADC                       
2000046c  __STACK_END                    
00000200  __STACK_SIZE                   
2000046c  __STACK_TOP                    
00003100  __TI_CINIT_Base                
00003118  __TI_CINIT_Limit               
000030e4  __TI_Handler_Table_Base        
000030f0  __TI_Handler_Table_Limit       
00002181  __TI_auto_init                 
200004a4  __TI_cleanup_ptr               
00002331  __TI_decompress_lzss           
00002cc5  __TI_decompress_none           
200004a8  __TI_dtors_ptr                 
200004ac  __TI_enable_exit_profile_output
ffffffff  __TI_pprof_out_hndl            
ffffffff  __TI_prof_data_size            
ffffffff  __TI_prof_data_start           
00000000  __TI_static_base__             
00002cf7  __TI_zero_init                 
00001e85  __aeabi_cdcmpeq                
00001e85  __aeabi_cdcmple                
00001f0b  __aeabi_cdrcmple               
000021f1  __aeabi_d2f                    
000026ed  __aeabi_d2iz                   
00000d69  __aeabi_dadd                   
0000107d  __aeabi_ddiv                   
0000151d  __aeabi_dmul                   
00000d5f  __aeabi_dsub                   
000028ad  __aeabi_f2d                    
00002567  __aeabi_idiv0                  
00002095  __aeabi_memclr                 
00002095  __aeabi_memclr4                
00002095  __aeabi_memclr8                
00001cc5  __aeabi_memcpy                 
00001cc5  __aeabi_memcpy4                
00001cc5  __aeabi_memcpy8                
00002097  __aeabi_memset                 
00002097  __aeabi_memset4                
00002097  __aeabi_memset8                
00002a83  __aeabi_ui2d                   
000027b9  __aeabi_uidiv                  
000027b9  __aeabi_uidivmod               
ffffffff  __binit__                      
ffffffff  __c_args__                     
00002a37  __mpu_init                     
2000026c  __stack                        
00002b5d  _args_main                     
00002569  _c_int00                       
200004bc  _lock                          
00002b97  _nop                           
00002b8f  _register_lock                 
00002b89  _register_unlock               
00002b5b  _system_post_cinit             
00002d5b  _system_pre_init               
200004c0  _unlock                        
000025c1  abort                          
ffffffff  binit                          
20000492  brightness_opt                 
00002981  buildChar                      
00002add  clearLCD                       
000019c5  convertADC2range               
00002611  copy_in                        
200004a1  counter                        
00002d27  cursorOffLCD                   
20000494  cursor_pos                     
20000496  duration_green_pressed         
20000495  duration_red_pressed           
200004ec  enter                          
000025c9  exit                           
20000493  freq_flag                      
20000491  frequency_opt                  
0000210f  ftoa                           
20000000  g_pfnRAMVectors                
00000000  g_pfnVectors                   
2000049c  g_ui32Flags                    
00001c29  initADC                        
000018e1  initLCD                        
00001f91  initMux                        
00001df9  initPWM                        
00002015  initTimer                      
200004b0  int2str_duration               
00002459  itoa                           
200004a0  loggingCounter                 
20000498  loggingDuration                
2000046c  loggingFreq                    
20000497  logging_pressed                
0000026d  main                           
20000510  main_func_sp                   
2000051c  measure_mode                   
00001cc5  memcpy                         
0000209d  memset                         
00001b6d  modeChange                     
20000490  mode_level                     
20000518  numTick                        
2000051d  pb_mode                        
200004f4  plusminusmap                   
00002b43  printLCD                       
00002d55  printSpecialChar               
00002a39  pulseLCD                       
000027f9  sendByte                       
00002d2f  setBlockCursorLCD              
00002c51  setCmd                         
000029b3  setCursorPositionLCD           
00002c61  setData                        
00000f15  setDiaplyValue                 
00000b85  setModeDisplay                 
00001d61  setPWM                         
200004fc  set_cursor_duration            
20000502  set_duration                   
00002b9d  strlen                         
20000514  test                           


GLOBAL SYMBOLS: SORTED BY Symbol Address 

address   name                           
-------   ----                           
00000000  __TI_static_base__             
00000000  g_pfnVectors                   
00000200  __STACK_SIZE                   
0000026d  main                           
00000999  UARTvprintf                    
00000b85  setModeDisplay                 
00000d5f  __aeabi_dsub                   
00000d69  __aeabi_dadd                   
00000f15  setDiaplyValue                 
0000107d  __aeabi_ddiv                   
000011b3  GPIOPadConfigSet               
000012e5  SetGain                        
0000140d  SysCtlClockGet                 
0000151d  __aeabi_dmul                   
00001619  SysCtlClockSet                 
0000170d  InitConsole                    
000017fd  SW1_IntHandler                 
000018e1  initLCD                        
000019c5  convertADC2range               
00001aa1  SetMuxDCAC                     
00001b6d  modeChange                     
00001c29  initADC                        
00001cc5  __aeabi_memcpy                 
00001cc5  __aeabi_memcpy4                
00001cc5  __aeabi_memcpy8                
00001cc5  memcpy                         
00001d61  setPWM                         
00001df9  initPWM                        
00001e85  __aeabi_cdcmpeq                
00001e85  __aeabi_cdcmple                
00001f0b  __aeabi_cdrcmple               
00001f91  initMux                        
00002015  initTimer                      
00002095  __aeabi_memclr                 
00002095  __aeabi_memclr4                
00002095  __aeabi_memclr8                
00002097  __aeabi_memset                 
00002097  __aeabi_memset4                
00002097  __aeabi_memset8                
0000209d  memset                         
0000210f  ftoa                           
00002181  __TI_auto_init                 
000021f1  __aeabi_d2f                    
00002261  IntEnable                      
000022c9  UARTIntHandler                 
00002331  __TI_decompress_lzss           
00002399  TimerConfigure                 
000023f9  UARTStdioConfig                
00002459  itoa                           
000024b9  SetADCSwitch                   
00002511  GPIOIntTypeSet                 
00002567  __aeabi_idiv0                  
00002569  _c_int00                       
000025bd  C$$EXIT                        
000025c1  abort                          
000025c9  exit                           
00002611  copy_in                        
0000265d  GPIOPinConfigure               
000026a5  UARTwrite                      
000026ed  __aeabi_d2iz                   
00002779  ReadADC                        
000027b9  __aeabi_uidiv                  
000027b9  __aeabi_uidivmod               
000027f9  sendByte                       
00002839  SSIConfigSetExpClk             
00002875  SysCtlPeripheralReady          
000028ad  __aeabi_f2d                    
000028e5  IntRegister                    
00002919  SysCtlPeripheralEnable         
0000294d  Timer0IntHandler               
00002981  buildChar                      
000029b3  setCursorPositionLCD           
000029e1  SetInputRelay                  
00002a0d  GPIODirModeSet                 
00002a37  __mpu_init                     
00002a39  pulseLCD                       
00002a61  PWMGenConfigure                
00002a83  __aeabi_ui2d                   
00002aa3  PWMPulseWidthSet               
00002ac1  WriteADC                       
00002add  clearLCD                       
00002af9  UARTprintf                     
00002b13  GPIOIntRegister                
00002b2b  GPIOPinTypeGPIOOutput          
00002b43  printLCD                       
00002b5b  _system_post_cinit             
00002b5d  _args_main                     
00002b75  SysCtlPWMClockSet              
00002b89  _register_unlock               
00002b8f  _register_lock                 
00002b97  _nop                           
00002b9d  strlen                         
00002bb1  GPIOPinTypeGPIOInput           
00002bc3  GPIOPinTypePWM                 
00002bd5  GPIOPinTypeSSI                 
00002be7  GPIOPinTypeUART                
00002bf9  PWMOutputState                 
00002c0b  SSIDataGetNonBlocking          
00002c1d  TimerLoadSet                   
00002c2f  IntMasterEnable                
00002c3f  PWMGenPeriodSet                
00002c51  setCmd                         
00002c61  setData                        
00002c71  GPIOIntDisable                 
00002c7f  GPIOIntStatus                  
00002c8d  TimerEnable                    
00002c9b  UARTCharGetNonBlocking         
00002ca9  UARTCharPutNonBlocking         
00002cb7  UARTCharsAvail                 
00002cc5  __TI_decompress_none           
00002cd3  CPUcpsie                       
00002cdf  GPIOIntEnable                  
00002ceb  PWMGenEnable                   
00002cf7  __TI_zero_init                 
00002d03  SSIDataPut                     
00002d0d  SSIEnable                      
00002d17  SSIBusy                        
00002d1f  TimerIntEnable                 
00002d27  cursorOffLCD                   
00002d2f  setBlockCursorLCD              
00002d37  GPIOIntClear                   
00002d3d  GPIOPinWrite                   
00002d43  ResetISR                       
00002d49  SysCtlDelay                    
00002d4f  UARTClockSourceSet             
00002d55  printSpecialChar               
00002d5b  _system_pre_init               
000030e4  __TI_Handler_Table_Base        
000030f0  __TI_Handler_Table_Limit       
00003100  __TI_CINIT_Base                
00003118  __TI_CINIT_Limit               
20000000  g_pfnRAMVectors                
2000026c  __stack                        
2000046c  __STACK_END                    
2000046c  __STACK_TOP                    
2000046c  loggingFreq                    
20000490  mode_level                     
20000491  frequency_opt                  
20000492  brightness_opt                 
20000493  freq_flag                      
20000494  cursor_pos                     
20000495  duration_red_pressed           
20000496  duration_green_pressed         
20000497  logging_pressed                
20000498  loggingDuration                
2000049c  g_ui32Flags                    
200004a0  loggingCounter                 
200004a1  counter                        
200004a4  __TI_cleanup_ptr               
200004a8  __TI_dtors_ptr                 
200004ac  __TI_enable_exit_profile_output
200004b0  int2str_duration               
200004bc  _lock                          
200004c0  _unlock                        
200004c4  BrightnessLV1                  
200004cc  BrightnessLV2                  
200004d4  BrightnessLV3                  
200004dc  BrightnessLV4                  
200004e4  BrightnessLV5                  
200004ec  enter                          
200004f4  plusminusmap                   
200004fc  set_cursor_duration            
20000502  set_duration                   
20000510  main_func_sp                   
20000514  test                           
20000518  numTick                        
2000051c  measure_mode                   
2000051d  pb_mode                        
ffffffff  __TI_pprof_out_hndl            
ffffffff  __TI_prof_data_size            
ffffffff  __TI_prof_data_start           
ffffffff  __binit__                      
ffffffff  __c_args__                     
ffffffff  binit                          
UNDEFED   SHT$$INIT_ARRAY$$Base          
UNDEFED   SHT$$INIT_ARRAY$$Limit         

[176 symbols]
