******************************************************************************
                  TI ARM Linker Unix v16.9.1                   
******************************************************************************
>> Linked Thu May 25 14:32:52 2017

OUTPUT FILE NAME:   <hello.out>
ENTRY POINT SYMBOL: "_c_int00"  address: 0000243d


MEMORY CONFIGURATION

         name            origin    length      used     unused   attr    fill
----------------------  --------  ---------  --------  --------  ----  --------
  FLASH                 00000000   00040000  0000316e  0003ce92  R  X
  SRAM                  20000000   00008000  00000586  00007a7a  RW X


SEGMENT ALLOCATION MAP

run origin  load origin   length   init length attrs members
----------  ----------- ---------- ----------- ----- -------
00000000    00000000    00003170   00003170    r-x
  00000000    00000000    0000026c   0000026c    r-- .intvecs
  0000026c    0000026c    00002b4e   00002b4e    r-x .text
  00002dbc    00002dbc    0000031c   0000031c    r-- .const
  000030d8    000030d8    00000098   00000098    r-- .cinit
20000000    20000000    00000586   00000000    rw-
  20000000    20000000    0000026c   00000000    rw- .vtable
  2000026c    2000026c    00000200   00000000    rw- .stack
  2000046c    2000046c    00000114   00000000    rw- .data
  20000580    20000580    00000006   00000000    rw- .bss


SECTION ALLOCATION MAP

 output                                  attributes/
section   page    origin      length       input sections
--------  ----  ----------  ----------   ----------------
.intvecs   0    00000000    0000026c     
                  00000000    0000026c     startup_ccs.obj (.intvecs)

.text      0    0000026c    00002b4e     
                  0000026c    000007fc     hello.obj (.text:main)
                  00000a68    000001ea     uartstdio.obj (.text:UARTvprintf)
                  00000c52    00000002     startup_ccs.obj (.text:FaultISR)
                  00000c54    000001d9     display.obj (.text:setModeDisplay)
                  00000e2d    00000001     --HOLE-- [fill = 0]
                  00000e2e    000001b6     rtsv7M4_T_le_v4SPD16_eabi.lib : fd_add_t2.obj (.text)
                  00000fe4    00000168     display.obj (.text:setDiaplyValue)
                  0000114c    00000136     rtsv7M4_T_le_v4SPD16_eabi.lib : fd_div_t2.obj (.text)
                  00001282    00000132     driverlib.lib : gpio.obj (.text:GPIOPadConfigSet)
                  000013b4    00000110                   : sysctl.obj (.text:SysCtlClockGet)
                  000014c4    000000fc     rtsv7M4_T_le_v4SPD16_eabi.lib : fd_mul_t2.obj (.text)
                  000015c0    000000f4     driverlib.lib : sysctl.obj (.text:SysCtlClockSet)
                  000016b4    000000e4     hello.obj (.text:SW1_IntHandler)
                  00001798    000000e4     display.obj (.text:initLCD)
                  0000187c    000000dc     ADC.obj (.text:convertADC2range)
                  00001958    000000bc     hello.obj (.text:modeChange)
                  00001a14    0000009c     ADC.obj (.text:initADC)
                  00001ab0    0000009c     rtsv7M4_T_le_v4SPD16_eabi.lib : memcpy_t2.obj (.text)
                  00001b4c    00000098     mypwm.obj (.text:setPWM)
                  00001be4    0000008c     mypwm.obj (.text:initPWM)
                  00001c70    00000086     rtsv7M4_T_le_v4SPD16_eabi.lib : fd_cmp_t2.obj (.text:__aeabi_cdcmple)
                  00001cf6    00000086                                   : fd_cmp_t2.obj (.text:__aeabi_cdrcmple)
                  00001d7c    00000084     switchgain.obj (.text:initMux)
                  00001e00    00000080     hello.obj (.text:initTimer)
                  00001e80    0000007a     rtsv7M4_T_le_v4SPD16_eabi.lib : memset_t2.obj (.text)
                  00001efa    00000002     startup_ccs.obj (.text:IntDefaultHandler)
                  00001efc    00000074     uart.obj (.text:initUART1)
                  00001f70    00000070     display.obj (.text:ftoa)
                  00001fe0    00000070     uart.obj (.text:initUART0)
                  00002050    00000070     rtsv7M4_T_le_v4SPD16_eabi.lib : autoinit.obj (.text)
                  000020c0    0000006e                                   : fd_tos_t2.obj (.text)
                  0000212e    00000002     startup_ccs.obj (.text:NmiSR)
                  00002130    0000006a     uart.obj (.text:UARTSendMeasurement)
                  0000219a    00000002     rtsv7M4_T_le_v4SPD16_eabi.lib : i_div0.obj (.text)
                  0000219c    00000068     driverlib.lib : interrupt.obj (.text:IntEnable)
                  00002204    00000068     rtsv7M4_T_le_v4SPD16_eabi.lib : copy_decompress_lzss.obj (.text:decompress:lzss)
                  0000226c    00000060     driverlib.lib : timer.obj (.text:TimerConfigure)
                  000022cc    00000060     uartstdio.obj (.text:UARTStdioConfig)
                  0000232c    00000060     display.obj (.text:itoa)
                  0000238c    00000058     switchgain.obj (.text:SetADCSwitch)
                  000023e4    00000056     driverlib.lib : gpio.obj (.text:GPIOIntTypeSet)
                  0000243a    00000002     rtsv7M4_T_le_v4SPD16_eabi.lib : mpu_init.obj (.text)
                  0000243c    00000054                                   : boot.obj (.text)
                  00002490    00000054                                   : exit.obj (.text)
                  000024e4    00000050     switchgain.obj (.text:SetMuxDCAC)
                  00002534    0000004c     switchgain.obj (.text:SetGain)
                  00002580    0000004c     rtsv7M4_T_le_v4SPD16_eabi.lib : cpy_tbl.obj (.text)
                  000025cc    00000048     driverlib.lib : gpio.obj (.text:GPIOPinConfigure)
                  00002614    00000048     uartstdio.obj (.text:UARTwrite)
                  0000265c    00000048     led.obj (.text:initLED)
                  000026a4    00000048     rtsv7M4_T_le_v4SPD16_eabi.lib : fd_toi_t2.obj (.text)
                  000026ec    00000044     driverlib.lib : gpio.obj (.text:_GPIOIntNumberGet)
                  00002730    00000040     ADC.obj (.text:ReadADC)
                  00002770    00000040     hello.obj (.text:Timer0IntHandler)
                  000027b0    00000040     uart.obj (.text:UART1IntHandler)
                  000027f0    00000040     rtsv7M4_T_le_v4SPD16_eabi.lib : u_divt2.obj (.text)
                  00002830    00000040     display.obj (.text:sendByte)
                  00002870    0000003c     driverlib.lib : ssi.obj (.text:SSIConfigSetExpClk)
                  000028ac    0000003c     uart.obj (.text:UARTIntHandler)
                  000028e8    00000038     rtsv7M4_T_le_v4SPD16_eabi.lib : fs_tod_t2.obj (.text)
                  00002920    00000034     driverlib.lib : interrupt.obj (.text:IntRegister)
                  00002954    00000034                   : sysctl.obj (.text:SysCtlPeripheralEnable)
                  00002988    00000032     display.obj (.text:buildChar)
                  000029ba    0000002e     display.obj (.text:setCursorPositionLCD)
                  000029e8    0000002c     switchgain.obj (.text:SetInputRelay)
                  00002a14    0000002c     uart.obj (.text:UARTSend)
                  00002a40    0000002a     driverlib.lib : gpio.obj (.text:GPIODirModeSet)
                  00002a6a    00000002     rtsv7M4_T_le_v4SPD16_eabi.lib : startup.obj (.text)
                  00002a6c    00000028     display.obj (.text:pulseLCD)
                  00002a94    00000022     driverlib.lib : pwm.obj (.text:PWMGenConfigure)
                  00002ab6    00000020     rtsv7M4_T_le_v4SPD16_eabi.lib : u_tofd_t2.obj (.text)
                  00002ad6    0000001e     driverlib.lib : pwm.obj (.text:PWMPulseWidthSet)
                  00002af4    0000001e     rtsv7M4_T_le_v4SPD16_eabi.lib : strcat.obj (.text)
                  00002b12    00000002     --HOLE-- [fill = 0]
                  00002b14    0000001c     ADC.obj (.text:WriteADC)
                  00002b30    0000001c     display.obj (.text:clearLCD)
                  00002b4c    0000001a     uartstdio.obj (.text:UARTprintf)
                  00002b66    00000018     driverlib.lib : gpio.obj (.text:GPIOIntRegister)
                  00002b7e    00000018                   : gpio.obj (.text:GPIOPinTypeGPIOOutput)
                  00002b96    00000018     display.obj (.text:printLCD)
                  00002bae    00000002     --HOLE-- [fill = 0]
                  00002bb0    00000018     rtsv7M4_T_le_v4SPD16_eabi.lib : args_main.obj (.text)
                  00002bc8    00000014     driverlib.lib : sysctl.obj (.text:SysCtlPWMClockSet)
                  00002bdc    00000014     rtsv7M4_T_le_v4SPD16_eabi.lib : _lock.obj (.text)
                  00002bf0    00000014                                   : strlen.obj (.text)
                  00002c04    00000012     driverlib.lib : gpio.obj (.text:GPIOPinTypeGPIOInput)
                  00002c16    00000012                   : gpio.obj (.text:GPIOPinTypePWM)
                  00002c28    00000012                   : gpio.obj (.text:GPIOPinTypeSSI)
                  00002c3a    00000012                   : gpio.obj (.text:GPIOPinTypeUART)
                  00002c4c    00000012                   : pwm.obj (.text:PWMOutputState)
                  00002c5e    00000012                   : ssi.obj (.text:SSIDataGetNonBlocking)
                  00002c70    00000012                   : timer.obj (.text:TimerLoadSet)
                  00002c82    00000010                   : interrupt.obj (.text:IntMasterEnable)
                  00002c92    00000010                   : pwm.obj (.text:PWMGenPeriodSet)
                  00002ca2    00000002     --HOLE-- [fill = 0]
                  00002ca4    00000010     display.obj (.text:setCmd)
                  00002cb4    00000010     display.obj (.text:setData)
                  00002cc4    0000000e     driverlib.lib : gpio.obj (.text:GPIOIntDisable)
                  00002cd2    0000000e                   : gpio.obj (.text:GPIOIntStatus)
                  00002ce0    0000000e                   : timer.obj (.text:TimerEnable)
                  00002cee    0000000e                   : uart.obj (.text:UARTCharGetNonBlocking)
                  00002cfc    0000000e                   : uart.obj (.text:UARTCharPutNonBlocking)
                  00002d0a    0000000e                   : uart.obj (.text:UARTCharsAvail)
                  00002d18    0000000e     rtsv7M4_T_le_v4SPD16_eabi.lib : copy_decompress_none.obj (.text:decompress:none)
                  00002d26    0000000c     driverlib.lib : cpu.obj (.text:CPUcpsie)
                  00002d32    0000000c                   : gpio.obj (.text:GPIOIntEnable)
                  00002d3e    0000000c                   : pwm.obj (.text:PWMGenEnable)
                  00002d4a    0000000c     rtsv7M4_T_le_v4SPD16_eabi.lib : copy_zero_init.obj (.text:decompress:ZI)
                  00002d56    0000000a     driverlib.lib : ssi.obj (.text:SSIDataPut)
                  00002d60    0000000a                   : ssi.obj (.text:SSIEnable)
                  00002d6a    00000008                   : ssi.obj (.text:SSIBusy)
                  00002d72    00000008                   : timer.obj (.text:TimerIntEnable)
                  00002d7a    00000008                   : uart.obj (.text:UARTIntEnable)
                  00002d82    00000008     display.obj (.text:cursorOffLCD)
                  00002d8a    00000008     display.obj (.text:setBlockCursorLCD)
                  00002d92    00000006     driverlib.lib : gpio.obj (.text:GPIOIntClear)
                  00002d98    00000006                   : gpio.obj (.text:GPIOPinWrite)
                  00002d9e    00000006     startup_ccs.obj (.text:ResetISR)
                  00002da4    00000006     driverlib.lib : sysctl.obj (.text:SysCtlDelay)
                  00002daa    00000006                   : uart.obj (.text:UARTClockSourceSet)
                  00002db0    00000006     display.obj (.text:printSpecialChar)
                  00002db6    00000004     rtsv7M4_T_le_v4SPD16_eabi.lib : pre_init.obj (.text)

.const     0    00002dbc    0000031c     
                  00002dbc    000000d8     driverlib.lib : gpio.obj (.const:g_ppui32GPIOIntMapSnowflake)
                  00002e94    000000c0                   : gpio.obj (.const:g_ppui32GPIOIntMapBlizzard)
                  00002f54    00000090                   : gpio.obj (.const:g_pui32GPIOBaseAddrs)
                  00002fe4    00000070                   : interrupt.obj (.const)
                  00003054    0000006c                   : sysctl.obj (.const:g_pui32Xtals)
                  000030c0    0000000c     uartstdio.obj (.const:g_ui32UARTBase)
                  000030cc    0000000c     uartstdio.obj (.const:g_ui32UARTPeriph)

.cinit     0    000030d8    00000098     
                  000030d8    00000062     (.cinit..data.load) [load image, compression = lzss]
                  0000313a    00000002     --HOLE-- [fill = 0]
                  0000313c    0000000c     (__TI_handler_table)
                  00003148    00000008     (.cinit..bss.load) [load image, compression = zero_init]
                  00003150    00000008     (.cinit..vtable.load) [load image, compression = zero_init]
                  00003158    00000018     (__TI_cinit_table)

.init_array 
*          0    00000000    00000000     UNINITIALIZED

.vtable    0    20000000    0000026c     UNINITIALIZED
                  20000000    0000026c     driverlib.lib : interrupt.obj (.vtable)

.data      0    2000046c    00000114     UNINITIALIZED
                  2000046c    00000064     hello.obj (.data:loggingDurationString)
                  200004d0    00000024     hello.obj (.data:loggingFreq)
                  200004f4    00000017     hello.obj (.data)
                  2000050b    00000001     --HOLE--
                  2000050c    0000000c     rtsv7M4_T_le_v4SPD16_eabi.lib : exit.obj (.data:$O1$$)
                  20000518    0000000a     hello.obj (.data:int2str_duration)
                  20000522    00000002     --HOLE--
                  20000524    00000008     rtsv7M4_T_le_v4SPD16_eabi.lib : _lock.obj (.data:$O1$$)
                  2000052c    00000008     display.obj (.data:BrightnessLV1)
                  20000534    00000008     display.obj (.data:BrightnessLV2)
                  2000053c    00000008     display.obj (.data:BrightnessLV3)
                  20000544    00000008     display.obj (.data:BrightnessLV4)
                  2000054c    00000008     display.obj (.data:BrightnessLV5)
                  20000554    00000008     display.obj (.data:enter)
                  2000055c    00000008     display.obj (.data:plusminusmap)
                  20000564    00000006     hello.obj (.data:set_cursor_duration)
                  2000056a    00000005     hello.obj (.data:brightness_opt_str)
                  2000056f    00000005     hello.obj (.data:set_duration)
                  20000574    00000005     uartstdio.obj (.data)
                  20000579    00000003     --HOLE--
                  2000057c    00000004     rtsv7M4_T_le_v4SPD16_eabi.lib : stkdepth_vars.obj (.data)

.bss       0    20000580    00000006     UNINITIALIZED
                  20000580    00000004     (.common:numTick)
                  20000584    00000001     (.common:measure_mode)
                  20000585    00000001     (.common:pb_mode)

.stack     0    2000026c    00000200     UNINITIALIZED
                  2000026c    00000200     --HOLE--

MODULE SUMMARY

       Module                     code    ro data   rw data
       ------                     ----    -------   -------
    ./
       hello.obj                  2652    0         191    
       startup_ccs.obj            12      620       0      
    +--+--------------------------+-------+---------+---------+
       Total:                     2664    620       191    
                                                           
    ./mylib/
       display.obj                1575    0         56     
       uart.obj                   502     0         0      
       ADC.obj                    468     0         0      
       switchgain.obj             420     0         0      
       mypwm.obj                  292     0         0      
       led.obj                    72      0         0      
    +--+--------------------------+-------+---------+---------+
       Total:                     3329    0         56     
                                                           
    ./utils/
       uartstdio.obj              684     24        5      
    +--+--------------------------+-------+---------+---------+
       Total:                     684     24        5      
                                                           
    /Applications/ti/TivaWare_C_Series-2.1.4.178/driverlib/ccs/Debug/driverlib.lib
       gpio.obj                   746     552       0      
       interrupt.obj              172     112       620    
       sysctl.obj                 594     108       0      
       timer.obj                  136     0         0      
       pwm.obj                    110     0         0      
       ssi.obj                    106     0         0      
       uart.obj                   56      0         0      
       cpu.obj                    12      0         0      
    +--+--------------------------+-------+---------+---------+
       Total:                     1932    772       620    
                                                           
    /Applications/ti/ccsv7/tools/compiler/ti-cgt-arm_16.9.1.LTS/lib/rtsv7M4_T_le_v4SPD16_eabi.lib
       fd_add_t2.obj              438     0         0      
       fd_div_t2.obj              310     0         0      
       fd_cmp_t2.obj              268     0         0      
       fd_mul_t2.obj              252     0         0      
       memcpy_t2.obj              156     0         0      
       memset_t2.obj              122     0         0      
       autoinit.obj               112     0         0      
       fd_tos_t2.obj              110     0         0      
       copy_decompress_lzss.obj   104     0         0      
       exit.obj                   84      0         12     
       boot.obj                   84      0         0      
       cpy_tbl.obj                76      0         0      
       fd_toi_t2.obj              72      0         0      
       u_divt2.obj                64      0         0      
       fs_tod_t2.obj              56      0         0      
       u_tofd_t2.obj              32      0         0      
       strcat.obj                 30      0         0      
       _lock.obj                  20      0         8      
       args_main.obj              24      0         0      
       strlen.obj                 20      0         0      
       copy_decompress_none.obj   14      0         0      
       copy_zero_init.obj         12      0         0      
       pre_init.obj               4       0         0      
       stkdepth_vars.obj          0       0         4      
       i_div0.obj                 2       0         0      
       mpu_init.obj               2       0         0      
       startup.obj                2       0         0      
    +--+--------------------------+-------+---------+---------+
       Total:                     2470    0         24     
                                                           
       Stack:                     0       0         512    
       Linker Generated:          0       150       0      
    +--+--------------------------+-------+---------+---------+
       Grand Total:               11079   1566      1408   


LINKER GENERATED COPY TABLES

__TI_cinit_table @ 00003158 records: 3, size/record: 8, table size: 24
	.data: load addr=000030d8, load size=00000062 bytes, run addr=2000046c, run size=00000114 bytes, compression=lzss
	.bss: load addr=00003148, load size=00000008 bytes, run addr=20000580, run size=00000006 bytes, compression=zero_init
	.vtable: load addr=00003150, load size=00000008 bytes, run addr=20000000, run size=0000026c bytes, compression=zero_init


LINKER GENERATED HANDLER TABLE

__TI_handler_table @ 0000313c records: 3, size/record: 4, table size: 12
	index: 0, handler: __TI_zero_init
	index: 1, handler: __TI_decompress_lzss
	index: 2, handler: __TI_decompress_none


GLOBAL SYMBOLS: SORTED ALPHABETICALLY BY Name 

address   name                           
-------   ----                           
2000052c  BrightnessLV1                  
20000534  BrightnessLV2                  
2000053c  BrightnessLV3                  
20000544  BrightnessLV4                  
2000054c  BrightnessLV5                  
00002491  C$$EXIT                        
00002d27  CPUcpsie                       
00002a41  GPIODirModeSet                 
00002d93  GPIOIntClear                   
00002cc5  GPIOIntDisable                 
00002d33  GPIOIntEnable                  
00002b67  GPIOIntRegister                
00002cd3  GPIOIntStatus                  
000023e5  GPIOIntTypeSet                 
00001283  GPIOPadConfigSet               
000025cd  GPIOPinConfigure               
00002c05  GPIOPinTypeGPIOInput           
00002b7f  GPIOPinTypeGPIOOutput          
00002c17  GPIOPinTypePWM                 
00002c29  GPIOPinTypeSSI                 
00002c3b  GPIOPinTypeUART                
00002d99  GPIOPinWrite                   
0000219d  IntEnable                      
00002c83  IntMasterEnable                
00002921  IntRegister                    
2000050a  LED2Counter                    
00002a95  PWMGenConfigure                
00002d3f  PWMGenEnable                   
00002c93  PWMGenPeriodSet                
00002c4d  PWMOutputState                 
00002ad7  PWMPulseWidthSet               
00002731  ReadADC                        
00002d9f  ResetISR                       
UNDEFED   SHT$$INIT_ARRAY$$Base          
UNDEFED   SHT$$INIT_ARRAY$$Limit         
00002d6b  SSIBusy                        
00002871  SSIConfigSetExpClk             
00002c5f  SSIDataGetNonBlocking          
00002d57  SSIDataPut                     
00002d61  SSIEnable                      
000016b5  SW1_IntHandler                 
0000238d  SetADCSwitch                   
00002535  SetGain                        
000029e9  SetInputRelay                  
000024e5  SetMuxDCAC                     
000013b5  SysCtlClockGet                 
000015c1  SysCtlClockSet                 
00002da5  SysCtlDelay                    
00002bc9  SysCtlPWMClockSet              
00002955  SysCtlPeripheralEnable         
00002771  Timer0IntHandler               
0000226d  TimerConfigure                 
00002ce1  TimerEnable                    
00002d73  TimerIntEnable                 
00002c71  TimerLoadSet                   
20000504  ToggleLED2                     
000027b1  UART1IntHandler                
00002cef  UARTCharGetNonBlocking         
00002cfd  UARTCharPutNonBlocking         
00002d0b  UARTCharsAvail                 
00002dab  UARTClockSourceSet             
00002d7b  UARTIntEnable                  
000028ad  UARTIntHandler                 
00002a15  UARTSend                       
00002131  UARTSendMeasurement            
000022cd  UARTStdioConfig                
00002b4d  UARTprintf                     
00000a69  UARTvprintf                    
00002615  UARTwrite                      
00002b15  WriteADC                       
2000046c  __STACK_END                    
00000200  __STACK_SIZE                   
2000046c  __STACK_TOP                    
00003158  __TI_CINIT_Base                
00003170  __TI_CINIT_Limit               
0000313c  __TI_Handler_Table_Base        
00003148  __TI_Handler_Table_Limit       
00002051  __TI_auto_init                 
2000050c  __TI_cleanup_ptr               
00002205  __TI_decompress_lzss           
00002d19  __TI_decompress_none           
20000510  __TI_dtors_ptr                 
20000514  __TI_enable_exit_profile_output
ffffffff  __TI_pprof_out_hndl            
ffffffff  __TI_prof_data_size            
ffffffff  __TI_prof_data_start           
00000000  __TI_static_base__             
00002d4b  __TI_zero_init                 
00001c71  __aeabi_cdcmpeq                
00001c71  __aeabi_cdcmple                
00001cf7  __aeabi_cdrcmple               
000020c1  __aeabi_d2f                    
000026a5  __aeabi_d2iz                   
00000e39  __aeabi_dadd                   
0000114d  __aeabi_ddiv                   
000014c5  __aeabi_dmul                   
00000e2f  __aeabi_dsub                   
000028e9  __aeabi_f2d                    
0000219b  __aeabi_idiv0                  
00001e81  __aeabi_memclr                 
00001e81  __aeabi_memclr4                
00001e81  __aeabi_memclr8                
00001ab1  __aeabi_memcpy                 
00001ab1  __aeabi_memcpy4                
00001ab1  __aeabi_memcpy8                
00001e83  __aeabi_memset                 
00001e83  __aeabi_memset4                
00001e83  __aeabi_memset8                
00002ab7  __aeabi_ui2d                   
000027f1  __aeabi_uidiv                  
000027f1  __aeabi_uidivmod               
ffffffff  __binit__                      
ffffffff  __c_args__                     
0000243b  __mpu_init                     
2000026c  __stack                        
00002bb1  _args_main                     
0000243d  _c_int00                       
20000524  _lock                          
00002beb  _nop                           
00002be3  _register_lock                 
00002bdd  _register_unlock               
00002a6b  _system_post_cinit             
00002db7  _system_pre_init               
20000528  _unlock                        
00002495  abort                          
ffffffff  binit                          
200004f6  brightness_opt                 
2000056a  brightness_opt_str             
00002989  buildChar                      
00002b31  clearLCD                       
0000187d  convertADC2range               
00002581  copy_in                        
20000509  counter                        
00002d83  cursorOffLCD                   
200004f8  cursor_pos                     
200004fa  duration_green_pressed         
200004f9  duration_red_pressed           
20000554  enter                          
0000249d  exit                           
200004f7  freq_flag                      
200004f5  frequency_opt                  
00001f71  ftoa                           
20000000  g_pfnRAMVectors                
00000000  g_pfnVectors                   
20000500  g_ui32Flags                    
00001a15  initADC                        
00001799  initLCD                        
0000265d  initLED                        
00001d7d  initMux                        
00001be5  initPWM                        
00001e01  initTimer                      
00001fe1  initUART0                      
00001efd  initUART1                      
20000518  int2str_duration               
0000232d  itoa                           
20000508  loggingCounter                 
200004fc  loggingDuration                
2000046c  loggingDurationString          
200004d0  loggingFreq                    
200004fb  logging_pressed                
0000026d  main                           
2000057c  main_func_sp                   
20000584  measure_mode                   
00001ab1  memcpy                         
00001e89  memset                         
00001959  modeChange                     
200004f4  mode_level                     
20000580  numTick                        
20000585  pb_mode                        
2000055c  plusminusmap                   
00002b97  printLCD                       
00002db1  printSpecialChar               
00002a6d  pulseLCD                       
00002831  sendByte                       
00002d8b  setBlockCursorLCD              
00002ca5  setCmd                         
000029bb  setCursorPositionLCD           
00002cb5  setData                        
00000fe5  setDiaplyValue                 
00000c55  setModeDisplay                 
00001b4d  setPWM                         
20000564  set_cursor_duration            
2000056f  set_duration                   
00002af5  strcat                         
00002bf1  strlen                         


GLOBAL SYMBOLS: SORTED BY Symbol Address 

address   name                           
-------   ----                           
00000000  __TI_static_base__             
00000000  g_pfnVectors                   
00000200  __STACK_SIZE                   
0000026d  main                           
00000a69  UARTvprintf                    
00000c55  setModeDisplay                 
00000e2f  __aeabi_dsub                   
00000e39  __aeabi_dadd                   
00000fe5  setDiaplyValue                 
0000114d  __aeabi_ddiv                   
00001283  GPIOPadConfigSet               
000013b5  SysCtlClockGet                 
000014c5  __aeabi_dmul                   
000015c1  SysCtlClockSet                 
000016b5  SW1_IntHandler                 
00001799  initLCD                        
0000187d  convertADC2range               
00001959  modeChange                     
00001a15  initADC                        
00001ab1  __aeabi_memcpy                 
00001ab1  __aeabi_memcpy4                
00001ab1  __aeabi_memcpy8                
00001ab1  memcpy                         
00001b4d  setPWM                         
00001be5  initPWM                        
00001c71  __aeabi_cdcmpeq                
00001c71  __aeabi_cdcmple                
00001cf7  __aeabi_cdrcmple               
00001d7d  initMux                        
00001e01  initTimer                      
00001e81  __aeabi_memclr                 
00001e81  __aeabi_memclr4                
00001e81  __aeabi_memclr8                
00001e83  __aeabi_memset                 
00001e83  __aeabi_memset4                
00001e83  __aeabi_memset8                
00001e89  memset                         
00001efd  initUART1                      
00001f71  ftoa                           
00001fe1  initUART0                      
00002051  __TI_auto_init                 
000020c1  __aeabi_d2f                    
00002131  UARTSendMeasurement            
0000219b  __aeabi_idiv0                  
0000219d  IntEnable                      
00002205  __TI_decompress_lzss           
0000226d  TimerConfigure                 
000022cd  UARTStdioConfig                
0000232d  itoa                           
0000238d  SetADCSwitch                   
000023e5  GPIOIntTypeSet                 
0000243b  __mpu_init                     
0000243d  _c_int00                       
00002491  C$$EXIT                        
00002495  abort                          
0000249d  exit                           
000024e5  SetMuxDCAC                     
00002535  SetGain                        
00002581  copy_in                        
000025cd  GPIOPinConfigure               
00002615  UARTwrite                      
0000265d  initLED                        
000026a5  __aeabi_d2iz                   
00002731  ReadADC                        
00002771  Timer0IntHandler               
000027b1  UART1IntHandler                
000027f1  __aeabi_uidiv                  
000027f1  __aeabi_uidivmod               
00002831  sendByte                       
00002871  SSIConfigSetExpClk             
000028ad  UARTIntHandler                 
000028e9  __aeabi_f2d                    
00002921  IntRegister                    
00002955  SysCtlPeripheralEnable         
00002989  buildChar                      
000029bb  setCursorPositionLCD           
000029e9  SetInputRelay                  
00002a15  UARTSend                       
00002a41  GPIODirModeSet                 
00002a6b  _system_post_cinit             
00002a6d  pulseLCD                       
00002a95  PWMGenConfigure                
00002ab7  __aeabi_ui2d                   
00002ad7  PWMPulseWidthSet               
00002af5  strcat                         
00002b15  WriteADC                       
00002b31  clearLCD                       
00002b4d  UARTprintf                     
00002b67  GPIOIntRegister                
00002b7f  GPIOPinTypeGPIOOutput          
00002b97  printLCD                       
00002bb1  _args_main                     
00002bc9  SysCtlPWMClockSet              
00002bdd  _register_unlock               
00002be3  _register_lock                 
00002beb  _nop                           
00002bf1  strlen                         
00002c05  GPIOPinTypeGPIOInput           
00002c17  GPIOPinTypePWM                 
00002c29  GPIOPinTypeSSI                 
00002c3b  GPIOPinTypeUART                
00002c4d  PWMOutputState                 
00002c5f  SSIDataGetNonBlocking          
00002c71  TimerLoadSet                   
00002c83  IntMasterEnable                
00002c93  PWMGenPeriodSet                
00002ca5  setCmd                         
00002cb5  setData                        
00002cc5  GPIOIntDisable                 
00002cd3  GPIOIntStatus                  
00002ce1  TimerEnable                    
00002cef  UARTCharGetNonBlocking         
00002cfd  UARTCharPutNonBlocking         
00002d0b  UARTCharsAvail                 
00002d19  __TI_decompress_none           
00002d27  CPUcpsie                       
00002d33  GPIOIntEnable                  
00002d3f  PWMGenEnable                   
00002d4b  __TI_zero_init                 
00002d57  SSIDataPut                     
00002d61  SSIEnable                      
00002d6b  SSIBusy                        
00002d73  TimerIntEnable                 
00002d7b  UARTIntEnable                  
00002d83  cursorOffLCD                   
00002d8b  setBlockCursorLCD              
00002d93  GPIOIntClear                   
00002d99  GPIOPinWrite                   
00002d9f  ResetISR                       
00002da5  SysCtlDelay                    
00002dab  UARTClockSourceSet             
00002db1  printSpecialChar               
00002db7  _system_pre_init               
0000313c  __TI_Handler_Table_Base        
00003148  __TI_Handler_Table_Limit       
00003158  __TI_CINIT_Base                
00003170  __TI_CINIT_Limit               
20000000  g_pfnRAMVectors                
2000026c  __stack                        
2000046c  __STACK_END                    
2000046c  __STACK_TOP                    
2000046c  loggingDurationString          
200004d0  loggingFreq                    
200004f4  mode_level                     
200004f5  frequency_opt                  
200004f6  brightness_opt                 
200004f7  freq_flag                      
200004f8  cursor_pos                     
200004f9  duration_red_pressed           
200004fa  duration_green_pressed         
200004fb  logging_pressed                
200004fc  loggingDuration                
20000500  g_ui32Flags                    
20000504  ToggleLED2                     
20000508  loggingCounter                 
20000509  counter                        
2000050a  LED2Counter                    
2000050c  __TI_cleanup_ptr               
20000510  __TI_dtors_ptr                 
20000514  __TI_enable_exit_profile_output
20000518  int2str_duration               
20000524  _lock                          
20000528  _unlock                        
2000052c  BrightnessLV1                  
20000534  BrightnessLV2                  
2000053c  BrightnessLV3                  
20000544  BrightnessLV4                  
2000054c  BrightnessLV5                  
20000554  enter                          
2000055c  plusminusmap                   
20000564  set_cursor_duration            
2000056a  brightness_opt_str             
2000056f  set_duration                   
2000057c  main_func_sp                   
20000580  numTick                        
20000584  measure_mode                   
20000585  pb_mode                        
ffffffff  __TI_pprof_out_hndl            
ffffffff  __TI_prof_data_size            
ffffffff  __TI_prof_data_start           
ffffffff  __binit__                      
ffffffff  __c_args__                     
ffffffff  binit                          
UNDEFED   SHT$$INIT_ARRAY$$Base          
UNDEFED   SHT$$INIT_ARRAY$$Limit         

[185 symbols]
