<?xml version="1.0"?>
<link_info>
   <banner>TI ARM Linker Unix v16.9.1.LTS</banner>
   <copyright>Copyright (c) 1996-2015 Texas Instruments Incorporated</copyright>
   <link_time>0x5927082e</link_time>
   <link_errors>0x0</link_errors>
   <output_file>hello.out</output_file>
   <entry_point>
      <name>_c_int00</name>
      <address>0x4ff1</address>
   </entry_point>
   <input_file_list>
      <input_file id="fl-2">
         <path>./</path>
         <kind>object</kind>
         <file>ff.obj</file>
         <name>ff.obj</name>
      </input_file>
      <input_file id="fl-3">
         <path>./</path>
         <kind>object</kind>
         <file>hello.obj</file>
         <name>hello.obj</name>
      </input_file>
      <input_file id="fl-4">
         <path>./</path>
         <kind>object</kind>
         <file>mmc-tm4c123g.obj</file>
         <name>mmc-tm4c123g.obj</name>
      </input_file>
      <input_file id="fl-5">
         <path>./</path>
         <kind>object</kind>
         <file>mySDcard.obj</file>
         <name>mySDcard.obj</name>
      </input_file>
      <input_file id="fl-6">
         <path>./</path>
         <kind>object</kind>
         <file>startup_ccs.obj</file>
         <name>startup_ccs.obj</name>
      </input_file>
      <input_file id="fl-7">
         <path>./mylib/</path>
         <kind>object</kind>
         <file>ADC.obj</file>
         <name>ADC.obj</name>
      </input_file>
      <input_file id="fl-8">
         <path>./mylib/</path>
         <kind>object</kind>
         <file>digitpot.obj</file>
         <name>digitpot.obj</name>
      </input_file>
      <input_file id="fl-9">
         <path>./mylib/</path>
         <kind>object</kind>
         <file>display.obj</file>
         <name>display.obj</name>
      </input_file>
      <input_file id="fl-a">
         <path>./mylib/</path>
         <kind>object</kind>
         <file>led.obj</file>
         <name>led.obj</name>
      </input_file>
      <input_file id="fl-b">
         <path>./mylib/</path>
         <kind>object</kind>
         <file>mypwm.obj</file>
         <name>mypwm.obj</name>
      </input_file>
      <input_file id="fl-c">
         <path>./mylib/</path>
         <kind>object</kind>
         <file>switchgain.obj</file>
         <name>switchgain.obj</name>
      </input_file>
      <input_file id="fl-d">
         <path>./mylib/</path>
         <kind>object</kind>
         <file>uart.obj</file>
         <name>uart.obj</name>
      </input_file>
      <input_file id="fl-e">
         <path>./utils/</path>
         <kind>object</kind>
         <file>cmdline.obj</file>
         <name>cmdline.obj</name>
      </input_file>
      <input_file id="fl-f">
         <path>./utils/</path>
         <kind>object</kind>
         <file>uartstdio.obj</file>
         <name>uartstdio.obj</name>
      </input_file>
      <input_file id="fl-ca">
         <path>/Applications/ti/ccsv7/tools/compiler/ti-cgt-arm_16.9.1.LTS/lib/</path>
         <kind>archive</kind>
         <file>rtsv7M4_T_le_v4SPD16_eabi.lib</file>
         <name>boot.obj</name>
      </input_file>
      <input_file id="fl-cb">
         <path>/Applications/ti/ccsv7/tools/compiler/ti-cgt-arm_16.9.1.LTS/lib/</path>
         <kind>archive</kind>
         <file>rtsv7M4_T_le_v4SPD16_eabi.lib</file>
         <name>copy_decompress_lzss.obj</name>
      </input_file>
      <input_file id="fl-cc">
         <path>/Applications/ti/ccsv7/tools/compiler/ti-cgt-arm_16.9.1.LTS/lib/</path>
         <kind>archive</kind>
         <file>rtsv7M4_T_le_v4SPD16_eabi.lib</file>
         <name>copy_decompress_none.obj</name>
      </input_file>
      <input_file id="fl-cd">
         <path>/Applications/ti/ccsv7/tools/compiler/ti-cgt-arm_16.9.1.LTS/lib/</path>
         <kind>archive</kind>
         <file>rtsv7M4_T_le_v4SPD16_eabi.lib</file>
         <name>copy_zero_init.obj</name>
      </input_file>
      <input_file id="fl-ce">
         <path>/Applications/ti/ccsv7/tools/compiler/ti-cgt-arm_16.9.1.LTS/lib/</path>
         <kind>archive</kind>
         <file>rtsv7M4_T_le_v4SPD16_eabi.lib</file>
         <name>exit.obj</name>
      </input_file>
      <input_file id="fl-cf">
         <path>/Applications/ti/ccsv7/tools/compiler/ti-cgt-arm_16.9.1.LTS/lib/</path>
         <kind>archive</kind>
         <file>rtsv7M4_T_le_v4SPD16_eabi.lib</file>
         <name>fd_add_t2.obj</name>
      </input_file>
      <input_file id="fl-d0">
         <path>/Applications/ti/ccsv7/tools/compiler/ti-cgt-arm_16.9.1.LTS/lib/</path>
         <kind>archive</kind>
         <file>rtsv7M4_T_le_v4SPD16_eabi.lib</file>
         <name>fd_cmp_t2.obj</name>
      </input_file>
      <input_file id="fl-d1">
         <path>/Applications/ti/ccsv7/tools/compiler/ti-cgt-arm_16.9.1.LTS/lib/</path>
         <kind>archive</kind>
         <file>rtsv7M4_T_le_v4SPD16_eabi.lib</file>
         <name>fd_div_t2.obj</name>
      </input_file>
      <input_file id="fl-d2">
         <path>/Applications/ti/ccsv7/tools/compiler/ti-cgt-arm_16.9.1.LTS/lib/</path>
         <kind>archive</kind>
         <file>rtsv7M4_T_le_v4SPD16_eabi.lib</file>
         <name>fd_mul_t2.obj</name>
      </input_file>
      <input_file id="fl-d3">
         <path>/Applications/ti/ccsv7/tools/compiler/ti-cgt-arm_16.9.1.LTS/lib/</path>
         <kind>archive</kind>
         <file>rtsv7M4_T_le_v4SPD16_eabi.lib</file>
         <name>fd_toi_t2.obj</name>
      </input_file>
      <input_file id="fl-d4">
         <path>/Applications/ti/ccsv7/tools/compiler/ti-cgt-arm_16.9.1.LTS/lib/</path>
         <kind>archive</kind>
         <file>rtsv7M4_T_le_v4SPD16_eabi.lib</file>
         <name>fd_tos_t2.obj</name>
      </input_file>
      <input_file id="fl-d5">
         <path>/Applications/ti/ccsv7/tools/compiler/ti-cgt-arm_16.9.1.LTS/lib/</path>
         <kind>archive</kind>
         <file>rtsv7M4_T_le_v4SPD16_eabi.lib</file>
         <name>fs_tod_t2.obj</name>
      </input_file>
      <input_file id="fl-d6">
         <path>/Applications/ti/ccsv7/tools/compiler/ti-cgt-arm_16.9.1.LTS/lib/</path>
         <kind>archive</kind>
         <file>rtsv7M4_T_le_v4SPD16_eabi.lib</file>
         <name>memcpy_t2.obj</name>
      </input_file>
      <input_file id="fl-d7">
         <path>/Applications/ti/ccsv7/tools/compiler/ti-cgt-arm_16.9.1.LTS/lib/</path>
         <kind>archive</kind>
         <file>rtsv7M4_T_le_v4SPD16_eabi.lib</file>
         <name>memset_t2.obj</name>
      </input_file>
      <input_file id="fl-d8">
         <path>/Applications/ti/ccsv7/tools/compiler/ti-cgt-arm_16.9.1.LTS/lib/</path>
         <kind>archive</kind>
         <file>rtsv7M4_T_le_v4SPD16_eabi.lib</file>
         <name>mpu_init.obj</name>
      </input_file>
      <input_file id="fl-d9">
         <path>/Applications/ti/ccsv7/tools/compiler/ti-cgt-arm_16.9.1.LTS/lib/</path>
         <kind>archive</kind>
         <file>rtsv7M4_T_le_v4SPD16_eabi.lib</file>
         <name>pre_init.obj</name>
      </input_file>
      <input_file id="fl-da">
         <path>/Applications/ti/ccsv7/tools/compiler/ti-cgt-arm_16.9.1.LTS/lib/</path>
         <kind>archive</kind>
         <file>rtsv7M4_T_le_v4SPD16_eabi.lib</file>
         <name>sprintf.obj</name>
      </input_file>
      <input_file id="fl-db">
         <path>/Applications/ti/ccsv7/tools/compiler/ti-cgt-arm_16.9.1.LTS/lib/</path>
         <kind>archive</kind>
         <file>rtsv7M4_T_le_v4SPD16_eabi.lib</file>
         <name>stkdepth_vars.obj</name>
      </input_file>
      <input_file id="fl-dc">
         <path>/Applications/ti/ccsv7/tools/compiler/ti-cgt-arm_16.9.1.LTS/lib/</path>
         <kind>archive</kind>
         <file>rtsv7M4_T_le_v4SPD16_eabi.lib</file>
         <name>strcat.obj</name>
      </input_file>
      <input_file id="fl-dd">
         <path>/Applications/ti/ccsv7/tools/compiler/ti-cgt-arm_16.9.1.LTS/lib/</path>
         <kind>archive</kind>
         <file>rtsv7M4_T_le_v4SPD16_eabi.lib</file>
         <name>strcmp.obj</name>
      </input_file>
      <input_file id="fl-de">
         <path>/Applications/ti/ccsv7/tools/compiler/ti-cgt-arm_16.9.1.LTS/lib/</path>
         <kind>archive</kind>
         <file>rtsv7M4_T_le_v4SPD16_eabi.lib</file>
         <name>strlen.obj</name>
      </input_file>
      <input_file id="fl-df">
         <path>/Applications/ti/ccsv7/tools/compiler/ti-cgt-arm_16.9.1.LTS/lib/</path>
         <kind>archive</kind>
         <file>rtsv7M4_T_le_v4SPD16_eabi.lib</file>
         <name>u_divt2.obj</name>
      </input_file>
      <input_file id="fl-e0">
         <path>/Applications/ti/ccsv7/tools/compiler/ti-cgt-arm_16.9.1.LTS/lib/</path>
         <kind>archive</kind>
         <file>rtsv7M4_T_le_v4SPD16_eabi.lib</file>
         <name>u_tofd_t2.obj</name>
      </input_file>
      <input_file id="fl-e1">
         <path>/Applications/ti/ccsv7/tools/compiler/ti-cgt-arm_16.9.1.LTS/lib/</path>
         <kind>archive</kind>
         <file>rtsv7M4_T_le_v4SPD16_eabi.lib</file>
         <name>_lock.obj</name>
      </input_file>
      <input_file id="fl-e2">
         <path>/Applications/ti/ccsv7/tools/compiler/ti-cgt-arm_16.9.1.LTS/lib/</path>
         <kind>archive</kind>
         <file>rtsv7M4_T_le_v4SPD16_eabi.lib</file>
         <name>_printfi.obj</name>
      </input_file>
      <input_file id="fl-e3">
         <path>/Applications/ti/ccsv7/tools/compiler/ti-cgt-arm_16.9.1.LTS/lib/</path>
         <kind>archive</kind>
         <file>rtsv7M4_T_le_v4SPD16_eabi.lib</file>
         <name>args_main.obj</name>
      </input_file>
      <input_file id="fl-e4">
         <path>/Applications/ti/ccsv7/tools/compiler/ti-cgt-arm_16.9.1.LTS/lib/</path>
         <kind>archive</kind>
         <file>rtsv7M4_T_le_v4SPD16_eabi.lib</file>
         <name>atoi.obj</name>
      </input_file>
      <input_file id="fl-e5">
         <path>/Applications/ti/ccsv7/tools/compiler/ti-cgt-arm_16.9.1.LTS/lib/</path>
         <kind>archive</kind>
         <file>rtsv7M4_T_le_v4SPD16_eabi.lib</file>
         <name>autoinit.obj</name>
      </input_file>
      <input_file id="fl-e6">
         <path>/Applications/ti/ccsv7/tools/compiler/ti-cgt-arm_16.9.1.LTS/lib/</path>
         <kind>archive</kind>
         <file>rtsv7M4_T_le_v4SPD16_eabi.lib</file>
         <name>cpy_tbl.obj</name>
      </input_file>
      <input_file id="fl-e7">
         <path>/Applications/ti/ccsv7/tools/compiler/ti-cgt-arm_16.9.1.LTS/lib/</path>
         <kind>archive</kind>
         <file>rtsv7M4_T_le_v4SPD16_eabi.lib</file>
         <name>ctype.obj</name>
      </input_file>
      <input_file id="fl-e8">
         <path>/Applications/ti/ccsv7/tools/compiler/ti-cgt-arm_16.9.1.LTS/lib/</path>
         <kind>archive</kind>
         <file>rtsv7M4_T_le_v4SPD16_eabi.lib</file>
         <name>i_div0.obj</name>
      </input_file>
      <input_file id="fl-e9">
         <path>/Applications/ti/ccsv7/tools/compiler/ti-cgt-arm_16.9.1.LTS/lib/</path>
         <kind>archive</kind>
         <file>rtsv7M4_T_le_v4SPD16_eabi.lib</file>
         <name>i_tofd_t2.obj</name>
      </input_file>
      <input_file id="fl-ea">
         <path>/Applications/ti/ccsv7/tools/compiler/ti-cgt-arm_16.9.1.LTS/lib/</path>
         <kind>archive</kind>
         <file>rtsv7M4_T_le_v4SPD16_eabi.lib</file>
         <name>ltoa.obj</name>
      </input_file>
      <input_file id="fl-eb">
         <path>/Applications/ti/ccsv7/tools/compiler/ti-cgt-arm_16.9.1.LTS/lib/</path>
         <kind>archive</kind>
         <file>rtsv7M4_T_le_v4SPD16_eabi.lib</file>
         <name>memccpy.obj</name>
      </input_file>
      <input_file id="fl-ec">
         <path>/Applications/ti/ccsv7/tools/compiler/ti-cgt-arm_16.9.1.LTS/lib/</path>
         <kind>archive</kind>
         <file>rtsv7M4_T_le_v4SPD16_eabi.lib</file>
         <name>s_frexp.obj</name>
      </input_file>
      <input_file id="fl-ed">
         <path>/Applications/ti/ccsv7/tools/compiler/ti-cgt-arm_16.9.1.LTS/lib/</path>
         <kind>archive</kind>
         <file>rtsv7M4_T_le_v4SPD16_eabi.lib</file>
         <name>s_scalbn.obj</name>
      </input_file>
      <input_file id="fl-ee">
         <path>/Applications/ti/ccsv7/tools/compiler/ti-cgt-arm_16.9.1.LTS/lib/</path>
         <kind>archive</kind>
         <file>rtsv7M4_T_le_v4SPD16_eabi.lib</file>
         <name>startup.obj</name>
      </input_file>
      <input_file id="fl-ef">
         <path>/Applications/ti/ccsv7/tools/compiler/ti-cgt-arm_16.9.1.LTS/lib/</path>
         <kind>archive</kind>
         <file>rtsv7M4_T_le_v4SPD16_eabi.lib</file>
         <name>strchr.obj</name>
      </input_file>
      <input_file id="fl-f0">
         <path>/Applications/ti/ccsv7/tools/compiler/ti-cgt-arm_16.9.1.LTS/lib/</path>
         <kind>archive</kind>
         <file>rtsv7M4_T_le_v4SPD16_eabi.lib</file>
         <name>ull_div_t2.obj</name>
      </input_file>
      <input_file id="fl-f1">
         <path>/Applications/ti/ccsv7/tools/compiler/ti-cgt-arm_16.9.1.LTS/lib/</path>
         <kind>archive</kind>
         <file>rtsv7M4_T_le_v4SPD16_eabi.lib</file>
         <name>errno.obj</name>
      </input_file>
      <input_file id="fl-f2">
         <path>/Applications/ti/ccsv7/tools/compiler/ti-cgt-arm_16.9.1.LTS/lib/</path>
         <kind>archive</kind>
         <file>rtsv7M4_T_le_v4SPD16_eabi.lib</file>
         <name>s_copysign.obj</name>
      </input_file>
      <input_file id="fl-f3">
         <path>/Applications/ti/TivaWare_C_Series-2.1.4.178/driverlib/ccs/Debug/</path>
         <kind>archive</kind>
         <file>driverlib.lib</file>
         <name>gpio.obj</name>
      </input_file>
      <input_file id="fl-f4">
         <path>/Applications/ti/TivaWare_C_Series-2.1.4.178/driverlib/ccs/Debug/</path>
         <kind>archive</kind>
         <file>driverlib.lib</file>
         <name>interrupt.obj</name>
      </input_file>
      <input_file id="fl-f5">
         <path>/Applications/ti/TivaWare_C_Series-2.1.4.178/driverlib/ccs/Debug/</path>
         <kind>archive</kind>
         <file>driverlib.lib</file>
         <name>pwm.obj</name>
      </input_file>
      <input_file id="fl-f6">
         <path>/Applications/ti/TivaWare_C_Series-2.1.4.178/driverlib/ccs/Debug/</path>
         <kind>archive</kind>
         <file>driverlib.lib</file>
         <name>ssi.obj</name>
      </input_file>
      <input_file id="fl-f7">
         <path>/Applications/ti/TivaWare_C_Series-2.1.4.178/driverlib/ccs/Debug/</path>
         <kind>archive</kind>
         <file>driverlib.lib</file>
         <name>sysctl.obj</name>
      </input_file>
      <input_file id="fl-f8">
         <path>/Applications/ti/TivaWare_C_Series-2.1.4.178/driverlib/ccs/Debug/</path>
         <kind>archive</kind>
         <file>driverlib.lib</file>
         <name>timer.obj</name>
      </input_file>
      <input_file id="fl-f9">
         <path>/Applications/ti/TivaWare_C_Series-2.1.4.178/driverlib/ccs/Debug/</path>
         <kind>archive</kind>
         <file>driverlib.lib</file>
         <name>uart.obj</name>
      </input_file>
      <input_file id="fl-fa">
         <path>/Applications/ti/TivaWare_C_Series-2.1.4.178/driverlib/ccs/Debug/</path>
         <kind>archive</kind>
         <file>driverlib.lib</file>
         <name>cpu.obj</name>
      </input_file>
   </input_file_list>
   <object_component_list>
      <object_component id="oc-f">
         <name>.intvecs</name>
         <load_address>0x0</load_address>
         <run_address>0x0</run_address>
         <size>0x26c</size>
         <input_file_ref idref="fl-6"/>
      </object_component>
      <object_component id="oc-494">
         <name>.text</name>
         <load_address>0x26c</load_address>
         <run_address>0x26c</run_address>
         <size>0x113e</size>
         <input_file_ref idref="fl-e2"/>
      </object_component>
      <object_component id="oc-37">
         <name>.text:FaultISR</name>
         <load_address>0x13aa</load_address>
         <run_address>0x13aa</run_address>
         <size>0x2</size>
         <input_file_ref idref="fl-6"/>
      </object_component>
      <object_component id="oc-f7">
         <name>.text:main</name>
         <load_address>0x13ac</load_address>
         <run_address>0x13ac</run_address>
         <size>0x804</size>
         <input_file_ref idref="fl-3"/>
      </object_component>
      <object_component id="oc-481">
         <name>.text:chk_mounted</name>
         <load_address>0x1bb0</load_address>
         <run_address>0x1bb0</run_address>
         <size>0x308</size>
         <input_file_ref idref="fl-2"/>
      </object_component>
      <object_component id="oc-570">
         <name>.text</name>
         <load_address>0x1eb8</load_address>
         <run_address>0x1eb8</run_address>
         <size>0x1f4</size>
         <input_file_ref idref="fl-f0"/>
      </object_component>
      <object_component id="oc-16c">
         <name>.text:writeSD</name>
         <load_address>0x20ac</load_address>
         <run_address>0x20ac</run_address>
         <size>0x1f0</size>
         <input_file_ref idref="fl-5"/>
      </object_component>
      <object_component id="oc-10d">
         <name>.text:UARTvprintf</name>
         <load_address>0x229c</load_address>
         <run_address>0x229c</run_address>
         <size>0x1ea</size>
         <input_file_ref idref="fl-f"/>
      </object_component>
      <object_component id="oc-3d">
         <name>.text:IntDefaultHandler</name>
         <load_address>0x2486</load_address>
         <run_address>0x2486</run_address>
         <size>0x2</size>
         <input_file_ref idref="fl-6"/>
      </object_component>
      <object_component id="oc-1af">
         <name>.text:setModeDisplay</name>
         <load_address>0x2488</load_address>
         <run_address>0x2488</run_address>
         <size>0x1d9</size>
         <input_file_ref idref="fl-9"/>
      </object_component>
      <object_component id="oc-3da">
         <name>.text</name>
         <load_address>0x2662</load_address>
         <run_address>0x2662</run_address>
         <size>0x1b6</size>
         <input_file_ref idref="fl-cf"/>
      </object_component>
      <object_component id="oc-35b">
         <name>.text:f_write</name>
         <load_address>0x2818</load_address>
         <run_address>0x2818</run_address>
         <size>0x190</size>
         <input_file_ref idref="fl-2"/>
      </object_component>
      <object_component id="oc-21c">
         <name>.text:setDiaplyValue</name>
         <load_address>0x29a8</load_address>
         <run_address>0x29a8</run_address>
         <size>0x168</size>
         <input_file_ref idref="fl-9"/>
      </object_component>
      <object_component id="oc-608">
         <name>.text:disk_ioctl</name>
         <load_address>0x2b10</load_address>
         <run_address>0x2b10</run_address>
         <size>0x154</size>
         <input_file_ref idref="fl-4"/>
      </object_component>
      <object_component id="oc-34f">
         <name>.text:f_open</name>
         <load_address>0x2c64</load_address>
         <run_address>0x2c64</run_address>
         <size>0x144</size>
         <input_file_ref idref="fl-2"/>
      </object_component>
      <object_component id="oc-54c">
         <name>.text:disk_initialize</name>
         <load_address>0x2da8</load_address>
         <run_address>0x2da8</run_address>
         <size>0x140</size>
         <input_file_ref idref="fl-4"/>
      </object_component>
      <object_component id="oc-367">
         <name>.text:f_lseek</name>
         <load_address>0x2ee8</load_address>
         <run_address>0x2ee8</run_address>
         <size>0x13e</size>
         <input_file_ref idref="fl-2"/>
      </object_component>
      <object_component id="oc-3d0">
         <name>.text</name>
         <load_address>0x3026</load_address>
         <run_address>0x3026</run_address>
         <size>0x136</size>
         <input_file_ref idref="fl-d1"/>
      </object_component>
      <object_component id="oc-17e">
         <name>.text:GPIOPadConfigSet</name>
         <load_address>0x315c</load_address>
         <run_address>0x315c</run_address>
         <size>0x132</size>
         <input_file_ref idref="fl-f3"/>
      </object_component>
      <object_component id="oc-31">
         <name>.text:NmiSR</name>
         <load_address>0x328e</load_address>
         <run_address>0x328e</run_address>
         <size>0x2</size>
         <input_file_ref idref="fl-6"/>
      </object_component>
      <object_component id="oc-55c">
         <name>.text:create_name</name>
         <load_address>0x3290</load_address>
         <run_address>0x3290</run_address>
         <size>0x123</size>
         <input_file_ref idref="fl-2"/>
      </object_component>
      <object_component id="oc-299">
         <name>.text:SysCtlClockGet</name>
         <load_address>0x33b4</load_address>
         <run_address>0x33b4</run_address>
         <size>0x110</size>
         <input_file_ref idref="fl-f7"/>
      </object_component>
      <object_component id="oc-31d">
         <name>.text</name>
         <load_address>0x34c4</load_address>
         <run_address>0x34c4</run_address>
         <size>0xfc</size>
         <input_file_ref idref="fl-d2"/>
      </object_component>
      <object_component id="oc-586">
         <name>.text</name>
         <load_address>0x35c0</load_address>
         <run_address>0x35c0</run_address>
         <size>0xfc</size>
         <input_file_ref idref="fl-ed"/>
      </object_component>
      <object_component id="oc-644">
         <name>.text:dir_next</name>
         <load_address>0x36bc</load_address>
         <run_address>0x36bc</run_address>
         <size>0xf8</size>
         <input_file_ref idref="fl-2"/>
      </object_component>
      <object_component id="oc-130">
         <name>.text:SysCtlClockSet</name>
         <load_address>0x37b4</load_address>
         <run_address>0x37b4</run_address>
         <size>0xf4</size>
         <input_file_ref idref="fl-f7"/>
      </object_component>
      <object_component id="oc-1e5">
         <name>.text:SW1_IntHandler</name>
         <load_address>0x38a8</load_address>
         <run_address>0x38a8</run_address>
         <size>0xe4</size>
         <input_file_ref idref="fl-3"/>
      </object_component>
      <object_component id="oc-148">
         <name>.text:initLCD</name>
         <load_address>0x398c</load_address>
         <run_address>0x398c</run_address>
         <size>0xe4</size>
         <input_file_ref idref="fl-9"/>
      </object_component>
      <object_component id="oc-5c1">
         <name>.text:put_fat</name>
         <load_address>0x3a70</load_address>
         <run_address>0x3a70</run_address>
         <size>0xe2</size>
         <input_file_ref idref="fl-2"/>
      </object_component>
      <object_component id="oc-423">
         <name>.text</name>
         <load_address>0x3b52</load_address>
         <run_address>0x3b52</run_address>
         <size>0x2</size>
         <input_file_ref idref="fl-e8"/>
      </object_component>
      <object_component id="oc-1df">
         <name>.text:convertADC2range</name>
         <load_address>0x3b54</load_address>
         <run_address>0x3b54</run_address>
         <size>0xdc</size>
         <input_file_ref idref="fl-7"/>
      </object_component>
      <object_component id="oc-61b">
         <name>.text:power_on</name>
         <load_address>0x3c30</load_address>
         <run_address>0x3c30</run_address>
         <size>0xdc</size>
         <input_file_ref idref="fl-4"/>
      </object_component>
      <object_component id="oc-4ef">
         <name>.text:get_fat</name>
         <load_address>0x3d0c</load_address>
         <run_address>0x3d0c</run_address>
         <size>0xcc</size>
         <input_file_ref idref="fl-2"/>
      </object_component>
      <object_component id="oc-1c1">
         <name>.text:modeChange</name>
         <load_address>0x3dd8</load_address>
         <run_address>0x3dd8</run_address>
         <size>0xbc</size>
         <input_file_ref idref="fl-3"/>
      </object_component>
      <object_component id="oc-4cf">
         <name>.text:disk_write</name>
         <load_address>0x3e94</load_address>
         <run_address>0x3e94</run_address>
         <size>0xb8</size>
         <input_file_ref idref="fl-4"/>
      </object_component>
      <object_component id="oc-4e8">
         <name>.text:sync_fs</name>
         <load_address>0x3f4c</load_address>
         <run_address>0x3f4c</run_address>
         <size>0xb0</size>
         <input_file_ref idref="fl-2"/>
      </object_component>
      <object_component id="oc-142">
         <name>.text:initADC</name>
         <load_address>0x3ffc</load_address>
         <run_address>0x3ffc</run_address>
         <size>0x9c</size>
         <input_file_ref idref="fl-7"/>
      </object_component>
      <object_component id="oc-63">
         <name>.text</name>
         <load_address>0x4098</load_address>
         <run_address>0x4098</run_address>
         <size>0x9c</size>
         <input_file_ref idref="fl-d6"/>
      </object_component>
      <object_component id="oc-4c9">
         <name>.text:create_chain</name>
         <load_address>0x4134</load_address>
         <run_address>0x4134</run_address>
         <size>0x98</size>
         <input_file_ref idref="fl-2"/>
      </object_component>
      <object_component id="oc-1b5">
         <name>.text:setPWM</name>
         <load_address>0x41cc</load_address>
         <run_address>0x41cc</run_address>
         <size>0x98</size>
         <input_file_ref idref="fl-b"/>
      </object_component>
      <object_component id="oc-4db">
         <name>.text:disk_read</name>
         <load_address>0x4264</load_address>
         <run_address>0x4264</run_address>
         <size>0x90</size>
         <input_file_ref idref="fl-4"/>
      </object_component>
      <object_component id="oc-361">
         <name>.text:f_sync</name>
         <load_address>0x42f4</load_address>
         <run_address>0x42f4</run_address>
         <size>0x90</size>
         <input_file_ref idref="fl-2"/>
      </object_component>
      <object_component id="oc-154">
         <name>.text:initPWM</name>
         <load_address>0x4384</load_address>
         <run_address>0x4384</run_address>
         <size>0x8c</size>
         <input_file_ref idref="fl-b"/>
      </object_component>
      <object_component id="oc-1fa">
         <name>.text:__aeabi_cdcmple</name>
         <load_address>0x4410</load_address>
         <run_address>0x4410</run_address>
         <size>0x86</size>
         <input_file_ref idref="fl-d0"/>
      </object_component>
      <object_component id="oc-1ff">
         <name>.text:__aeabi_cdrcmple</name>
         <load_address>0x4496</load_address>
         <run_address>0x4496</run_address>
         <size>0x86</size>
         <input_file_ref idref="fl-d0"/>
      </object_component>
      <object_component id="oc-14e">
         <name>.text:initMux</name>
         <load_address>0x451c</load_address>
         <run_address>0x451c</run_address>
         <size>0x84</size>
         <input_file_ref idref="fl-c"/>
      </object_component>
      <object_component id="oc-15a">
         <name>.text:initTimer</name>
         <load_address>0x45a0</load_address>
         <run_address>0x45a0</run_address>
         <size>0x80</size>
         <input_file_ref idref="fl-3"/>
      </object_component>
      <object_component id="oc-568">
         <name>.text:dir_sdi</name>
         <load_address>0x4620</load_address>
         <run_address>0x4620</run_address>
         <size>0x7c</size>
         <input_file_ref idref="fl-2"/>
      </object_component>
      <object_component id="oc-48d">
         <name>.text:get_fileinfo</name>
         <load_address>0x469c</load_address>
         <run_address>0x469c</run_address>
         <size>0x7c</size>
         <input_file_ref idref="fl-2"/>
      </object_component>
      <object_component id="oc-6f">
         <name>.text</name>
         <load_address>0x4718</load_address>
         <run_address>0x4718</run_address>
         <size>0x7a</size>
         <input_file_ref idref="fl-d7"/>
      </object_component>
      <object_component id="oc-7b">
         <name>.text</name>
         <load_address>0x4792</load_address>
         <run_address>0x4792</run_address>
         <size>0x2</size>
         <input_file_ref idref="fl-d8"/>
      </object_component>
      <object_component id="oc-552">
         <name>.text:check_fs</name>
         <load_address>0x4794</load_address>
         <run_address>0x4794</run_address>
         <size>0x74</size>
         <input_file_ref idref="fl-2"/>
      </object_component>
      <object_component id="oc-13c">
         <name>.text:initUART1</name>
         <load_address>0x4808</load_address>
         <run_address>0x4808</run_address>
         <size>0x74</size>
         <input_file_ref idref="fl-d"/>
      </object_component>
      <object_component id="oc-222">
         <name>.text:ftoa</name>
         <load_address>0x487c</load_address>
         <run_address>0x487c</run_address>
         <size>0x70</size>
         <input_file_ref idref="fl-9"/>
      </object_component>
      <object_component id="oc-136">
         <name>.text:initUART0</name>
         <load_address>0x48ec</load_address>
         <run_address>0x48ec</run_address>
         <size>0x70</size>
         <input_file_ref idref="fl-d"/>
      </object_component>
      <object_component id="oc-87">
         <name>.text</name>
         <load_address>0x495c</load_address>
         <run_address>0x495c</run_address>
         <size>0x70</size>
         <input_file_ref idref="fl-e5"/>
      </object_component>
      <object_component id="oc-3d5">
         <name>.text</name>
         <load_address>0x49cc</load_address>
         <run_address>0x49cc</run_address>
         <size>0x6e</size>
         <input_file_ref idref="fl-d4"/>
      </object_component>
      <object_component id="oc-ef">
         <name>.text</name>
         <load_address>0x4a3a</load_address>
         <run_address>0x4a3a</run_address>
         <size>0x2</size>
         <input_file_ref idref="fl-ee"/>
      </object_component>
      <object_component id="oc-228">
         <name>.text:UARTSendMeasurement</name>
         <load_address>0x4a3c</load_address>
         <run_address>0x4a3c</run_address>
         <size>0x6a</size>
         <input_file_ref idref="fl-d"/>
      </object_component>
      <object_component id="oc-27f">
         <name>.text:IntEnable</name>
         <load_address>0x4aa8</load_address>
         <run_address>0x4aa8</run_address>
         <size>0x68</size>
         <input_file_ref idref="fl-f4"/>
      </object_component>
      <object_component id="oc-12">
         <name>.text:decompress:lzss</name>
         <load_address>0x4b10</load_address>
         <run_address>0x4b10</run_address>
         <size>0x68</size>
         <input_file_ref idref="fl-cb"/>
      </object_component>
      <object_component id="oc-5d9">
         <name>.text:send_cmd</name>
         <load_address>0x4b78</load_address>
         <run_address>0x4b78</run_address>
         <size>0x66</size>
         <input_file_ref idref="fl-4"/>
      </object_component>
      <object_component id="oc-487">
         <name>.text:follow_path</name>
         <load_address>0x4bde</load_address>
         <run_address>0x4bde</run_address>
         <size>0x64</size>
         <input_file_ref idref="fl-2"/>
      </object_component>
      <object_component id="oc-580">
         <name>.text</name>
         <load_address>0x4c44</load_address>
         <run_address>0x4c44</run_address>
         <size>0x64</size>
         <input_file_ref idref="fl-ec"/>
      </object_component>
      <object_component id="oc-4b4">
         <name>.text:remove_chain</name>
         <load_address>0x4ca8</load_address>
         <run_address>0x4ca8</run_address>
         <size>0x62</size>
         <input_file_ref idref="fl-2"/>
      </object_component>
      <object_component id="oc-312">
         <name>.text:TimerConfigure</name>
         <load_address>0x4d0c</load_address>
         <run_address>0x4d0c</run_address>
         <size>0x60</size>
         <input_file_ref idref="fl-f8"/>
      </object_component>
      <object_component id="oc-28b">
         <name>.text:UARTStdioConfig</name>
         <load_address>0x4d6c</load_address>
         <run_address>0x4d6c</run_address>
         <size>0x60</size>
         <input_file_ref idref="fl-f"/>
      </object_component>
      <object_component id="oc-20a">
         <name>.text:itoa</name>
         <load_address>0x4dcc</load_address>
         <run_address>0x4dcc</run_address>
         <size>0x60</size>
         <input_file_ref idref="fl-9"/>
      </object_component>
      <object_component id="oc-349">
         <name>.text</name>
         <load_address>0x4e2c</load_address>
         <run_address>0x4e2c</run_address>
         <size>0x60</size>
         <input_file_ref idref="fl-da"/>
      </object_component>
      <object_component id="oc-621">
         <name>.text:send_initial_clock_train</name>
         <load_address>0x4e8c</load_address>
         <run_address>0x4e8c</run_address>
         <size>0x60</size>
         <input_file_ref idref="fl-4"/>
      </object_component>
      <object_component id="oc-3af">
         <name>.text:SetADCSwitch</name>
         <load_address>0x4eec</load_address>
         <run_address>0x4eec</run_address>
         <size>0x58</size>
         <input_file_ref idref="fl-c"/>
      </object_component>
      <object_component id="oc-190">
         <name>.text:GPIOIntTypeSet</name>
         <load_address>0x4f44</load_address>
         <run_address>0x4f44</run_address>
         <size>0x56</size>
         <input_file_ref idref="fl-f3"/>
      </object_component>
      <object_component id="oc-5c8">
         <name>.text:sync_window</name>
         <load_address>0x4f9a</load_address>
         <run_address>0x4f9a</run_address>
         <size>0x56</size>
         <input_file_ref idref="fl-2"/>
      </object_component>
      <object_component id="oc-24">
         <name>.text</name>
         <load_address>0x4ff0</load_address>
         <run_address>0x4ff0</run_address>
         <size>0x54</size>
         <input_file_ref idref="fl-ca"/>
      </object_component>
      <object_component id="oc-93">
         <name>.text</name>
         <load_address>0x5044</load_address>
         <run_address>0x5044</run_address>
         <size>0x54</size>
         <input_file_ref idref="fl-ce"/>
      </object_component>
      <object_component id="oc-575">
         <name>.text</name>
         <load_address>0x5098</load_address>
         <run_address>0x5098</run_address>
         <size>0x54</size>
         <input_file_ref idref="fl-ea"/>
      </object_component>
      <object_component id="oc-62d">
         <name>.text:set_max_speed</name>
         <load_address>0x50ec</load_address>
         <run_address>0x50ec</run_address>
         <size>0x54</size>
         <input_file_ref idref="fl-4"/>
      </object_component>
      <object_component id="oc-5df">
         <name>.text:xmit_datablock</name>
         <load_address>0x5140</load_address>
         <run_address>0x5140</run_address>
         <size>0x52</size>
         <input_file_ref idref="fl-4"/>
      </object_component>
      <object_component id="oc-1c7">
         <name>.text:SetMuxDCAC</name>
         <load_address>0x5194</load_address>
         <run_address>0x5194</run_address>
         <size>0x50</size>
         <input_file_ref idref="fl-c"/>
      </object_component>
      <object_component id="oc-204">
         <name>.text:SetGain</name>
         <load_address>0x51e4</load_address>
         <run_address>0x51e4</run_address>
         <size>0x4c</size>
         <input_file_ref idref="fl-c"/>
      </object_component>
      <object_component id="oc-592">
         <name>.text</name>
         <load_address>0x5230</load_address>
         <run_address>0x5230</run_address>
         <size>0x4c</size>
         <input_file_ref idref="fl-e4"/>
      </object_component>
      <object_component id="oc-e9">
         <name>.text</name>
         <load_address>0x527c</load_address>
         <run_address>0x527c</run_address>
         <size>0x4c</size>
         <input_file_ref idref="fl-e6"/>
      </object_component>
      <object_component id="oc-26d">
         <name>.text:GPIOPinConfigure</name>
         <load_address>0x52c8</load_address>
         <run_address>0x52c8</run_address>
         <size>0x48</size>
         <input_file_ref idref="fl-f3"/>
      </object_component>
      <object_component id="oc-24f">
         <name>.text:UARTwrite</name>
         <load_address>0x5310</load_address>
         <run_address>0x5310</run_address>
         <size>0x48</size>
         <input_file_ref idref="fl-f"/>
      </object_component>
      <object_component id="oc-562">
         <name>.text:dir_find</name>
         <load_address>0x5358</load_address>
         <run_address>0x5358</run_address>
         <size>0x48</size>
         <input_file_ref idref="fl-2"/>
      </object_component>
      <object_component id="oc-160">
         <name>.text:initLED</name>
         <load_address>0x53a0</load_address>
         <run_address>0x53a0</run_address>
         <size>0x48</size>
         <input_file_ref idref="fl-a"/>
      </object_component>
      <object_component id="oc-5fa">
         <name>.text:rcvr_datablock</name>
         <load_address>0x53e8</load_address>
         <run_address>0x53e8</run_address>
         <size>0x48</size>
         <input_file_ref idref="fl-4"/>
      </object_component>
      <object_component id="oc-322">
         <name>.text</name>
         <load_address>0x5430</load_address>
         <run_address>0x5430</run_address>
         <size>0x48</size>
         <input_file_ref idref="fl-d3"/>
      </object_component>
      <object_component id="oc-392">
         <name>.text:_GPIOIntNumberGet</name>
         <load_address>0x5478</load_address>
         <run_address>0x5478</run_address>
         <size>0x44</size>
         <input_file_ref idref="fl-f3"/>
      </object_component>
      <object_component id="oc-1d9">
         <name>.text:ReadADC</name>
         <load_address>0x54bc</load_address>
         <run_address>0x54bc</run_address>
         <size>0x40</size>
         <input_file_ref idref="fl-7"/>
      </object_component>
      <object_component id="oc-4f">
         <name>.text:Timer0IntHandler</name>
         <load_address>0x54fc</load_address>
         <run_address>0x54fc</run_address>
         <size>0x40</size>
         <input_file_ref idref="fl-3"/>
      </object_component>
      <object_component id="oc-49">
         <name>.text:UART1IntHandler</name>
         <load_address>0x553c</load_address>
         <run_address>0x553c</run_address>
         <size>0x40</size>
         <input_file_ref idref="fl-d"/>
      </object_component>
      <object_component id="oc-343">
         <name>.text:f_stat</name>
         <load_address>0x557c</load_address>
         <run_address>0x557c</run_address>
         <size>0x40</size>
         <input_file_ref idref="fl-2"/>
      </object_component>
      <object_component id="oc-255">
         <name>.text</name>
         <load_address>0x55bc</load_address>
         <run_address>0x55bc</run_address>
         <size>0x40</size>
         <input_file_ref idref="fl-df"/>
      </object_component>
      <object_component id="oc-2be">
         <name>.text:sendByte</name>
         <load_address>0x55fc</load_address>
         <run_address>0x55fc</run_address>
         <size>0x40</size>
         <input_file_ref idref="fl-9"/>
      </object_component>
      <object_component id="oc-5b1">
         <name>.text:dir_alloc</name>
         <load_address>0x563c</load_address>
         <run_address>0x563c</run_address>
         <size>0x3e</size>
         <input_file_ref idref="fl-2"/>
      </object_component>
      <object_component id="oc-29f">
         <name>.text:SSIConfigSetExpClk</name>
         <load_address>0x567a</load_address>
         <run_address>0x567a</run_address>
         <size>0x3c</size>
         <input_file_ref idref="fl-f6"/>
      </object_component>
      <object_component id="oc-43">
         <name>.text:UARTIntHandler</name>
         <load_address>0x56b8</load_address>
         <run_address>0x56b8</run_address>
         <size>0x3c</size>
         <input_file_ref idref="fl-d"/>
      </object_component>
      <object_component id="oc-166">
         <name>.text:initSDcard</name>
         <load_address>0x56f4</load_address>
         <run_address>0x56f4</run_address>
         <size>0x3c</size>
         <input_file_ref idref="fl-5"/>
      </object_component>
      <object_component id="oc-49c">
         <name>.text:dir_register</name>
         <load_address>0x5730</load_address>
         <run_address>0x5730</run_address>
         <size>0x38</size>
         <input_file_ref idref="fl-2"/>
      </object_component>
      <object_component id="oc-1f5">
         <name>.text</name>
         <load_address>0x5768</load_address>
         <run_address>0x5768</run_address>
         <size>0x38</size>
         <input_file_ref idref="fl-d5"/>
      </object_component>
      <object_component id="oc-398">
         <name>.text:IntRegister</name>
         <load_address>0x57a0</load_address>
         <run_address>0x57a0</run_address>
         <size>0x34</size>
         <input_file_ref idref="fl-f4"/>
      </object_component>
      <object_component id="oc-172">
         <name>.text:SysCtlPeripheralEnable</name>
         <load_address>0x57d4</load_address>
         <run_address>0x57d4</run_address>
         <size>0x34</size>
         <input_file_ref idref="fl-f7"/>
      </object_component>
      <object_component id="oc-2c4">
         <name>.text:buildChar</name>
         <load_address>0x5808</load_address>
         <run_address>0x5808</run_address>
         <size>0x32</size>
         <input_file_ref idref="fl-9"/>
      </object_component>
      <object_component id="oc-600">
         <name>.text:send_cmd12</name>
         <load_address>0x583a</load_address>
         <run_address>0x583a</run_address>
         <size>0x32</size>
         <input_file_ref idref="fl-4"/>
      </object_component>
      <object_component id="oc-4ba">
         <name>.text:move_window</name>
         <load_address>0x586c</load_address>
         <run_address>0x586c</run_address>
         <size>0x2e</size>
         <input_file_ref idref="fl-2"/>
      </object_component>
      <object_component id="oc-57b">
         <name>.text</name>
         <load_address>0x589a</load_address>
         <run_address>0x589a</run_address>
         <size>0x2e</size>
         <input_file_ref idref="fl-e9"/>
      </object_component>
      <object_component id="oc-19c">
         <name>.text:setCursorPositionLCD</name>
         <load_address>0x58c8</load_address>
         <run_address>0x58c8</run_address>
         <size>0x2e</size>
         <input_file_ref idref="fl-9"/>
      </object_component>
      <object_component id="oc-3a9">
         <name>.text:SetInputRelay</name>
         <load_address>0x58f8</load_address>
         <run_address>0x58f8</run_address>
         <size>0x2c</size>
         <input_file_ref idref="fl-c"/>
      </object_component>
      <object_component id="oc-40b">
         <name>.text:UARTSend</name>
         <load_address>0x5924</load_address>
         <run_address>0x5924</run_address>
         <size>0x2c</size>
         <input_file_ref idref="fl-d"/>
      </object_component>
      <object_component id="oc-33d">
         <name>.text:f_mount</name>
         <load_address>0x5950</load_address>
         <run_address>0x5950</run_address>
         <size>0x2c</size>
         <input_file_ref idref="fl-2"/>
      </object_component>
      <object_component id="oc-5eb">
         <name>.text:rcvr_spi</name>
         <load_address>0x597c</load_address>
         <run_address>0x597c</run_address>
         <size>0x2c</size>
         <input_file_ref idref="fl-4"/>
      </object_component>
      <object_component id="oc-389">
         <name>.text:GPIODirModeSet</name>
         <load_address>0x59a8</load_address>
         <run_address>0x59a8</run_address>
         <size>0x2a</size>
         <input_file_ref idref="fl-f3"/>
      </object_component>
      <object_component id="oc-2b8">
         <name>.text:pulseLCD</name>
         <load_address>0x59d4</load_address>
         <run_address>0x59d4</run_address>
         <size>0x28</size>
         <input_file_ref idref="fl-9"/>
      </object_component>
      <object_component id="oc-4c3">
         <name>.text:validate</name>
         <load_address>0x59fc</load_address>
         <run_address>0x59fc</run_address>
         <size>0x28</size>
         <input_file_ref idref="fl-2"/>
      </object_component>
      <object_component id="oc-67d">
         <name>.text:xmit_spi</name>
         <load_address>0x5a24</load_address>
         <run_address>0x5a24</run_address>
         <size>0x24</size>
         <input_file_ref idref="fl-4"/>
      </object_component>
      <object_component id="oc-2ed">
         <name>.text:PWMGenConfigure</name>
         <load_address>0x5a48</load_address>
         <run_address>0x5a48</run_address>
         <size>0x22</size>
         <input_file_ref idref="fl-f5"/>
      </object_component>
      <object_component id="oc-318">
         <name>.text</name>
         <load_address>0x5a6a</load_address>
         <run_address>0x5a6a</run_address>
         <size>0x20</size>
         <input_file_ref idref="fl-e0"/>
      </object_component>
      <object_component id="oc-677">
         <name>.text:wait_ready</name>
         <load_address>0x5a8c</load_address>
         <run_address>0x5a8c</run_address>
         <size>0x20</size>
         <input_file_ref idref="fl-4"/>
      </object_component>
      <object_component id="oc-2f9">
         <name>.text:PWMPulseWidthSet</name>
         <load_address>0x5aac</load_address>
         <run_address>0x5aac</run_address>
         <size>0x1e</size>
         <input_file_ref idref="fl-f5"/>
      </object_component>
      <object_component id="oc-4a8">
         <name>.text:ld_clust</name>
         <load_address>0x5aca</load_address>
         <run_address>0x5aca</run_address>
         <size>0x1e</size>
         <input_file_ref idref="fl-2"/>
      </object_component>
      <object_component id="oc-405">
         <name>.text</name>
         <load_address>0x5ae8</load_address>
         <run_address>0x5ae8</run_address>
         <size>0x1e</size>
         <input_file_ref idref="fl-dc"/>
      </object_component>
      <object_component id="oc-5e5">
         <name>.text:DESELECT</name>
         <load_address>0x5b08</load_address>
         <run_address>0x5b08</run_address>
         <size>0x1c</size>
         <input_file_ref idref="fl-4"/>
      </object_component>
      <object_component id="oc-5d3">
         <name>.text:SELECT</name>
         <load_address>0x5b24</load_address>
         <run_address>0x5b24</run_address>
         <size>0x1c</size>
         <input_file_ref idref="fl-4"/>
      </object_component>
      <object_component id="oc-1d3">
         <name>.text:WriteADC</name>
         <load_address>0x5b40</load_address>
         <run_address>0x5b40</run_address>
         <size>0x1c</size>
         <input_file_ref idref="fl-7"/>
      </object_component>
      <object_component id="oc-1a9">
         <name>.text:clearLCD</name>
         <load_address>0x5b5c</load_address>
         <run_address>0x5b5c</run_address>
         <size>0x1c</size>
         <input_file_ref idref="fl-9"/>
      </object_component>
      <object_component id="oc-63e">
         <name>.text:mem_cmp</name>
         <load_address>0x5b78</load_address>
         <run_address>0x5b78</run_address>
         <size>0x1c</size>
         <input_file_ref idref="fl-2"/>
      </object_component>
      <object_component id="oc-598">
         <name>.text</name>
         <load_address>0x5b94</load_address>
         <run_address>0x5b94</run_address>
         <size>0x1c</size>
         <input_file_ref idref="fl-eb"/>
      </object_component>
      <object_component id="oc-ad">
         <name>.text:UARTprintf</name>
         <load_address>0x5bb0</load_address>
         <run_address>0x5bb0</run_address>
         <size>0x1a</size>
         <input_file_ref idref="fl-f"/>
      </object_component>
      <object_component id="oc-18a">
         <name>.text:GPIOIntRegister</name>
         <load_address>0x5bca</load_address>
         <run_address>0x5bca</run_address>
         <size>0x18</size>
         <input_file_ref idref="fl-f3"/>
      </object_component>
      <object_component id="oc-2ac">
         <name>.text:GPIOPinTypeGPIOOutput</name>
         <load_address>0x5be2</load_address>
         <run_address>0x5be2</run_address>
         <size>0x18</size>
         <input_file_ref idref="fl-f3"/>
      </object_component>
      <object_component id="oc-4d5">
         <name>.text:clust2sect</name>
         <load_address>0x5bfa</load_address>
         <run_address>0x5bfa</run_address>
         <size>0x18</size>
         <input_file_ref idref="fl-2"/>
      </object_component>
      <object_component id="oc-1a2">
         <name>.text:printLCD</name>
         <load_address>0x5c12</load_address>
         <run_address>0x5c12</run_address>
         <size>0x18</size>
         <input_file_ref idref="fl-9"/>
      </object_component>
      <object_component id="oc-8d">
         <name>.text</name>
         <load_address>0x5c2c</load_address>
         <run_address>0x5c2c</run_address>
         <size>0x18</size>
         <input_file_ref idref="fl-e3"/>
      </object_component>
      <object_component id="oc-4e1">
         <name>.text:mem_cpy</name>
         <load_address>0x5c44</load_address>
         <run_address>0x5c44</run_address>
         <size>0x16</size>
         <input_file_ref idref="fl-2"/>
      </object_component>
      <object_component id="oc-58c">
         <name>.text</name>
         <load_address>0x5c5a</load_address>
         <run_address>0x5c5a</run_address>
         <size>0x16</size>
         <input_file_ref idref="fl-ef"/>
      </object_component>
      <object_component id="oc-2e1">
         <name>.text:SysCtlPWMClockSet</name>
         <load_address>0x5c70</load_address>
         <run_address>0x5c70</run_address>
         <size>0x14</size>
         <input_file_ref idref="fl-f7"/>
      </object_component>
      <object_component id="oc-5b7">
         <name>.text:mem_set</name>
         <load_address>0x5c84</load_address>
         <run_address>0x5c84</run_address>
         <size>0x14</size>
         <input_file_ref idref="fl-2"/>
      </object_component>
      <object_component id="oc-241">
         <name>.text</name>
         <load_address>0x5c98</load_address>
         <run_address>0x5c98</run_address>
         <size>0x14</size>
         <input_file_ref idref="fl-e1"/>
      </object_component>
      <object_component id="oc-657">
         <name>.text</name>
         <load_address>0x5cac</load_address>
         <run_address>0x5cac</run_address>
         <size>0x14</size>
         <input_file_ref idref="fl-f2"/>
      </object_component>
      <object_component id="oc-355">
         <name>.text</name>
         <load_address>0x5cc0</load_address>
         <run_address>0x5cc0</run_address>
         <size>0x14</size>
         <input_file_ref idref="fl-de"/>
      </object_component>
      <object_component id="oc-178">
         <name>.text:GPIOPinTypeGPIOInput</name>
         <load_address>0x5cd4</load_address>
         <run_address>0x5cd4</run_address>
         <size>0x12</size>
         <input_file_ref idref="fl-f3"/>
      </object_component>
      <object_component id="oc-2e7">
         <name>.text:GPIOPinTypePWM</name>
         <load_address>0x5ce6</load_address>
         <run_address>0x5ce6</run_address>
         <size>0x12</size>
         <input_file_ref idref="fl-f3"/>
      </object_component>
      <object_component id="oc-293">
         <name>.text:GPIOPinTypeSSI</name>
         <load_address>0x5cf8</load_address>
         <run_address>0x5cf8</run_address>
         <size>0x12</size>
         <input_file_ref idref="fl-f3"/>
      </object_component>
      <object_component id="oc-279">
         <name>.text:GPIOPinTypeUART</name>
         <load_address>0x5d0a</load_address>
         <run_address>0x5d0a</run_address>
         <size>0x12</size>
         <input_file_ref idref="fl-f3"/>
      </object_component>
      <object_component id="oc-305">
         <name>.text:PWMOutputState</name>
         <load_address>0x5d1c</load_address>
         <run_address>0x5d1c</run_address>
         <size>0x12</size>
         <input_file_ref idref="fl-f5"/>
      </object_component>
      <object_component id="oc-3c8">
         <name>.text:SSIDataGetNonBlocking</name>
         <load_address>0x5d2e</load_address>
         <run_address>0x5d2e</run_address>
         <size>0x12</size>
         <input_file_ref idref="fl-f6"/>
      </object_component>
      <object_component id="oc-327">
         <name>.text:TimerLoadSet</name>
         <load_address>0x5d40</load_address>
         <run_address>0x5d40</run_address>
         <size>0x12</size>
         <input_file_ref idref="fl-f8"/>
      </object_component>
      <object_component id="oc-637">
         <name>.text:chk_chr</name>
         <load_address>0x5d52</load_address>
         <run_address>0x5d52</run_address>
         <size>0x12</size>
         <input_file_ref idref="fl-2"/>
      </object_component>
      <object_component id="oc-30c">
         <name>.text:IntMasterEnable</name>
         <load_address>0x5d64</load_address>
         <run_address>0x5d64</run_address>
         <size>0x10</size>
         <input_file_ref idref="fl-f4"/>
      </object_component>
      <object_component id="oc-2f3">
         <name>.text:PWMGenPeriodSet</name>
         <load_address>0x5d74</load_address>
         <run_address>0x5d74</run_address>
         <size>0x10</size>
         <input_file_ref idref="fl-f5"/>
      </object_component>
      <object_component id="oc-546">
         <name>.text:disk_status</name>
         <load_address>0x5d84</load_address>
         <run_address>0x5d84</run_address>
         <size>0x10</size>
         <input_file_ref idref="fl-4"/>
      </object_component>
      <object_component id="oc-36d">
         <name>.text:f_close</name>
         <load_address>0x5d94</load_address>
         <run_address>0x5d94</run_address>
         <size>0x10</size>
         <input_file_ref idref="fl-2"/>
      </object_component>
      <object_component id="oc-2b2">
         <name>.text:setCmd</name>
         <load_address>0x5da4</load_address>
         <run_address>0x5da4</run_address>
         <size>0x10</size>
         <input_file_ref idref="fl-9"/>
      </object_component>
      <object_component id="oc-44f">
         <name>.text:setData</name>
         <load_address>0x5db4</load_address>
         <run_address>0x5db4</run_address>
         <size>0x10</size>
         <input_file_ref idref="fl-9"/>
      </object_component>
      <object_component id="oc-4ae">
         <name>.text:st_clust</name>
         <load_address>0x5dc4</load_address>
         <run_address>0x5dc4</run_address>
         <size>0x10</size>
         <input_file_ref idref="fl-2"/>
      </object_component>
      <object_component id="oc-184">
         <name>.text:GPIOIntDisable</name>
         <load_address>0x5dd4</load_address>
         <run_address>0x5dd4</run_address>
         <size>0xe</size>
         <input_file_ref idref="fl-f3"/>
      </object_component>
      <object_component id="oc-3e0">
         <name>.text:GPIOIntStatus</name>
         <load_address>0x5de2</load_address>
         <run_address>0x5de2</run_address>
         <size>0xe</size>
         <input_file_ref idref="fl-f3"/>
      </object_component>
      <object_component id="oc-333">
         <name>.text:TimerEnable</name>
         <load_address>0x5df0</load_address>
         <run_address>0x5df0</run_address>
         <size>0xe</size>
         <input_file_ref idref="fl-f8"/>
      </object_component>
      <object_component id="oc-a1">
         <name>.text:UARTCharGetNonBlocking</name>
         <load_address>0x5dfe</load_address>
         <run_address>0x5dfe</run_address>
         <size>0xe</size>
         <input_file_ref idref="fl-f9"/>
      </object_component>
      <object_component id="oc-a7">
         <name>.text:UARTCharPutNonBlocking</name>
         <load_address>0x5e0c</load_address>
         <run_address>0x5e0c</run_address>
         <size>0xe</size>
         <input_file_ref idref="fl-f9"/>
      </object_component>
      <object_component id="oc-b3">
         <name>.text:UARTCharsAvail</name>
         <load_address>0x5e1a</load_address>
         <run_address>0x5e1a</run_address>
         <size>0xe</size>
         <input_file_ref idref="fl-f9"/>
      </object_component>
      <object_component id="oc-18">
         <name>.text:decompress:none</name>
         <load_address>0x5e28</load_address>
         <run_address>0x5e28</run_address>
         <size>0xe</size>
         <input_file_ref idref="fl-cc"/>
      </object_component>
      <object_component id="oc-46d">
         <name>.text:CPUcpsie</name>
         <load_address>0x5e36</load_address>
         <run_address>0x5e36</run_address>
         <size>0xc</size>
         <input_file_ref idref="fl-fa"/>
      </object_component>
      <object_component id="oc-196">
         <name>.text:GPIOIntEnable</name>
         <load_address>0x5e42</load_address>
         <run_address>0x5e42</run_address>
         <size>0xc</size>
         <input_file_ref idref="fl-f3"/>
      </object_component>
      <object_component id="oc-2ff">
         <name>.text:PWMGenEnable</name>
         <load_address>0x5e4e</load_address>
         <run_address>0x5e4e</run_address>
         <size>0xc</size>
         <input_file_ref idref="fl-f5"/>
      </object_component>
      <object_component id="oc-695">
         <name>.text:chk_power</name>
         <load_address>0x5e5c</load_address>
         <run_address>0x5e5c</run_address>
         <size>0xc</size>
         <input_file_ref idref="fl-4"/>
      </object_component>
      <object_component id="oc-1e">
         <name>.text:decompress:ZI</name>
         <load_address>0x5e68</load_address>
         <run_address>0x5e68</run_address>
         <size>0xc</size>
         <input_file_ref idref="fl-cd"/>
      </object_component>
      <object_component id="oc-627">
         <name>.text:power_off</name>
         <load_address>0x5e74</load_address>
         <run_address>0x5e74</run_address>
         <size>0xc</size>
         <input_file_ref idref="fl-4"/>
      </object_component>
      <object_component id="oc-68d">
         <name>.text:rcvr_spi_m</name>
         <load_address>0x5e80</load_address>
         <run_address>0x5e80</run_address>
         <size>0xc</size>
         <input_file_ref idref="fl-4"/>
      </object_component>
      <object_component id="oc-3bb">
         <name>.text:SSIDataPut</name>
         <load_address>0x5e8c</load_address>
         <run_address>0x5e8c</run_address>
         <size>0xa</size>
         <input_file_ref idref="fl-f6"/>
      </object_component>
      <object_component id="oc-2a5">
         <name>.text:SSIEnable</name>
         <load_address>0x5e96</load_address>
         <run_address>0x5e96</run_address>
         <size>0xa</size>
         <input_file_ref idref="fl-f6"/>
      </object_component>
      <object_component id="oc-3c1">
         <name>.text:SSIBusy</name>
         <load_address>0x5ea0</load_address>
         <run_address>0x5ea0</run_address>
         <size>0x8</size>
         <input_file_ref idref="fl-f6"/>
      </object_component>
      <object_component id="oc-32d">
         <name>.text:TimerIntEnable</name>
         <load_address>0x5ea8</load_address>
         <run_address>0x5ea8</run_address>
         <size>0x8</size>
         <input_file_ref idref="fl-f8"/>
      </object_component>
      <object_component id="oc-285">
         <name>.text:UARTIntEnable</name>
         <load_address>0x5eb0</load_address>
         <run_address>0x5eb0</run_address>
         <size>0x8</size>
         <input_file_ref idref="fl-f9"/>
      </object_component>
      <object_component id="oc-216">
         <name>.text:cursorOffLCD</name>
         <load_address>0x5eb8</load_address>
         <run_address>0x5eb8</run_address>
         <size>0x8</size>
         <input_file_ref idref="fl-9"/>
      </object_component>
      <object_component id="oc-4a2">
         <name>.text:get_fattime</name>
         <load_address>0x5ec0</load_address>
         <run_address>0x5ec0</run_address>
         <size>0x8</size>
         <input_file_ref idref="fl-4"/>
      </object_component>
      <object_component id="oc-210">
         <name>.text:setBlockCursorLCD</name>
         <load_address>0x5ec8</load_address>
         <run_address>0x5ec8</run_address>
         <size>0x8</size>
         <input_file_ref idref="fl-9"/>
      </object_component>
      <object_component id="oc-b9">
         <name>.text:GPIOIntClear</name>
         <load_address>0x5ed0</load_address>
         <run_address>0x5ed0</run_address>
         <size>0x6</size>
         <input_file_ref idref="fl-f3"/>
      </object_component>
      <object_component id="oc-1cd">
         <name>.text:GPIOPinWrite</name>
         <load_address>0x5ed6</load_address>
         <run_address>0x5ed6</run_address>
         <size>0x6</size>
         <input_file_ref idref="fl-f3"/>
      </object_component>
      <object_component id="oc-2b">
         <name>.text:ResetISR</name>
         <load_address>0x5edc</load_address>
         <run_address>0x5edc</run_address>
         <size>0x6</size>
         <input_file_ref idref="fl-6"/>
      </object_component>
      <object_component id="oc-1a8">
         <name>.text:SysCtlDelay</name>
         <load_address>0x5ee2</load_address>
         <run_address>0x5ee2</run_address>
         <size>0x6</size>
         <input_file_ref idref="fl-f7"/>
      </object_component>
      <object_component id="oc-273">
         <name>.text:UARTClockSourceSet</name>
         <load_address>0x5ee8</load_address>
         <run_address>0x5ee8</run_address>
         <size>0x6</size>
         <input_file_ref idref="fl-f9"/>
      </object_component>
      <object_component id="oc-1bb">
         <name>.text:printSpecialChar</name>
         <load_address>0x5eee</load_address>
         <run_address>0x5eee</run_address>
         <size>0x6</size>
         <input_file_ref idref="fl-9"/>
      </object_component>
      <object_component id="oc-81">
         <name>.text</name>
         <load_address>0x5ef4</load_address>
         <run_address>0x5ef4</run_address>
         <size>0x4</size>
         <input_file_ref idref="fl-d9"/>
      </object_component>
      <object_component id="oc-384">
         <name>.const:.string:textarray</name>
         <load_address>0x5ef8</load_address>
         <run_address>0x5ef8</run_address>
         <size>0x210</size>
         <input_file_ref idref="fl-5"/>
      </object_component>
      <object_component id="oc-664">
         <name>.const:.string:_ctypes_</name>
         <load_address>0x6108</load_address>
         <run_address>0x6108</run_address>
         <size>0x101</size>
         <input_file_ref idref="fl-e7"/>
      </object_component>
      <object_component id="oc-505">
         <name>.const:g_ppui32GPIOIntMapSnowflake</name>
         <load_address>0x620c</load_address>
         <run_address>0x620c</run_address>
         <size>0xd8</size>
         <input_file_ref idref="fl-f3"/>
      </object_component>
      <object_component id="oc-502">
         <name>.const:g_ppui32GPIOIntMapBlizzard</name>
         <load_address>0x62e4</load_address>
         <run_address>0x62e4</run_address>
         <size>0xc0</size>
         <input_file_ref idref="fl-f3"/>
      </object_component>
      <object_component id="oc-431">
         <name>.const:g_pui32GPIOBaseAddrs</name>
         <load_address>0x63a4</load_address>
         <run_address>0x63a4</run_address>
         <size>0x90</size>
         <input_file_ref idref="fl-f3"/>
      </object_component>
      <object_component id="oc-437">
         <name>.const</name>
         <load_address>0x6434</load_address>
         <run_address>0x6434</run_address>
         <size>0x70</size>
         <input_file_ref idref="fl-f4"/>
      </object_component>
      <object_component id="oc-445">
         <name>.const:g_pui32Xtals</name>
         <load_address>0x64a4</load_address>
         <run_address>0x64a4</run_address>
         <size>0x6c</size>
         <input_file_ref idref="fl-f7"/>
      </object_component>
      <object_component id="oc-440">
         <name>.const:g_ui32UARTBase</name>
         <load_address>0x6510</load_address>
         <run_address>0x6510</run_address>
         <size>0xc</size>
         <input_file_ref idref="fl-f"/>
      </object_component>
      <object_component id="oc-43d">
         <name>.const:g_ui32UARTPeriph</name>
         <load_address>0x651c</load_address>
         <run_address>0x651c</run_address>
         <size>0xc</size>
         <input_file_ref idref="fl-f"/>
      </object_component>
      <object_component id="oc-6dd">
         <name>.cinit..data.load</name>
         <load_address>0x6528</load_address>
         <run_address>0x6528</run_address>
         <size>0x6b</size>
      </object_component>
      <object_component id="oc-6da">
         <name>__TI_handler_table</name>
         <load_address>0x6594</load_address>
         <run_address>0x6594</run_address>
         <size>0xc</size>
      </object_component>
      <object_component id="oc-6de">
         <name>.cinit..bss.load</name>
         <load_address>0x65a0</load_address>
         <run_address>0x65a0</run_address>
         <size>0x8</size>
      </object_component>
      <object_component id="oc-6dc">
         <name>.cinit..vtable.load</name>
         <load_address>0x65a8</load_address>
         <run_address>0x65a8</run_address>
         <size>0x8</size>
      </object_component>
      <object_component id="oc-6db">
         <name>__TI_cinit_table</name>
         <load_address>0x65b0</load_address>
         <run_address>0x65b0</run_address>
         <size>0x18</size>
      </object_component>
      <object_component id="oc-509">
         <name>.vtable</name>
         <uninitialized>true</uninitialized>
         <run_address>0x20000000</run_address>
         <size>0x26c</size>
         <input_file_ref idref="fl-f4"/>
      </object_component>
      <object_component id="oc-1f2">
         <name>.data:loggingFreq</name>
         <load_address>0x20000998</load_address>
         <run_address>0x20000998</run_address>
         <size>0x24</size>
         <input_file_ref idref="fl-3"/>
      </object_component>
      <object_component id="oc-c6">
         <name>.data</name>
         <load_address>0x200009bc</load_address>
         <run_address>0x200009bc</run_address>
         <size>0x17</size>
         <input_file_ref idref="fl-3"/>
      </object_component>
      <object_component id="oc-22e">
         <name>.data:brightness_opt_str</name>
         <load_address>0x20000a32</load_address>
         <run_address>0x20000a32</run_address>
         <size>0x5</size>
         <input_file_ref idref="fl-3"/>
      </object_component>
      <object_component id="oc-1ee">
         <name>.data:set_duration</name>
         <load_address>0x20000a37</load_address>
         <run_address>0x20000a37</run_address>
         <size>0x5</size>
         <input_file_ref idref="fl-3"/>
      </object_component>
      <object_component id="oc-234">
         <name>.data:set_cursor_duration</name>
         <load_address>0x20000a2c</load_address>
         <run_address>0x20000a2c</run_address>
         <size>0x6</size>
         <input_file_ref idref="fl-3"/>
      </object_component>
      <object_component id="oc-231">
         <name>.data:loggingDurationString</name>
         <load_address>0x20000900</load_address>
         <run_address>0x20000900</run_address>
         <size>0x64</size>
         <input_file_ref idref="fl-3"/>
      </object_component>
      <object_component id="oc-3b5">
         <name>.data:int2str_duration</name>
         <load_address>0x200009e0</load_address>
         <run_address>0x200009e0</run_address>
         <size>0xa</size>
         <input_file_ref idref="fl-3"/>
      </object_component>
      <object_component id="oc-5f1">
         <name>.data</name>
         <load_address>0x20000996</load_address>
         <run_address>0x20000996</run_address>
         <size>0x2</size>
         <input_file_ref idref="fl-4"/>
      </object_component>
      <object_component id="oc-380">
         <name>.data:initFileName</name>
         <load_address>0x20000a41</load_address>
         <run_address>0x20000a41</run_address>
         <size>0x4</size>
         <input_file_ref idref="fl-5"/>
      </object_component>
      <object_component id="oc-37d">
         <name>.data</name>
         <load_address>0x200009ea</load_address>
         <run_address>0x200009ea</run_address>
         <size>0x2</size>
         <input_file_ref idref="fl-5"/>
      </object_component>
      <object_component id="oc-377">
         <name>.data:testing</name>
         <load_address>0x20000964</load_address>
         <run_address>0x20000964</run_address>
         <size>0x32</size>
         <input_file_ref idref="fl-5"/>
      </object_component>
      <object_component id="oc-2ca">
         <name>.data:plusminusmap</name>
         <load_address>0x20000a24</load_address>
         <run_address>0x20000a24</run_address>
         <size>0x8</size>
         <input_file_ref idref="fl-9"/>
      </object_component>
      <object_component id="oc-2cd">
         <name>.data:BrightnessLV1</name>
         <load_address>0x200009f4</load_address>
         <run_address>0x200009f4</run_address>
         <size>0x8</size>
         <input_file_ref idref="fl-9"/>
      </object_component>
      <object_component id="oc-2d0">
         <name>.data:BrightnessLV2</name>
         <load_address>0x200009fc</load_address>
         <run_address>0x200009fc</run_address>
         <size>0x8</size>
         <input_file_ref idref="fl-9"/>
      </object_component>
      <object_component id="oc-2d3">
         <name>.data:BrightnessLV3</name>
         <load_address>0x20000a04</load_address>
         <run_address>0x20000a04</run_address>
         <size>0x8</size>
         <input_file_ref idref="fl-9"/>
      </object_component>
      <object_component id="oc-2d6">
         <name>.data:BrightnessLV4</name>
         <load_address>0x20000a0c</load_address>
         <run_address>0x20000a0c</run_address>
         <size>0x8</size>
         <input_file_ref idref="fl-9"/>
      </object_component>
      <object_component id="oc-2d9">
         <name>.data:BrightnessLV5</name>
         <load_address>0x20000a14</load_address>
         <run_address>0x20000a14</run_address>
         <size>0x8</size>
         <input_file_ref idref="fl-9"/>
      </object_component>
      <object_component id="oc-2dc">
         <name>.data:enter</name>
         <load_address>0x20000a1c</load_address>
         <run_address>0x20000a1c</run_address>
         <size>0x8</size>
         <input_file_ref idref="fl-9"/>
      </object_component>
      <object_component id="oc-41c">
         <name>.data</name>
         <load_address>0x20000a3c</load_address>
         <run_address>0x20000a3c</run_address>
         <size>0x5</size>
         <input_file_ref idref="fl-f"/>
      </object_component>
      <object_component id="oc-ff">
         <name>.data:$O1$$</name>
         <load_address>0x200009d4</load_address>
         <run_address>0x200009d4</run_address>
         <size>0xc</size>
         <input_file_ref idref="fl-ce"/>
      </object_component>
      <object_component id="oc-99">
         <name>.data</name>
         <load_address>0x20000a4c</load_address>
         <run_address>0x20000a4c</run_address>
         <size>0x4</size>
         <input_file_ref idref="fl-db"/>
      </object_component>
      <object_component id="oc-102">
         <name>.data:$O1$$</name>
         <load_address>0x200009ec</load_address>
         <run_address>0x200009ec</run_address>
         <size>0x8</size>
         <input_file_ref idref="fl-e1"/>
      </object_component>
      <object_component id="oc-65d">
         <name>.data</name>
         <load_address>0x20000a48</load_address>
         <run_address>0x20000a48</run_address>
         <size>0x4</size>
         <input_file_ref idref="fl-f1"/>
      </object_component>
      <object_component id="oc-47c">
         <name>.bss:FatFs</name>
         <uninitialized>true</uninitialized>
         <run_address>0x200006f0</run_address>
         <size>0x4</size>
         <input_file_ref idref="fl-2"/>
      </object_component>
      <object_component id="oc-558">
         <name>.bss</name>
         <uninitialized>true</uninitialized>
         <run_address>0x200006fc</run_address>
         <size>0x2</size>
         <input_file_ref idref="fl-2"/>
      </object_component>
      <object_component id="oc-5f4">
         <name>.bss</name>
         <uninitialized>true</uninitialized>
         <run_address>0x200006f8</run_address>
         <size>0x3</size>
         <input_file_ref idref="fl-4"/>
      </object_component>
      <object_component id="oc-1f1">
         <name>.common:measure_mode</name>
         <uninitialized>true</uninitialized>
         <run_address>0x200006fb</run_address>
         <size>0x1</size>
      </object_component>
      <object_component id="oc-1eb">
         <name>.common:pb_mode</name>
         <uninitialized>true</uninitialized>
         <run_address>0x200006fe</run_address>
         <size>0x1</size>
      </object_component>
      <object_component id="oc-339">
         <name>.common:numTick</name>
         <uninitialized>true</uninitialized>
         <run_address>0x200006f4</run_address>
         <size>0x4</size>
      </object_component>
      <object_component id="oc-37b">
         <name>.common:filename</name>
         <uninitialized>true</uninitialized>
         <run_address>0x200006dc</run_address>
         <size>0xc</size>
      </object_component>
      <object_component id="oc-37c">
         <name>.common:countstr</name>
         <uninitialized>true</uninitialized>
         <run_address>0x200006e8</run_address>
         <size>0x8</size>
      </object_component>
      <object_component id="oc-373">
         <name>.common:fatfs</name>
         <uninitialized>true</uninitialized>
         <run_address>0x2000026c</run_address>
         <size>0x234</size>
      </object_component>
      <object_component id="oc-383">
         <name>.common:fil</name>
         <uninitialized>true</uninitialized>
         <run_address>0x200004a0</run_address>
         <size>0x224</size>
      </object_component>
      <object_component id="oc-376">
         <name>.common:rc</name>
         <uninitialized>true</uninitialized>
         <run_address>0x200006ff</run_address>
         <size>0x1</size>
      </object_component>
      <object_component id="oc-37a">
         <name>.common:fno</name>
         <uninitialized>true</uninitialized>
         <run_address>0x200006c4</run_address>
         <size>0x18</size>
      </object_component>
      <object_component id="oc-2a">
         <name>.stack</name>
         <uninitialized>true</uninitialized>
         <run_address>0x20000700</run_address>
         <size>0x0</size>
         <input_file_ref idref="fl-ca"/>
      </object_component>
      <object_component id="oc-6df">
         <name>.stack</name>
         <uninitialized>true</uninitialized>
         <run_address>0x20000700</run_address>
         <size>0x0</size>
      </object_component>
      <object_component id="oc-480">
         <name>.debug_info</name>
         <load_address>0x0</load_address>
         <run_address>0x0</run_address>
         <size>0x2d8</size>
         <input_file_ref idref="fl-2"/>
      </object_component>
      <object_component id="oc-47d">
         <name>.debug_info</name>
         <load_address>0x2d8</load_address>
         <run_address>0x2d8</run_address>
         <size>0xc1</size>
         <input_file_ref idref="fl-2"/>
      </object_component>
      <object_component id="oc-559">
         <name>.debug_info</name>
         <load_address>0x399</load_address>
         <run_address>0x399</run_address>
         <size>0xbf</size>
         <input_file_ref idref="fl-2"/>
      </object_component>
      <object_component id="oc-5c9">
         <name>.debug_info</name>
         <load_address>0x458</load_address>
         <run_address>0x458</run_address>
         <size>0x148</size>
         <input_file_ref idref="fl-2"/>
      </object_component>
      <object_component id="oc-4bb">
         <name>.debug_info</name>
         <load_address>0x5a0</load_address>
         <run_address>0x5a0</run_address>
         <size>0x165</size>
         <input_file_ref idref="fl-2"/>
      </object_component>
      <object_component id="oc-5c2">
         <name>.debug_info</name>
         <load_address>0x705</load_address>
         <run_address>0x705</run_address>
         <size>0x1cc</size>
         <input_file_ref idref="fl-2"/>
      </object_component>
      <object_component id="oc-4f0">
         <name>.debug_info</name>
         <load_address>0x8d1</load_address>
         <run_address>0x8d1</run_address>
         <size>0x19b</size>
         <input_file_ref idref="fl-2"/>
      </object_component>
      <object_component id="oc-4c4">
         <name>.debug_info</name>
         <load_address>0xa6c</load_address>
         <run_address>0xa6c</run_address>
         <size>0x129</size>
         <input_file_ref idref="fl-2"/>
      </object_component>
      <object_component id="oc-4ca">
         <name>.debug_info</name>
         <load_address>0xb95</load_address>
         <run_address>0xb95</run_address>
         <size>0x1bc</size>
         <input_file_ref idref="fl-2"/>
      </object_component>
      <object_component id="oc-4d6">
         <name>.debug_info</name>
         <load_address>0xd51</load_address>
         <run_address>0xd51</run_address>
         <size>0x134</size>
         <input_file_ref idref="fl-2"/>
      </object_component>
      <object_component id="oc-4e2">
         <name>.debug_info</name>
         <load_address>0xe85</load_address>
         <run_address>0xe85</run_address>
         <size>0x13f</size>
         <input_file_ref idref="fl-2"/>
      </object_component>
      <object_component id="oc-35c">
         <name>.debug_info</name>
         <load_address>0xfc4</load_address>
         <run_address>0xfc4</run_address>
         <size>0x264</size>
         <input_file_ref idref="fl-2"/>
      </object_component>
      <object_component id="oc-553">
         <name>.debug_info</name>
         <load_address>0x1228</load_address>
         <run_address>0x1228</run_address>
         <size>0x13f</size>
         <input_file_ref idref="fl-2"/>
      </object_component>
      <object_component id="oc-482">
         <name>.debug_info</name>
         <load_address>0x1367</load_address>
         <run_address>0x1367</run_address>
         <size>0x2c7</size>
         <input_file_ref idref="fl-2"/>
      </object_component>
      <object_component id="oc-5b8">
         <name>.debug_info</name>
         <load_address>0x162e</load_address>
         <run_address>0x162e</run_address>
         <size>0x143</size>
         <input_file_ref idref="fl-2"/>
      </object_component>
      <object_component id="oc-638">
         <name>.debug_info</name>
         <load_address>0x1771</load_address>
         <run_address>0x1771</run_address>
         <size>0x12d</size>
         <input_file_ref idref="fl-2"/>
      </object_component>
      <object_component id="oc-55d">
         <name>.debug_info</name>
         <load_address>0x189e</load_address>
         <run_address>0x189e</run_address>
         <size>0x1b5</size>
         <input_file_ref idref="fl-2"/>
      </object_component>
      <object_component id="oc-569">
         <name>.debug_info</name>
         <load_address>0x1a53</load_address>
         <run_address>0x1a53</run_address>
[...]
         <object_component_ref idref="oc-14e"/>
      </symbol>
      <symbol id="sm-759">
         <name>SetGain</name>
         <value>0x51e5</value>
         <object_component_ref idref="oc-204"/>
      </symbol>
      <symbol id="sm-75a">
         <name>SetInputRelay</name>
         <value>0x58f9</value>
         <object_component_ref idref="oc-3a9"/>
      </symbol>
      <symbol id="sm-7b0">
         <name>UART1IntHandler</name>
         <value>0x553d</value>
         <object_component_ref idref="oc-49"/>
      </symbol>
      <symbol id="sm-7b1">
         <name>initUART0</name>
         <value>0x48ed</value>
         <object_component_ref idref="oc-136"/>
      </symbol>
      <symbol id="sm-7b2">
         <name>initUART1</name>
         <value>0x4809</value>
         <object_component_ref idref="oc-13c"/>
      </symbol>
      <symbol id="sm-7b3">
         <name>UARTIntHandler</name>
         <value>0x56b9</value>
         <object_component_ref idref="oc-43"/>
      </symbol>
      <symbol id="sm-7b4">
         <name>UARTSendMeasurement</name>
         <value>0x4a3d</value>
         <object_component_ref idref="oc-228"/>
      </symbol>
      <symbol id="sm-7b5">
         <name>UARTSend</name>
         <value>0x5925</value>
         <object_component_ref idref="oc-40b"/>
      </symbol>
      <symbol id="sm-824">
         <name>UARTStdioConfig</name>
         <value>0x4d6d</value>
         <object_component_ref idref="oc-28b"/>
      </symbol>
      <symbol id="sm-825">
         <name>UARTwrite</name>
         <value>0x5311</value>
         <object_component_ref idref="oc-24f"/>
      </symbol>
      <symbol id="sm-826">
         <name>UARTprintf</name>
         <value>0x5bb1</value>
         <object_component_ref idref="oc-ad"/>
      </symbol>
      <symbol id="sm-827">
         <name>UARTvprintf</name>
         <value>0x229d</value>
         <object_component_ref idref="oc-10d"/>
      </symbol>
      <symbol id="sm-838">
         <name>_c_int00</name>
         <value>0x4ff1</value>
         <object_component_ref idref="oc-24"/>
      </symbol>
      <symbol id="sm-839">
         <name>__stack</name>
         <value>0x20000700</value>
         <object_component_ref idref="oc-2a"/>
      </symbol>
      <symbol id="sm-857">
         <name>__TI_decompress_lzss</name>
         <value>0x4b11</value>
         <object_component_ref idref="oc-12"/>
      </symbol>
      <symbol id="sm-86e">
         <name>__TI_decompress_none</name>
         <value>0x5e29</value>
         <object_component_ref idref="oc-18"/>
      </symbol>
      <symbol id="sm-880">
         <name>__TI_zero_init</name>
         <value>0x5e69</value>
         <object_component_ref idref="oc-1e"/>
      </symbol>
      <symbol id="sm-8a1">
         <name>C$$EXIT</name>
         <value>0x5045</value>
         <object_component_ref idref="oc-93"/>
      </symbol>
      <symbol id="sm-8a2">
         <name>abort</name>
         <value>0x5049</value>
         <object_component_ref idref="oc-93"/>
      </symbol>
      <symbol id="sm-8a3">
         <name>exit</name>
         <value>0x5051</value>
         <object_component_ref idref="oc-93"/>
      </symbol>
      <symbol id="sm-8a4">
         <name>__TI_dtors_ptr</name>
         <value>0x200009d8</value>
         <object_component_ref idref="oc-ff"/>
      </symbol>
      <symbol id="sm-8a5">
         <name>__TI_cleanup_ptr</name>
         <value>0x200009d4</value>
         <object_component_ref idref="oc-ff"/>
      </symbol>
      <symbol id="sm-8a6">
         <name>__TI_enable_exit_profile_output</name>
         <value>0x200009dc</value>
         <object_component_ref idref="oc-ff"/>
      </symbol>
      <symbol id="sm-8bd">
         <name>__aeabi_dsub</name>
         <value>0x2663</value>
         <object_component_ref idref="oc-3da"/>
      </symbol>
      <symbol id="sm-8be">
         <name>__aeabi_dadd</name>
         <value>0x266d</value>
         <object_component_ref idref="oc-3da"/>
      </symbol>
      <symbol id="sm-8e0">
         <name>__aeabi_cdcmpeq</name>
         <value>0x4411</value>
         <object_component_ref idref="oc-1fa"/>
      </symbol>
      <symbol id="sm-8e1">
         <name>__aeabi_cdcmple</name>
         <value>0x4411</value>
         <object_component_ref idref="oc-1fa"/>
      </symbol>
      <symbol id="sm-8e2">
         <name>__aeabi_cdrcmple</name>
         <value>0x4497</value>
         <object_component_ref idref="oc-1ff"/>
      </symbol>
      <symbol id="sm-8f6">
         <name>__aeabi_ddiv</name>
         <value>0x3027</value>
         <object_component_ref idref="oc-3d0"/>
      </symbol>
      <symbol id="sm-901">
         <name>__aeabi_dmul</name>
         <value>0x34c5</value>
         <object_component_ref idref="oc-31d"/>
      </symbol>
      <symbol id="sm-90b">
         <name>__aeabi_d2iz</name>
         <value>0x5431</value>
         <object_component_ref idref="oc-322"/>
      </symbol>
      <symbol id="sm-917">
         <name>__aeabi_d2f</name>
         <value>0x49cd</value>
         <object_component_ref idref="oc-3d5"/>
      </symbol>
      <symbol id="sm-922">
         <name>__aeabi_f2d</name>
         <value>0x5769</value>
         <object_component_ref idref="oc-1f5"/>
      </symbol>
      <symbol id="sm-93d">
         <name>memcpy</name>
         <value>0x4099</value>
         <object_component_ref idref="oc-63"/>
      </symbol>
      <symbol id="sm-93e">
         <name>__aeabi_memcpy</name>
         <value>0x4099</value>
         <object_component_ref idref="oc-63"/>
      </symbol>
      <symbol id="sm-93f">
         <name>__aeabi_memcpy8</name>
         <value>0x4099</value>
         <object_component_ref idref="oc-63"/>
      </symbol>
      <symbol id="sm-940">
         <name>__aeabi_memcpy4</name>
         <value>0x4099</value>
         <object_component_ref idref="oc-63"/>
      </symbol>
      <symbol id="sm-94f">
         <name>__aeabi_memset</name>
         <value>0x471b</value>
         <object_component_ref idref="oc-6f"/>
      </symbol>
      <symbol id="sm-950">
         <name>memset</name>
         <value>0x4721</value>
         <object_component_ref idref="oc-6f"/>
      </symbol>
      <symbol id="sm-951">
         <name>__aeabi_memset8</name>
         <value>0x471b</value>
         <object_component_ref idref="oc-6f"/>
      </symbol>
      <symbol id="sm-952">
         <name>__aeabi_memset4</name>
         <value>0x471b</value>
         <object_component_ref idref="oc-6f"/>
      </symbol>
      <symbol id="sm-953">
         <name>__aeabi_memclr8</name>
         <value>0x4719</value>
         <object_component_ref idref="oc-6f"/>
      </symbol>
      <symbol id="sm-954">
         <name>__aeabi_memclr4</name>
         <value>0x4719</value>
         <object_component_ref idref="oc-6f"/>
      </symbol>
      <symbol id="sm-955">
         <name>__aeabi_memclr</name>
         <value>0x4719</value>
         <object_component_ref idref="oc-6f"/>
      </symbol>
      <symbol id="sm-95f">
         <name>__mpu_init</name>
         <value>0x4793</value>
         <object_component_ref idref="oc-7b"/>
      </symbol>
      <symbol id="sm-969">
         <name>_system_pre_init</name>
         <value>0x5ef5</value>
         <object_component_ref idref="oc-81"/>
      </symbol>
      <symbol id="sm-982">
         <name>sprintf</name>
         <value>0x4e2d</value>
         <object_component_ref idref="oc-349"/>
      </symbol>
      <symbol id="sm-98a">
         <name>main_func_sp</name>
         <value>0x20000a4c</value>
         <object_component_ref idref="oc-99"/>
      </symbol>
      <symbol id="sm-99a">
         <name>strcat</name>
         <value>0x5ae9</value>
         <object_component_ref idref="oc-405"/>
      </symbol>
      <symbol id="sm-9a9">
         <name>strlen</name>
         <value>0x5cc1</value>
         <object_component_ref idref="oc-355"/>
      </symbol>
      <symbol id="sm-9b8">
         <name>__aeabi_uidivmod</name>
         <value>0x55bd</value>
         <object_component_ref idref="oc-255"/>
      </symbol>
      <symbol id="sm-9b9">
         <name>__aeabi_uidiv</name>
         <value>0x55bd</value>
         <object_component_ref idref="oc-255"/>
      </symbol>
      <symbol id="sm-9c3">
         <name>__aeabi_ui2d</name>
         <value>0x5a6b</value>
         <object_component_ref idref="oc-318"/>
      </symbol>
      <symbol id="sm-9dc">
         <name>_nop</name>
         <value>0x5ca7</value>
         <object_component_ref idref="oc-241"/>
      </symbol>
      <symbol id="sm-9dd">
         <name>_lock</name>
         <value>0x200009ec</value>
         <object_component_ref idref="oc-102"/>
      </symbol>
      <symbol id="sm-9de">
         <name>_unlock</name>
         <value>0x200009f0</value>
         <object_component_ref idref="oc-102"/>
      </symbol>
      <symbol id="sm-9df">
         <name>_register_lock</name>
         <value>0x5c9f</value>
         <object_component_ref idref="oc-241"/>
      </symbol>
      <symbol id="sm-9e0">
         <name>_register_unlock</name>
         <value>0x5c99</value>
         <object_component_ref idref="oc-241"/>
      </symbol>
      <symbol id="sm-ae1">
         <name>__TI_printfi</name>
         <value>0xab1</value>
         <object_component_ref idref="oc-494"/>
      </symbol>
      <symbol id="sm-af5">
         <name>_args_main</name>
         <value>0x5c2d</value>
         <object_component_ref idref="oc-8d"/>
      </symbol>
      <symbol id="sm-b0b">
         <name>atoi</name>
         <value>0x5231</value>
         <object_component_ref idref="oc-592"/>
      </symbol>
      <symbol id="sm-b35">
         <name>__TI_auto_init</name>
         <value>0x495d</value>
         <object_component_ref idref="oc-87"/>
      </symbol>
      <symbol id="sm-b4f">
         <name>copy_in</name>
         <value>0x527d</value>
         <object_component_ref idref="oc-e9"/>
      </symbol>
      <symbol id="sm-b5a">
         <name>_ctypes_</name>
         <value>0x6108</value>
         <object_component_ref idref="oc-664"/>
      </symbol>
      <symbol id="sm-b64">
         <name>__aeabi_idiv0</name>
         <value>0x3b53</value>
         <object_component_ref idref="oc-423"/>
      </symbol>
      <symbol id="sm-b6e">
         <name>__aeabi_i2d</name>
         <value>0x589b</value>
         <object_component_ref idref="oc-57b"/>
      </symbol>
      <symbol id="sm-b7d">
         <name>ltoa</name>
         <value>0x5099</value>
         <object_component_ref idref="oc-575"/>
      </symbol>
      <symbol id="sm-b8d">
         <name>memccpy</name>
         <value>0x5b95</value>
         <object_component_ref idref="oc-598"/>
      </symbol>
      <symbol id="sm-ba8">
         <name>frexpl</name>
         <value>0x4c45</value>
         <object_component_ref idref="oc-580"/>
      </symbol>
      <symbol id="sm-ba9">
         <name>frexp</name>
         <value>0x4c45</value>
         <object_component_ref idref="oc-580"/>
      </symbol>
      <symbol id="sm-bc6">
         <name>scalbn</name>
         <value>0x35c1</value>
         <object_component_ref idref="oc-586"/>
      </symbol>
      <symbol id="sm-bc7">
         <name>scalbnl</name>
         <value>0x35c1</value>
         <object_component_ref idref="oc-586"/>
      </symbol>
      <symbol id="sm-bc8">
         <name>ldexpl</name>
         <value>0x35c1</value>
         <object_component_ref idref="oc-586"/>
      </symbol>
      <symbol id="sm-bc9">
         <name>ldexp</name>
         <value>0x35c1</value>
         <object_component_ref idref="oc-586"/>
      </symbol>
      <symbol id="sm-bd3">
         <name>_system_post_cinit</name>
         <value>0x4a3b</value>
         <object_component_ref idref="oc-ef"/>
      </symbol>
      <symbol id="sm-be3">
         <name>strchr</name>
         <value>0x5c5b</value>
         <object_component_ref idref="oc-58c"/>
      </symbol>
      <symbol id="sm-bff">
         <name>__aeabi_uldivmod</name>
         <value>0x1eb9</value>
         <object_component_ref idref="oc-570"/>
      </symbol>
      <symbol id="sm-c07">
         <name>errno</name>
         <value>0x20000a48</value>
         <object_component_ref idref="oc-65d"/>
      </symbol>
      <symbol id="sm-c11">
         <name>copysign</name>
         <value>0x5cad</value>
         <object_component_ref idref="oc-657"/>
      </symbol>
      <symbol id="sm-c12">
         <name>copysignl</name>
         <value>0x5cad</value>
         <object_component_ref idref="oc-657"/>
      </symbol>
      <symbol id="sm-cbb">
         <name>GPIOPinTypePWM</name>
         <value>0x5ce7</value>
         <object_component_ref idref="oc-2e7"/>
      </symbol>
      <symbol id="sm-cbc">
         <name>GPIOIntRegister</name>
         <value>0x5bcb</value>
         <object_component_ref idref="oc-18a"/>
      </symbol>
      <symbol id="sm-cbd">
         <name>GPIOPinConfigure</name>
         <value>0x52c9</value>
         <object_component_ref idref="oc-26d"/>
      </symbol>
      <symbol id="sm-cbe">
         <name>GPIOIntDisable</name>
         <value>0x5dd5</value>
         <object_component_ref idref="oc-184"/>
      </symbol>
      <symbol id="sm-cbf">
         <name>GPIOIntEnable</name>
         <value>0x5e43</value>
         <object_component_ref idref="oc-196"/>
      </symbol>
      <symbol id="sm-cc0">
         <name>GPIOIntTypeSet</name>
         <value>0x4f45</value>
         <object_component_ref idref="oc-190"/>
      </symbol>
      <symbol id="sm-cc1">
         <name>GPIOPinTypeGPIOInput</name>
         <value>0x5cd5</value>
         <object_component_ref idref="oc-178"/>
      </symbol>
      <symbol id="sm-cc2">
         <name>GPIOIntClear</name>
         <value>0x5ed1</value>
         <object_component_ref idref="oc-b9"/>
      </symbol>
      <symbol id="sm-cc3">
         <name>GPIOPinTypeUART</name>
         <value>0x5d0b</value>
         <object_component_ref idref="oc-279"/>
      </symbol>
      <symbol id="sm-cc4">
         <name>GPIOIntStatus</name>
         <value>0x5de3</value>
         <object_component_ref idref="oc-3e0"/>
      </symbol>
      <symbol id="sm-cc5">
         <name>GPIOPinTypeGPIOOutput</name>
         <value>0x5be3</value>
         <object_component_ref idref="oc-2ac"/>
      </symbol>
      <symbol id="sm-cc6">
         <name>GPIODirModeSet</name>
         <value>0x59a9</value>
         <object_component_ref idref="oc-389"/>
      </symbol>
      <symbol id="sm-cc7">
         <name>GPIOPinWrite</name>
         <value>0x5ed7</value>
         <object_component_ref idref="oc-1cd"/>
      </symbol>
      <symbol id="sm-cc8">
         <name>GPIOPadConfigSet</name>
         <value>0x315d</value>
         <object_component_ref idref="oc-17e"/>
      </symbol>
      <symbol id="sm-cc9">
         <name>GPIOPinTypeSSI</name>
         <value>0x5cf9</value>
         <object_component_ref idref="oc-293"/>
      </symbol>
      <symbol id="sm-d0b">
         <name>IntEnable</name>
         <value>0x4aa9</value>
         <object_component_ref idref="oc-27f"/>
      </symbol>
      <symbol id="sm-d0c">
         <name>IntRegister</name>
         <value>0x57a1</value>
         <object_component_ref idref="oc-398"/>
      </symbol>
      <symbol id="sm-d0d">
         <name>g_pfnRAMVectors</name>
         <value>0x20000000</value>
         <object_component_ref idref="oc-509"/>
      </symbol>
      <symbol id="sm-d0e">
         <name>IntMasterEnable</name>
         <value>0x5d65</value>
         <object_component_ref idref="oc-30c"/>
      </symbol>
      <symbol id="sm-d3b">
         <name>PWMGenPeriodSet</name>
         <value>0x5d75</value>
         <object_component_ref idref="oc-2f3"/>
      </symbol>
      <symbol id="sm-d3c">
         <name>PWMPulseWidthSet</name>
         <value>0x5aad</value>
         <object_component_ref idref="oc-2f9"/>
      </symbol>
      <symbol id="sm-d3d">
         <name>PWMOutputState</name>
         <value>0x5d1d</value>
         <object_component_ref idref="oc-305"/>
      </symbol>
      <symbol id="sm-d3e">
         <name>PWMGenEnable</name>
         <value>0x5e4f</value>
         <object_component_ref idref="oc-2ff"/>
      </symbol>
      <symbol id="sm-d3f">
         <name>PWMGenConfigure</name>
         <value>0x5a49</value>
         <object_component_ref idref="oc-2ed"/>
      </symbol>
      <symbol id="sm-d6f">
         <name>SSIDataPut</name>
         <value>0x5e8d</value>
         <object_component_ref idref="oc-3bb"/>
      </symbol>
      <symbol id="sm-d70">
         <name>SSIDataGetNonBlocking</name>
         <value>0x5d2f</value>
         <object_component_ref idref="oc-3c8"/>
      </symbol>
      <symbol id="sm-d71">
         <name>SSIConfigSetExpClk</name>
         <value>0x567b</value>
         <object_component_ref idref="oc-29f"/>
      </symbol>
      <symbol id="sm-d72">
         <name>SSIEnable</name>
         <value>0x5e97</value>
         <object_component_ref idref="oc-2a5"/>
      </symbol>
      <symbol id="sm-d73">
         <name>SSIBusy</name>
         <value>0x5ea1</value>
         <object_component_ref idref="oc-3c1"/>
      </symbol>
      <symbol id="sm-dcf">
         <name>SysCtlClockSet</name>
         <value>0x37b5</value>
         <object_component_ref idref="oc-130"/>
      </symbol>
      <symbol id="sm-dd0">
         <name>SysCtlDelay</name>
         <value>0x5ee3</value>
         <object_component_ref idref="oc-1a8"/>
      </symbol>
      <symbol id="sm-dd1">
         <name>SysCtlPeripheralEnable</name>
         <value>0x57d5</value>
         <object_component_ref idref="oc-172"/>
      </symbol>
      <symbol id="sm-dd2">
         <name>SysCtlClockGet</name>
         <value>0x33b5</value>
         <object_component_ref idref="oc-299"/>
      </symbol>
      <symbol id="sm-dd3">
         <name>SysCtlPWMClockSet</name>
         <value>0x5c71</value>
         <object_component_ref idref="oc-2e1"/>
      </symbol>
      <symbol id="sm-dff">
         <name>TimerLoadSet</name>
         <value>0x5d41</value>
         <object_component_ref idref="oc-327"/>
      </symbol>
      <symbol id="sm-e00">
         <name>TimerEnable</name>
         <value>0x5df1</value>
         <object_component_ref idref="oc-333"/>
      </symbol>
      <symbol id="sm-e01">
         <name>TimerIntEnable</name>
         <value>0x5ea9</value>
         <object_component_ref idref="oc-32d"/>
      </symbol>
      <symbol id="sm-e02">
         <name>TimerConfigure</name>
         <value>0x4d0d</value>
         <object_component_ref idref="oc-312"/>
      </symbol>
      <symbol id="sm-e2f">
         <name>UARTCharPutNonBlocking</name>
         <value>0x5e0d</value>
         <object_component_ref idref="oc-a7"/>
      </symbol>
      <symbol id="sm-e30">
         <name>UARTIntEnable</name>
         <value>0x5eb1</value>
         <object_component_ref idref="oc-285"/>
      </symbol>
      <symbol id="sm-e31">
         <name>UARTCharsAvail</name>
         <value>0x5e1b</value>
         <object_component_ref idref="oc-b3"/>
      </symbol>
      <symbol id="sm-e32">
         <name>UARTCharGetNonBlocking</name>
         <value>0x5dff</value>
         <object_component_ref idref="oc-a1"/>
      </symbol>
      <symbol id="sm-e33">
         <name>UARTClockSourceSet</name>
         <value>0x5ee9</value>
         <object_component_ref idref="oc-273"/>
      </symbol>
      <symbol id="sm-e3d">
         <name>CPUcpsie</name>
         <value>0x5e37</value>
         <object_component_ref idref="oc-46d"/>
      </symbol>
      <symbol id="sm-e3e">
         <name>__TI_static_base__</name>
         <value>0x0</value>
      </symbol>
      <symbol id="sm-e41">
         <name>SHT$$INIT_ARRAY$$Limit</name>
         <value>0x0</value>
      </symbol>
      <symbol id="sm-e42">
         <name>SHT$$INIT_ARRAY$$Base</name>
         <value>0x0</value>
      </symbol>
   </symbol_table>
   <title>Link successful</title>
</link_info>
