******************************************************************************
                  TI ARM Linker Unix v16.9.1                   
******************************************************************************
>> Linked Sat May 27 19:46:12 2017

OUTPUT FILE NAME:   <hello.out>
ENTRY POINT SYMBOL: "_c_int00"  address: 000050f5


MEMORY CONFIGURATION

         name            origin    length      used     unused   attr    fill
----------------------  --------  ---------  --------  --------  ----  --------
  FLASH                 00000000   00040000  00006508  00039af8  R  X
  SRAM                  20000000   00008000  00000a58  000075a8  RW X


SEGMENT ALLOCATION MAP

run origin  load origin   length   init length attrs members
----------  ----------- ---------- ----------- ----- -------
00000000    00000000    00006508   00006508    r-x
  00000000    00000000    0000026c   0000026c    r-- .intvecs
  0000026c    0000026c    00005dcc   00005dcc    r-x .text
  00006038    00006038    00000420   00000420    r-- .const
  00006458    00006458    000000b0   000000b0    r-- .cinit
20000000    20000000    00000a58   00000000    rw-
  20000000    20000000    0000026c   00000000    rw- .vtable
  2000026c    2000026c    00000494   00000000    rw- .bss
  20000700    20000700    00000200   00000000    rw- .stack
  20000900    20000900    00000158   00000000    rw- .data


SECTION ALLOCATION MAP

 output                                  attributes/
section   page    origin      length       input sections
--------  ----  ----------  ----------   ----------------
.intvecs   0    00000000    0000026c     
                  00000000    0000026c     startup_ccs.obj (.intvecs)

.text      0    0000026c    00005dcc     
                  0000026c    0000113e     rtsv7M4_T_le_v4SPD16_eabi.lib : _printfi.obj (.text)
                  000013aa    00000002     startup_ccs.obj (.text:FaultISR)
                  000013ac    000008c0     hello.obj (.text:main)
                  00001c6c    00000308     ff.obj (.text:chk_mounted)
                  00001f74    00000281     display.obj (.text:setModeDisplay)
                  000021f5    00000001     --HOLE-- [fill = 0]
                  000021f6    000001f4     rtsv7M4_T_le_v4SPD16_eabi.lib : ull_div_t2.obj (.text)
                  000023ea    00000002     startup_ccs.obj (.text:IntDefaultHandler)
                  000023ec    000001ea     uartstdio.obj (.text:UARTvprintf)
                  000025d6    000001b6     rtsv7M4_T_le_v4SPD16_eabi.lib : fd_add_t2.obj (.text)
                  0000278c    0000019c     mySDcard.obj (.text:openFile)
                  00002928    00000190     ff.obj (.text:f_write)
                  00002ab8    00000190     hello.obj (.text:logging)
                  00002c48    00000168     display.obj (.text:setDiaplyValue)
                  00002db0    00000154     mmc-tm4c123g.obj (.text:disk_ioctl)
                  00002f04    00000144     ff.obj (.text:f_open)
                  00003048    00000140     mmc-tm4c123g.obj (.text:disk_initialize)
                  00003188    0000013c     hello.obj (.text:SW1_IntHandler)
                  000032c4    00000136     rtsv7M4_T_le_v4SPD16_eabi.lib : fd_div_t2.obj (.text)
                  000033fa    00000132     driverlib.lib : gpio.obj (.text:GPIOPadConfigSet)
                  0000352c    00000123     ff.obj (.text:create_name)
                  0000364f    00000001     --HOLE-- [fill = 0]
                  00003650    00000110     driverlib.lib : sysctl.obj (.text:SysCtlClockGet)
                  00003760    000000fc     rtsv7M4_T_le_v4SPD16_eabi.lib : fd_mul_t2.obj (.text)
                  0000385c    000000fc                                   : s_scalbn.obj (.text)
                  00003958    000000f8     ff.obj (.text:dir_next)
                  00003a50    000000f4     driverlib.lib : sysctl.obj (.text:SysCtlClockSet)
                  00003b44    000000f0     display.obj (.text:initLCD)
                  00003c34    000000e2     ff.obj (.text:put_fat)
                  00003d16    00000002     startup_ccs.obj (.text:NmiSR)
                  00003d18    000000dc     ADC.obj (.text:convertADC2range)
                  00003df4    000000dc     hello.obj (.text:modeChange)
                  00003ed0    000000dc     mmc-tm4c123g.obj (.text:power_on)
                  00003fac    000000cc     ff.obj (.text:get_fat)
                  00004078    000000b8     mmc-tm4c123g.obj (.text:disk_write)
                  00004130    000000b0     ff.obj (.text:sync_fs)
                  000041e0    0000009c     ADC.obj (.text:initADC)
                  0000427c    0000009c     rtsv7M4_T_le_v4SPD16_eabi.lib : memcpy_t2.obj (.text)
                  00004318    00000098     ff.obj (.text:create_chain)
                  000043b0    00000098     mypwm.obj (.text:setPWM)
                  00004448    00000090     mmc-tm4c123g.obj (.text:disk_read)
                  000044d8    00000090     ff.obj (.text:f_sync)
                  00004568    0000008c     mypwm.obj (.text:initPWM)
                  000045f4    00000086     rtsv7M4_T_le_v4SPD16_eabi.lib : fd_cmp_t2.obj (.text:__aeabi_cdcmple)
                  0000467a    00000086                                   : fd_cmp_t2.obj (.text:__aeabi_cdrcmple)
                  00004700    00000084     switchgain.obj (.text:initMux)
                  00004784    00000080     hello.obj (.text:initTimer)
                  00004804    0000007c     ff.obj (.text:dir_sdi)
                  00004880    0000007c     ff.obj (.text:get_fileinfo)
                  000048fc    0000007a     rtsv7M4_T_le_v4SPD16_eabi.lib : memset_t2.obj (.text)
                  00004976    00000002                                   : i_div0.obj (.text)
                  00004978    00000074     ff.obj (.text:check_fs)
                  000049ec    00000070     display.obj (.text:ftoa)
                  00004a5c    00000070     uart.obj (.text:initUART0)
                  00004acc    00000070     rtsv7M4_T_le_v4SPD16_eabi.lib : autoinit.obj (.text)
                  00004b3c    0000006e                                   : fd_tos_t2.obj (.text)
                  00004baa    00000002                                   : mpu_init.obj (.text)
                  00004bac    00000068     driverlib.lib : interrupt.obj (.text:IntEnable)
                  00004c14    00000068     rtsv7M4_T_le_v4SPD16_eabi.lib : copy_decompress_lzss.obj (.text:decompress:lzss)
                  00004c7c    00000066     mmc-tm4c123g.obj (.text:send_cmd)
                  00004ce2    00000064     ff.obj (.text:follow_path)
                  00004d46    00000002     rtsv7M4_T_le_v4SPD16_eabi.lib : startup.obj (.text)
                  00004d48    00000064                                   : s_frexp.obj (.text)
                  00004dac    00000062     ff.obj (.text:remove_chain)
                  00004e0e    00000002     --HOLE-- [fill = 0]
                  00004e10    00000060     driverlib.lib : timer.obj (.text:TimerConfigure)
                  00004e70    00000060     uartstdio.obj (.text:UARTStdioConfig)
                  00004ed0    00000060     display.obj (.text:itoa)
                  00004f30    00000060     rtsv7M4_T_le_v4SPD16_eabi.lib : sprintf.obj (.text)
                  00004f90    00000060     mmc-tm4c123g.obj (.text:send_initial_clock_train)
                  00004ff0    00000058     switchgain.obj (.text:SetADCSwitch)
                  00005048    00000056     driverlib.lib : gpio.obj (.text:GPIOIntTypeSet)
                  0000509e    00000056     ff.obj (.text:sync_window)
                  000050f4    00000054     rtsv7M4_T_le_v4SPD16_eabi.lib : boot.obj (.text)
                  00005148    00000054                                   : exit.obj (.text)
                  0000519c    00000054                                   : ltoa.obj (.text)
                  000051f0    00000054     mmc-tm4c123g.obj (.text:set_max_speed)
                  00005244    00000052     mmc-tm4c123g.obj (.text:xmit_datablock)
                  00005296    00000002     --HOLE-- [fill = 0]
                  00005298    00000050     switchgain.obj (.text:SetMuxDCAC)
                  000052e8    0000004c     switchgain.obj (.text:SetGain)
                  00005334    0000004c     mySDcard.obj (.text:closeFile)
                  00005380    0000004c     rtsv7M4_T_le_v4SPD16_eabi.lib : atoi.obj (.text)
                  000053cc    0000004c                                   : cpy_tbl.obj (.text)
                  00005418    00000048     driverlib.lib : gpio.obj (.text:GPIOPinConfigure)
                  00005460    00000048     uartstdio.obj (.text:UARTwrite)
                  000054a8    00000048     ff.obj (.text:dir_find)
                  000054f0    00000048     led.obj (.text:initLED)
                  00005538    00000048     mmc-tm4c123g.obj (.text:rcvr_datablock)
                  00005580    00000048     rtsv7M4_T_le_v4SPD16_eabi.lib : fd_toi_t2.obj (.text)
                  000055c8    00000044     driverlib.lib : gpio.obj (.text:_GPIOIntNumberGet)
                  0000560c    00000040     ADC.obj (.text:ReadADC)
                  0000564c    00000040     uart.obj (.text:UART1IntHandler)
                  0000568c    00000040     ff.obj (.text:f_stat)
                  000056cc    00000040     rtsv7M4_T_le_v4SPD16_eabi.lib : u_divt2.obj (.text)
                  0000570c    00000040     display.obj (.text:sendByte)
                  0000574c    0000003e     ff.obj (.text:dir_alloc)
                  0000578a    0000003c     driverlib.lib : ssi.obj (.text:SSIConfigSetExpClk)
                  000057c6    00000002     --HOLE-- [fill = 0]
                  000057c8    0000003c     uart.obj (.text:UARTIntHandler)
                  00005804    0000003c     mySDcard.obj (.text:initSDcard)
                  00005840    00000038     ff.obj (.text:dir_register)
                  00005878    00000038     rtsv7M4_T_le_v4SPD16_eabi.lib : fs_tod_t2.obj (.text)
                  000058b0    00000034     driverlib.lib : interrupt.obj (.text:IntRegister)
                  000058e4    00000034                   : sysctl.obj (.text:SysCtlPeripheralEnable)
                  00005918    00000034     hello.obj (.text:Timer0IntHandler)
                  0000594c    00000032     display.obj (.text:buildChar)
                  0000597e    00000032     mmc-tm4c123g.obj (.text:send_cmd12)
                  000059b0    0000002e     ff.obj (.text:move_window)
                  000059de    0000002e     rtsv7M4_T_le_v4SPD16_eabi.lib : i_tofd_t2.obj (.text)
                  00005a0c    0000002e     display.obj (.text:setCursorPositionLCD)
                  00005a3a    00000002     --HOLE-- [fill = 0]
                  00005a3c    0000002c     switchgain.obj (.text:SetInputRelay)
                  00005a68    0000002c     ff.obj (.text:f_mount)
                  00005a94    0000002c     mmc-tm4c123g.obj (.text:rcvr_spi)
                  00005ac0    0000002a     driverlib.lib : gpio.obj (.text:GPIODirModeSet)
                  00005aea    00000002     --HOLE-- [fill = 0]
                  00005aec    00000028     display.obj (.text:pulseLCD)
                  00005b14    00000028     ff.obj (.text:validate)
                  00005b3c    00000028     mySDcard.obj (.text:writeSD)
                  00005b64    00000024     mmc-tm4c123g.obj (.text:xmit_spi)
                  00005b88    00000022     driverlib.lib : pwm.obj (.text:PWMGenConfigure)
                  00005baa    00000020     rtsv7M4_T_le_v4SPD16_eabi.lib : u_tofd_t2.obj (.text)
                  00005bca    00000002     --HOLE-- [fill = 0]
                  00005bcc    00000020     mmc-tm4c123g.obj (.text:wait_ready)
                  00005bec    0000001e     driverlib.lib : pwm.obj (.text:PWMPulseWidthSet)
                  00005c0a    0000001e     ff.obj (.text:ld_clust)
                  00005c28    0000001e     rtsv7M4_T_le_v4SPD16_eabi.lib : strcat.obj (.text)
                  00005c46    00000002     --HOLE-- [fill = 0]
                  00005c48    0000001c     mmc-tm4c123g.obj (.text:DESELECT)
                  00005c64    0000001c     mmc-tm4c123g.obj (.text:SELECT)
                  00005c80    0000001c     ADC.obj (.text:WriteADC)
                  00005c9c    0000001c     display.obj (.text:clearLCD)
                  00005cb8    0000001c     ff.obj (.text:mem_cmp)
                  00005cd4    0000001c     rtsv7M4_T_le_v4SPD16_eabi.lib : memccpy.obj (.text)
                  00005cf0    0000001a     uartstdio.obj (.text:UARTprintf)
                  00005d0a    00000018     driverlib.lib : gpio.obj (.text:GPIOIntRegister)
                  00005d22    00000018                   : gpio.obj (.text:GPIOPinTypeGPIOOutput)
                  00005d3a    00000018     ff.obj (.text:clust2sect)
                  00005d52    00000018     display.obj (.text:printLCD)
                  00005d6a    00000002     --HOLE-- [fill = 0]
                  00005d6c    00000018     rtsv7M4_T_le_v4SPD16_eabi.lib : args_main.obj (.text)
                  00005d84    00000016     ff.obj (.text:mem_cpy)
                  00005d9a    00000016     rtsv7M4_T_le_v4SPD16_eabi.lib : strchr.obj (.text)
                  00005db0    00000014     driverlib.lib : sysctl.obj (.text:SysCtlPWMClockSet)
                  00005dc4    00000014     ff.obj (.text:mem_set)
                  00005dd8    00000014     rtsv7M4_T_le_v4SPD16_eabi.lib : _lock.obj (.text)
                  00005dec    00000014                                   : s_copysign.obj (.text)
                  00005e00    00000014                                   : strlen.obj (.text)
                  00005e14    00000012     driverlib.lib : gpio.obj (.text:GPIOPinTypeGPIOInput)
                  00005e26    00000012                   : gpio.obj (.text:GPIOPinTypePWM)
                  00005e38    00000012                   : gpio.obj (.text:GPIOPinTypeSSI)
                  00005e4a    00000012                   : gpio.obj (.text:GPIOPinTypeUART)
                  00005e5c    00000012                   : pwm.obj (.text:PWMOutputState)
                  00005e6e    00000012                   : ssi.obj (.text:SSIDataGetNonBlocking)
                  00005e80    00000012                   : timer.obj (.text:TimerLoadSet)
                  00005e92    00000012     ff.obj (.text:chk_chr)
                  00005ea4    00000010     driverlib.lib : interrupt.obj (.text:IntMasterEnable)
                  00005eb4    00000010                   : pwm.obj (.text:PWMGenPeriodSet)
                  00005ec4    00000010     mmc-tm4c123g.obj (.text:disk_status)
                  00005ed4    00000010     ff.obj (.text:f_close)
                  00005ee4    00000010     display.obj (.text:setCmd)
                  00005ef4    00000010     display.obj (.text:setData)
                  00005f04    00000010     ff.obj (.text:st_clust)
                  00005f14    0000000e     driverlib.lib : gpio.obj (.text:GPIOIntDisable)
                  00005f22    0000000e                   : gpio.obj (.text:GPIOIntStatus)
                  00005f30    0000000e                   : timer.obj (.text:TimerEnable)
                  00005f3e    0000000e                   : uart.obj (.text:UARTCharGetNonBlocking)
                  00005f4c    0000000e                   : uart.obj (.text:UARTCharPutNonBlocking)
                  00005f5a    0000000e                   : uart.obj (.text:UARTCharsAvail)
                  00005f68    0000000e     rtsv7M4_T_le_v4SPD16_eabi.lib : copy_decompress_none.obj (.text:decompress:none)
                  00005f76    0000000c     driverlib.lib : cpu.obj (.text:CPUcpsie)
                  00005f82    0000000c                   : gpio.obj (.text:GPIOIntEnable)
                  00005f8e    0000000c                   : pwm.obj (.text:PWMGenEnable)
                  00005f9a    00000002     --HOLE-- [fill = 0]
                  00005f9c    0000000c     mmc-tm4c123g.obj (.text:chk_power)
                  00005fa8    0000000c     rtsv7M4_T_le_v4SPD16_eabi.lib : copy_zero_init.obj (.text:decompress:ZI)
                  00005fb4    0000000c     mmc-tm4c123g.obj (.text:power_off)
                  00005fc0    0000000c     mmc-tm4c123g.obj (.text:rcvr_spi_m)
                  00005fcc    0000000a     driverlib.lib : ssi.obj (.text:SSIDataPut)
                  00005fd6    0000000a                   : ssi.obj (.text:SSIEnable)
                  00005fe0    00000008                   : ssi.obj (.text:SSIBusy)
                  00005fe8    00000008                   : timer.obj (.text:TimerIntEnable)
                  00005ff0    00000008                   : uart.obj (.text:UARTIntEnable)
                  00005ff8    00000008     display.obj (.text:cursorOffLCD)
                  00006000    00000008     mmc-tm4c123g.obj (.text:get_fattime)
                  00006008    00000008     display.obj (.text:setBlockCursorLCD)
                  00006010    00000006     driverlib.lib : gpio.obj (.text:GPIOIntClear)
                  00006016    00000006                   : gpio.obj (.text:GPIOPinWrite)
                  0000601c    00000006     startup_ccs.obj (.text:ResetISR)
                  00006022    00000006     driverlib.lib : sysctl.obj (.text:SysCtlDelay)
                  00006028    00000006                   : uart.obj (.text:UARTClockSourceSet)
                  0000602e    00000006     display.obj (.text:printSpecialChar)
                  00006034    00000004     rtsv7M4_T_le_v4SPD16_eabi.lib : pre_init.obj (.text)

.const     0    00006038    00000420     
                  00006038    00000101     rtsv7M4_T_le_v4SPD16_eabi.lib : ctype.obj (.const:.string:_ctypes_)
                  00006139    00000003     --HOLE-- [fill = 0]
                  0000613c    000000d8     driverlib.lib : gpio.obj (.const:g_ppui32GPIOIntMapSnowflake)
                  00006214    000000c0                   : gpio.obj (.const:g_ppui32GPIOIntMapBlizzard)
                  000062d4    00000090                   : gpio.obj (.const:g_pui32GPIOBaseAddrs)
                  00006364    00000070                   : interrupt.obj (.const)
                  000063d4    0000006c                   : sysctl.obj (.const:g_pui32Xtals)
                  00006440    0000000c     uartstdio.obj (.const:g_ui32UARTBase)
                  0000644c    0000000c     uartstdio.obj (.const:g_ui32UARTPeriph)

.cinit     0    00006458    000000b0     
                  00006458    0000007a     (.cinit..data.load) [load image, compression = lzss]
                  000064d2    00000002     --HOLE-- [fill = 0]
                  000064d4    0000000c     (__TI_handler_table)
                  000064e0    00000008     (.cinit..bss.load) [load image, compression = zero_init]
                  000064e8    00000008     (.cinit..vtable.load) [load image, compression = zero_init]
                  000064f0    00000018     (__TI_cinit_table)

.init_array 
*          0    00000000    00000000     UNINITIALIZED

.vtable    0    20000000    0000026c     UNINITIALIZED
                  20000000    0000026c     driverlib.lib : interrupt.obj (.vtable)

.bss       0    2000026c    00000494     UNINITIALIZED
                  2000026c    00000234     (.common:fatfs)
                  200004a0    00000224     (.common:fil)
                  200006c4    00000018     (.common:fno)
                  200006dc    0000000c     (.common:filename)
                  200006e8    00000008     (.common:countstr)
                  200006f0    00000004     ff.obj (.bss:FatFs)
                  200006f4    00000004     (.common:numTick)
                  200006f8    00000003     mmc-tm4c123g.obj (.bss)
                  200006fb    00000001     (.common:measure_mode)
                  200006fc    00000002     ff.obj (.bss)
                  200006fe    00000001     (.common:pb_mode)
                  200006ff    00000001     (.common:rc)

.data      0    20000900    00000158     UNINITIALIZED
                  20000900    00000064     hello.obj (.data:loggingDurationString)
                  20000964    00000024     hello.obj (.data:loggingFreq)
                  20000988    0000001b     hello.obj (.data)
                  200009a3    00000011     hello.obj (.data:displayADCVal)
                  200009b4    00000011     hello.obj (.data:logging_percentage)
                  200009c5    00000002     mmc-tm4c123g.obj (.data)
                  200009c7    00000001     --HOLE--
                  200009c8    0000000c     rtsv7M4_T_le_v4SPD16_eabi.lib : exit.obj (.data:$O1$$)
                  200009d4    0000000c     mySDcard.obj (.data)
                  200009e0    0000000a     hello.obj (.data:int2str_duration)
                  200009ea    00000002     --HOLE--
                  200009ec    00000008     rtsv7M4_T_le_v4SPD16_eabi.lib : _lock.obj (.data:$O1$$)
                  200009f4    00000008     display.obj (.data:BrightnessLV1)
                  200009fc    00000008     display.obj (.data:BrightnessLV2)
                  20000a04    00000008     display.obj (.data:BrightnessLV3)
                  20000a0c    00000008     display.obj (.data:BrightnessLV4)
                  20000a14    00000008     display.obj (.data:BrightnessLV5)
                  20000a1c    00000008     display.obj (.data:circle1)
                  20000a24    00000008     display.obj (.data:enter)
                  20000a2c    00000008     display.obj (.data:plusminusmap)
                  20000a34    00000006     hello.obj (.data:set_cursor_duration)
                  20000a3a    00000005     hello.obj (.data:brightness_opt_str)
                  20000a3f    00000005     hello.obj (.data:set_duration)
                  20000a44    00000005     uartstdio.obj (.data)
                  20000a49    00000004     mySDcard.obj (.data:initFileName)
                  20000a4d    00000003     --HOLE--
                  20000a50    00000004     rtsv7M4_T_le_v4SPD16_eabi.lib : errno.obj (.data)
                  20000a54    00000004                                   : stkdepth_vars.obj (.data)

.stack     0    20000700    00000200     UNINITIALIZED
                  20000700    00000200     --HOLE--

MODULE SUMMARY

       Module                     code    ro data   rw data
       ------                     ----    -------   -------
    ./
       ff.obj                     4147    0         6      
       hello.obj                  3356    0         229    
       mmc-tm4c123g.obj           1922    0         5      
       mySDcard.obj               588     0         1173   
       startup_ccs.obj            12      620       0      
    +--+--------------------------+-------+---------+---------+
       Total:                     10025   620       1413   
                                                           
    ./mylib/
       display.obj                1755    0         64     
       ADC.obj                    468     0         0      
       switchgain.obj             420     0         0      
       mypwm.obj                  292     0         0      
       uart.obj                   236     0         0      
       led.obj                    72      0         0      
    +--+--------------------------+-------+---------+---------+
       Total:                     3243    0         64     
                                                           
    ./utils/
       uartstdio.obj              684     24        5      
    +--+--------------------------+-------+---------+---------+
       Total:                     684     24        5      
                                                           
    /Applications/ti/TivaWare_C_Series-2.1.4.178/driverlib/ccs/Debug/driverlib.lib
       gpio.obj                   746     552       0      
       interrupt.obj              172     112       620    
       sysctl.obj                 594     108       0      
       timer.obj                  136     0         0      
       pwm.obj                    110     0         0      
       ssi.obj                    106     0         0      
       uart.obj                   56      0         0      
       cpu.obj                    12      0         0      
    +--+--------------------------+-------+---------+---------+
       Total:                     1932    772       620    
                                                           
    /Applications/ti/ccsv7/tools/compiler/ti-cgt-arm_16.9.1.LTS/lib/rtsv7M4_T_le_v4SPD16_eabi.lib
       _printfi.obj               4414    0         0      
       ull_div_t2.obj             500     0         0      
       fd_add_t2.obj              438     0         0      
       fd_div_t2.obj              310     0         0      
       fd_cmp_t2.obj              268     0         0      
       ctype.obj                  0       257       0      
       fd_mul_t2.obj              252     0         0      
       s_scalbn.obj               252     0         0      
       memcpy_t2.obj              156     0         0      
       memset_t2.obj              122     0         0      
       autoinit.obj               112     0         0      
       fd_tos_t2.obj              110     0         0      
       copy_decompress_lzss.obj   104     0         0      
       s_frexp.obj                100     0         0      
       exit.obj                   84      0         12     
       sprintf.obj                96      0         0      
       boot.obj                   84      0         0      
       ltoa.obj                   84      0         0      
       atoi.obj                   76      0         0      
       cpy_tbl.obj                76      0         0      
       fd_toi_t2.obj              72      0         0      
       u_divt2.obj                64      0         0      
       fs_tod_t2.obj              56      0         0      
       i_tofd_t2.obj              46      0         0      
       u_tofd_t2.obj              32      0         0      
       strcat.obj                 30      0         0      
       _lock.obj                  20      0         8      
       memccpy.obj                28      0         0      
       args_main.obj              24      0         0      
       strchr.obj                 22      0         0      
       s_copysign.obj             20      0         0      
       strlen.obj                 20      0         0      
       copy_decompress_none.obj   14      0         0      
       copy_zero_init.obj         12      0         0      
       errno.obj                  0       0         4      
       pre_init.obj               4       0         0      
       stkdepth_vars.obj          0       0         4      
       i_div0.obj                 2       0         0      
       mpu_init.obj               2       0         0      
       startup.obj                2       0         0      
    +--+--------------------------+-------+---------+---------+
       Total:                     8108    257       28     
                                                           
       Stack:                     0       0         512    
       Linker Generated:          0       174       0      
    +--+--------------------------+-------+---------+---------+
       Grand Total:               23992   1847      2642   


LINKER GENERATED COPY TABLES

__TI_cinit_table @ 000064f0 records: 3, size/record: 8, table size: 24
	.data: load addr=00006458, load size=0000007a bytes, run addr=20000900, run size=00000158 bytes, compression=lzss
	.bss: load addr=000064e0, load size=00000008 bytes, run addr=2000026c, run size=00000494 bytes, compression=zero_init
	.vtable: load addr=000064e8, load size=00000008 bytes, run addr=20000000, run size=0000026c bytes, compression=zero_init


LINKER GENERATED HANDLER TABLE

__TI_handler_table @ 000064d4 records: 3, size/record: 4, table size: 12
	index: 0, handler: __TI_zero_init
	index: 1, handler: __TI_decompress_lzss
	index: 2, handler: __TI_decompress_none


GLOBAL SYMBOLS: SORTED ALPHABETICALLY BY Name 

address   name                           
-------   ----                           
200009f4  BrightnessLV1                  
200009fc  BrightnessLV2                  
20000a04  BrightnessLV3                  
20000a0c  BrightnessLV4                  
20000a14  BrightnessLV5                  
00005149  C$$EXIT                        
00005f77  CPUcpsie                       
00005ac1  GPIODirModeSet                 
00006011  GPIOIntClear                   
00005f15  GPIOIntDisable                 
00005f83  GPIOIntEnable                  
00005d0b  GPIOIntRegister                
00005f23  GPIOIntStatus                  
00005049  GPIOIntTypeSet                 
000033fb  GPIOPadConfigSet               
00005419  GPIOPinConfigure               
00005e15  GPIOPinTypeGPIOInput           
00005d23  GPIOPinTypeGPIOOutput          
00005e27  GPIOPinTypePWM                 
00005e39  GPIOPinTypeSSI                 
00005e4b  GPIOPinTypeUART                
00006017  GPIOPinWrite                   
00004bad  IntEnable                      
00005ea5  IntMasterEnable                
000058b1  IntRegister                    
200009a2  LED2Counter                    
00005b89  PWMGenConfigure                
00005f8f  PWMGenEnable                   
00005eb5  PWMGenPeriodSet                
00005e5d  PWMOutputState                 
00005bed  PWMPulseWidthSet               
0000560d  ReadADC                        
0000601d  ResetISR                       
UNDEFED   SHT$$INIT_ARRAY$$Base          
UNDEFED   SHT$$INIT_ARRAY$$Limit         
00005fe1  SSIBusy                        
0000578b  SSIConfigSetExpClk             
00005e6f  SSIDataGetNonBlocking          
00005fcd  SSIDataPut                     
00005fd7  SSIEnable                      
00003189  SW1_IntHandler                 
00004ff1  SetADCSwitch                   
000052e9  SetGain                        
00005a3d  SetInputRelay                  
00005299  SetMuxDCAC                     
00003651  SysCtlClockGet                 
00003a51  SysCtlClockSet                 
00006023  SysCtlDelay                    
00005db1  SysCtlPWMClockSet              
000058e5  SysCtlPeripheralEnable         
00005919  Timer0IntHandler               
00004e11  TimerConfigure                 
00005f31  TimerEnable                    
00005fe9  TimerIntEnable                 
00005e81  TimerLoadSet                   
2000099c  ToggleLED2                     
0000564d  UART1IntHandler                
00005f3f  UARTCharGetNonBlocking         
00005f4d  UARTCharPutNonBlocking         
00005f5b  UARTCharsAvail                 
00006029  UARTClockSourceSet             
00005ff1  UARTIntEnable                  
000057c9  UARTIntHandler                 
00004e71  UARTStdioConfig                
00005cf1  UARTprintf                     
000023ed  UARTvprintf                    
00005461  UARTwrite                      
00005c81  WriteADC                       
20000900  __STACK_END                    
00000200  __STACK_SIZE                   
20000900  __STACK_TOP                    
000064f0  __TI_CINIT_Base                
00006508  __TI_CINIT_Limit               
000064d4  __TI_Handler_Table_Base        
000064e0  __TI_Handler_Table_Limit       
00004acd  __TI_auto_init                 
200009c8  __TI_cleanup_ptr               
00004c15  __TI_decompress_lzss           
00005f69  __TI_decompress_none           
200009cc  __TI_dtors_ptr                 
200009d0  __TI_enable_exit_profile_output
ffffffff  __TI_pprof_out_hndl            
00000ab1  __TI_printfi                   
ffffffff  __TI_prof_data_size            
ffffffff  __TI_prof_data_start           
00000000  __TI_static_base__             
00005fa9  __TI_zero_init                 
000045f5  __aeabi_cdcmpeq                
000045f5  __aeabi_cdcmple                
0000467b  __aeabi_cdrcmple               
00004b3d  __aeabi_d2f                    
00005581  __aeabi_d2iz                   
000025e1  __aeabi_dadd                   
000032c5  __aeabi_ddiv                   
00003761  __aeabi_dmul                   
000025d7  __aeabi_dsub                   
00005879  __aeabi_f2d                    
000059df  __aeabi_i2d                    
00004977  __aeabi_idiv0                  
000048fd  __aeabi_memclr                 
000048fd  __aeabi_memclr4                
000048fd  __aeabi_memclr8                
0000427d  __aeabi_memcpy                 
0000427d  __aeabi_memcpy4                
0000427d  __aeabi_memcpy8                
000048ff  __aeabi_memset                 
000048ff  __aeabi_memset4                
000048ff  __aeabi_memset8                
00005bab  __aeabi_ui2d                   
000056cd  __aeabi_uidiv                  
000056cd  __aeabi_uidivmod               
000021f7  __aeabi_uldivmod               
ffffffff  __binit__                      
ffffffff  __c_args__                     
00004bab  __mpu_init                     
20000700  __stack                        
00005d6d  _args_main                     
000050f5  _c_int00                       
00006038  _ctypes_                       
200009ec  _lock                          
00005de7  _nop                           
00005ddf  _register_lock                 
00005dd9  _register_unlock               
00004d47  _system_post_cinit             
00006035  _system_pre_init               
200009f0  _unlock                        
0000514d  abort                          
00005381  atoi                           
ffffffff  binit                          
2000098a  brightness_opt                 
20000a3a  brightness_opt_str             
0000594d  buildChar                      
200009d8  bytesWritten                   
20000a1c  circle1                        
00005c9d  clearLCD                       
00005335  closeFile                      
00005d3b  clust2sect                     
00003d19  convertADC2range               
000053cd  copy_in                        
00005ded  copysign                       
00005ded  copysignl                      
200009d4  count                          
200009a1  counter                        
200006e8  countstr                       
00005ff9  cursorOffLCD                   
2000098c  cursor_pos                     
00003049  disk_initialize                
00002db1  disk_ioctl                     
00004449  disk_read                      
00005ec5  disk_status                    
00004079  disk_write                     
200009a3  displayADCVal                  
2000098e  duration_green_pressed         
2000098d  duration_red_pressed           
20000a24  enter                          
20000a50  errno                          
00005155  exit                           
00005ed5  f_close                        
00005a69  f_mount                        
00002f05  f_open                         
0000568d  f_stat                         
000044d9  f_sync                         
00002929  f_write                        
2000026c  fatfs                          
200004a0  fil                            
200006dc  filename                       
200009dc  filesize                       
200006c4  fno                            
2000098b  freq_flag                      
20000989  frequency_opt                  
00004d49  frexp                          
00004d49  frexpl                         
000049ed  ftoa                           
20000000  g_pfnRAMVectors                
00000000  g_pfnVectors                   
20000998  g_ui32Flags                    
00003fad  get_fat                        
00006001  get_fattime                    
000041e1  initADC                        
20000a49  initFileName                   
00003b45  initLCD                        
000054f1  initLED                        
00004701  initMux                        
00004569  initPWM                        
00005805  initSDcard                     
00004785  initTimer                      
00004a5d  initUART0                      
200009e0  int2str_duration               
00004ed1  itoa                           
0000385d  ldexp                          
0000385d  ldexpl                         
00002ab9  logging                        
200009a0  loggingCounter                 
20000994  loggingDuration                
20000900  loggingDurationString          
20000964  loggingFreq                    
200009b4  logging_percentage             
2000098f  logging_pressed                
0000519d  ltoa                           
000013ad  main                           
20000a54  main_func_sp                   
200006fb  measure_mode                   
00005cd5  memccpy                        
0000427d  memcpy                         
00004905  memset                         
00003df5  modeChange                     
20000988  mode_level                     
200006f4  numTick                        
0000278d  openFile                       
200006fe  pb_mode                        
20000990  percentage                     
20000a2c  plusminusmap                   
00005d53  printLCD                       
0000602f  printSpecialChar               
00005aed  pulseLCD                       
00003c35  put_fat                        
200006ff  rc                             
0000385d  scalbn                         
0000385d  scalbnl                        
0000570d  sendByte                       
00006009  setBlockCursorLCD              
00005ee5  setCmd                         
00005a0d  setCursorPositionLCD           
00005ef5  setData                        
00002c49  setDiaplyValue                 
00001f75  setModeDisplay                 
000043b1  setPWM                         
20000a34  set_cursor_duration            
20000a3f  set_duration                   
00004f31  sprintf                        
00005c29  strcat                         
00005d9b  strchr                         
00005e01  strlen                         
00005b3d  writeSD                        
200009d5  writing_flag                   


GLOBAL SYMBOLS: SORTED BY Symbol Address 

address   name                           
-------   ----                           
00000000  __TI_static_base__             
00000000  g_pfnVectors                   
00000200  __STACK_SIZE                   
00000ab1  __TI_printfi                   
000013ad  main                           
00001f75  setModeDisplay                 
000021f7  __aeabi_uldivmod               
000023ed  UARTvprintf                    
000025d7  __aeabi_dsub                   
000025e1  __aeabi_dadd                   
0000278d  openFile                       
00002929  f_write                        
00002ab9  logging                        
00002c49  setDiaplyValue                 
00002db1  disk_ioctl                     
00002f05  f_open                         
00003049  disk_initialize                
00003189  SW1_IntHandler                 
000032c5  __aeabi_ddiv                   
000033fb  GPIOPadConfigSet               
00003651  SysCtlClockGet                 
00003761  __aeabi_dmul                   
0000385d  ldexp                          
0000385d  ldexpl                         
0000385d  scalbn                         
0000385d  scalbnl                        
00003a51  SysCtlClockSet                 
00003b45  initLCD                        
00003c35  put_fat                        
00003d19  convertADC2range               
00003df5  modeChange                     
00003fad  get_fat                        
00004079  disk_write                     
000041e1  initADC                        
0000427d  __aeabi_memcpy                 
0000427d  __aeabi_memcpy4                
0000427d  __aeabi_memcpy8                
0000427d  memcpy                         
000043b1  setPWM                         
00004449  disk_read                      
000044d9  f_sync                         
00004569  initPWM                        
000045f5  __aeabi_cdcmpeq                
000045f5  __aeabi_cdcmple                
0000467b  __aeabi_cdrcmple               
00004701  initMux                        
00004785  initTimer                      
000048fd  __aeabi_memclr                 
000048fd  __aeabi_memclr4                
000048fd  __aeabi_memclr8                
000048ff  __aeabi_memset                 
000048ff  __aeabi_memset4                
000048ff  __aeabi_memset8                
00004905  memset                         
00004977  __aeabi_idiv0                  
000049ed  ftoa                           
00004a5d  initUART0                      
00004acd  __TI_auto_init                 
00004b3d  __aeabi_d2f                    
00004bab  __mpu_init                     
00004bad  IntEnable                      
00004c15  __TI_decompress_lzss           
00004d47  _system_post_cinit             
00004d49  frexp                          
00004d49  frexpl                         
00004e11  TimerConfigure                 
00004e71  UARTStdioConfig                
00004ed1  itoa                           
00004f31  sprintf                        
00004ff1  SetADCSwitch                   
00005049  GPIOIntTypeSet                 
000050f5  _c_int00                       
00005149  C$$EXIT                        
0000514d  abort                          
00005155  exit                           
0000519d  ltoa                           
00005299  SetMuxDCAC                     
000052e9  SetGain                        
00005335  closeFile                      
00005381  atoi                           
000053cd  copy_in                        
00005419  GPIOPinConfigure               
00005461  UARTwrite                      
000054f1  initLED                        
00005581  __aeabi_d2iz                   
0000560d  ReadADC                        
0000564d  UART1IntHandler                
0000568d  f_stat                         
000056cd  __aeabi_uidiv                  
000056cd  __aeabi_uidivmod               
0000570d  sendByte                       
0000578b  SSIConfigSetExpClk             
000057c9  UARTIntHandler                 
00005805  initSDcard                     
00005879  __aeabi_f2d                    
000058b1  IntRegister                    
000058e5  SysCtlPeripheralEnable         
00005919  Timer0IntHandler               
0000594d  buildChar                      
000059df  __aeabi_i2d                    
00005a0d  setCursorPositionLCD           
00005a3d  SetInputRelay                  
00005a69  f_mount                        
00005ac1  GPIODirModeSet                 
00005aed  pulseLCD                       
00005b3d  writeSD                        
00005b89  PWMGenConfigure                
00005bab  __aeabi_ui2d                   
00005bed  PWMPulseWidthSet               
00005c29  strcat                         
00005c81  WriteADC                       
00005c9d  clearLCD                       
00005cd5  memccpy                        
00005cf1  UARTprintf                     
00005d0b  GPIOIntRegister                
00005d23  GPIOPinTypeGPIOOutput          
00005d3b  clust2sect                     
00005d53  printLCD                       
00005d6d  _args_main                     
00005d9b  strchr                         
00005db1  SysCtlPWMClockSet              
00005dd9  _register_unlock               
00005ddf  _register_lock                 
00005de7  _nop                           
00005ded  copysign                       
00005ded  copysignl                      
00005e01  strlen                         
00005e15  GPIOPinTypeGPIOInput           
00005e27  GPIOPinTypePWM                 
00005e39  GPIOPinTypeSSI                 
00005e4b  GPIOPinTypeUART                
00005e5d  PWMOutputState                 
00005e6f  SSIDataGetNonBlocking          
00005e81  TimerLoadSet                   
00005ea5  IntMasterEnable                
00005eb5  PWMGenPeriodSet                
00005ec5  disk_status                    
00005ed5  f_close                        
00005ee5  setCmd                         
00005ef5  setData                        
00005f15  GPIOIntDisable                 
00005f23  GPIOIntStatus                  
00005f31  TimerEnable                    
00005f3f  UARTCharGetNonBlocking         
00005f4d  UARTCharPutNonBlocking         
00005f5b  UARTCharsAvail                 
00005f69  __TI_decompress_none           
00005f77  CPUcpsie                       
00005f83  GPIOIntEnable                  
00005f8f  PWMGenEnable                   
00005fa9  __TI_zero_init                 
00005fcd  SSIDataPut                     
00005fd7  SSIEnable                      
00005fe1  SSIBusy                        
00005fe9  TimerIntEnable                 
00005ff1  UARTIntEnable                  
00005ff9  cursorOffLCD                   
00006001  get_fattime                    
00006009  setBlockCursorLCD              
00006011  GPIOIntClear                   
00006017  GPIOPinWrite                   
0000601d  ResetISR                       
00006023  SysCtlDelay                    
00006029  UARTClockSourceSet             
0000602f  printSpecialChar               
00006035  _system_pre_init               
00006038  _ctypes_                       
000064d4  __TI_Handler_Table_Base        
000064e0  __TI_Handler_Table_Limit       
000064f0  __TI_CINIT_Base                
00006508  __TI_CINIT_Limit               
20000000  g_pfnRAMVectors                
2000026c  fatfs                          
200004a0  fil                            
200006c4  fno                            
200006dc  filename                       
200006e8  countstr                       
200006f4  numTick                        
200006fb  measure_mode                   
200006fe  pb_mode                        
200006ff  rc                             
20000700  __stack                        
20000900  __STACK_END                    
20000900  __STACK_TOP                    
20000900  loggingDurationString          
20000964  loggingFreq                    
20000988  mode_level                     
20000989  frequency_opt                  
2000098a  brightness_opt                 
2000098b  freq_flag                      
2000098c  cursor_pos                     
2000098d  duration_red_pressed           
2000098e  duration_green_pressed         
2000098f  logging_pressed                
20000990  percentage                     
20000994  loggingDuration                
20000998  g_ui32Flags                    
2000099c  ToggleLED2                     
200009a0  loggingCounter                 
200009a1  counter                        
200009a2  LED2Counter                    
200009a3  displayADCVal                  
200009b4  logging_percentage             
200009c8  __TI_cleanup_ptr               
200009cc  __TI_dtors_ptr                 
200009d0  __TI_enable_exit_profile_output
200009d4  count                          
200009d5  writing_flag                   
200009d8  bytesWritten                   
200009dc  filesize                       
200009e0  int2str_duration               
200009ec  _lock                          
200009f0  _unlock                        
200009f4  BrightnessLV1                  
200009fc  BrightnessLV2                  
20000a04  BrightnessLV3                  
20000a0c  BrightnessLV4                  
20000a14  BrightnessLV5                  
20000a1c  circle1                        
20000a24  enter                          
20000a2c  plusminusmap                   
20000a34  set_cursor_duration            
20000a3a  brightness_opt_str             
20000a3f  set_duration                   
20000a49  initFileName                   
20000a50  errno                          
20000a54  main_func_sp                   
ffffffff  __TI_pprof_out_hndl            
ffffffff  __TI_prof_data_size            
ffffffff  __TI_prof_data_start           
ffffffff  __binit__                      
ffffffff  __c_args__                     
ffffffff  binit                          
UNDEFED   SHT$$INIT_ARRAY$$Base          
UNDEFED   SHT$$INIT_ARRAY$$Limit         

[235 symbols]
