<?xml version="1.0"?>
<link_info>
   <banner>TI ARM Linker Unix v16.9.1.LTS</banner>
   <copyright>Copyright (c) 1996-2015 Texas Instruments Incorporated</copyright>
   <link_time>0x592a2677</link_time>
   <link_errors>0x0</link_errors>
   <output_file>hello.out</output_file>
   <entry_point>
      <name>_c_int00</name>
      <address>0x2c05</address>
   </entry_point>
   <input_file_list>
      <input_file id="fl-2">
         <path>./</path>
         <kind>object</kind>
         <file>ff.obj</file>
         <name>ff.obj</name>
      </input_file>
      <input_file id="fl-3">
         <path>./</path>
         <kind>object</kind>
         <file>hello.obj</file>
         <name>hello.obj</name>
      </input_file>
      <input_file id="fl-4">
         <path>./</path>
         <kind>object</kind>
         <file>mmc-tm4c123g.obj</file>
         <name>mmc-tm4c123g.obj</name>
      </input_file>
      <input_file id="fl-5">
         <path>./</path>
         <kind>object</kind>
         <file>mySDcard.obj</file>
         <name>mySDcard.obj</name>
      </input_file>
      <input_file id="fl-6">
         <path>./</path>
         <kind>object</kind>
         <file>startup_ccs.obj</file>
         <name>startup_ccs.obj</name>
      </input_file>
      <input_file id="fl-7">
         <path>./mylib/</path>
         <kind>object</kind>
         <file>ADC.obj</file>
         <name>ADC.obj</name>
      </input_file>
      <input_file id="fl-8">
         <path>./mylib/</path>
         <kind>object</kind>
         <file>digitpot.obj</file>
         <name>digitpot.obj</name>
      </input_file>
      <input_file id="fl-9">
         <path>./mylib/</path>
         <kind>object</kind>
         <file>display.obj</file>
         <name>display.obj</name>
      </input_file>
      <input_file id="fl-a">
         <path>./mylib/</path>
         <kind>object</kind>
         <file>led.obj</file>
         <name>led.obj</name>
      </input_file>
      <input_file id="fl-b">
         <path>./mylib/</path>
         <kind>object</kind>
         <file>mypwm.obj</file>
         <name>mypwm.obj</name>
      </input_file>
      <input_file id="fl-c">
         <path>./mylib/</path>
         <kind>object</kind>
         <file>switchgain.obj</file>
         <name>switchgain.obj</name>
      </input_file>
      <input_file id="fl-d">
         <path>./mylib/</path>
         <kind>object</kind>
         <file>uart.obj</file>
         <name>uart.obj</name>
      </input_file>
      <input_file id="fl-e">
         <path>./utils/</path>
         <kind>object</kind>
         <file>cmdline.obj</file>
         <name>cmdline.obj</name>
      </input_file>
      <input_file id="fl-f">
         <path>./utils/</path>
         <kind>object</kind>
         <file>uartstdio.obj</file>
         <name>uartstdio.obj</name>
      </input_file>
      <input_file id="fl-ca">
         <path>/Applications/ti/ccsv7/tools/compiler/ti-cgt-arm_16.9.1.LTS/lib/</path>
         <kind>archive</kind>
         <file>rtsv7M4_T_le_v4SPD16_eabi.lib</file>
         <name>atoi.obj</name>
      </input_file>
      <input_file id="fl-cb">
         <path>/Applications/ti/ccsv7/tools/compiler/ti-cgt-arm_16.9.1.LTS/lib/</path>
         <kind>archive</kind>
         <file>rtsv7M4_T_le_v4SPD16_eabi.lib</file>
         <name>boot.obj</name>
      </input_file>
      <input_file id="fl-cc">
         <path>/Applications/ti/ccsv7/tools/compiler/ti-cgt-arm_16.9.1.LTS/lib/</path>
         <kind>archive</kind>
         <file>rtsv7M4_T_le_v4SPD16_eabi.lib</file>
         <name>copy_decompress_lzss.obj</name>
      </input_file>
      <input_file id="fl-cd">
         <path>/Applications/ti/ccsv7/tools/compiler/ti-cgt-arm_16.9.1.LTS/lib/</path>
         <kind>archive</kind>
         <file>rtsv7M4_T_le_v4SPD16_eabi.lib</file>
         <name>copy_decompress_none.obj</name>
      </input_file>
      <input_file id="fl-ce">
         <path>/Applications/ti/ccsv7/tools/compiler/ti-cgt-arm_16.9.1.LTS/lib/</path>
         <kind>archive</kind>
         <file>rtsv7M4_T_le_v4SPD16_eabi.lib</file>
         <name>copy_zero_init.obj</name>
      </input_file>
      <input_file id="fl-cf">
         <path>/Applications/ti/ccsv7/tools/compiler/ti-cgt-arm_16.9.1.LTS/lib/</path>
         <kind>archive</kind>
         <file>rtsv7M4_T_le_v4SPD16_eabi.lib</file>
         <name>ctype.obj</name>
      </input_file>
      <input_file id="fl-d0">
         <path>/Applications/ti/ccsv7/tools/compiler/ti-cgt-arm_16.9.1.LTS/lib/</path>
         <kind>archive</kind>
         <file>rtsv7M4_T_le_v4SPD16_eabi.lib</file>
         <name>exit.obj</name>
      </input_file>
      <input_file id="fl-d1">
         <path>/Applications/ti/ccsv7/tools/compiler/ti-cgt-arm_16.9.1.LTS/lib/</path>
         <kind>archive</kind>
         <file>rtsv7M4_T_le_v4SPD16_eabi.lib</file>
         <name>fd_add_t2.obj</name>
      </input_file>
      <input_file id="fl-d2">
         <path>/Applications/ti/ccsv7/tools/compiler/ti-cgt-arm_16.9.1.LTS/lib/</path>
         <kind>archive</kind>
         <file>rtsv7M4_T_le_v4SPD16_eabi.lib</file>
         <name>fd_cmp_t2.obj</name>
      </input_file>
      <input_file id="fl-d3">
         <path>/Applications/ti/ccsv7/tools/compiler/ti-cgt-arm_16.9.1.LTS/lib/</path>
         <kind>archive</kind>
         <file>rtsv7M4_T_le_v4SPD16_eabi.lib</file>
         <name>fd_div_t2.obj</name>
      </input_file>
      <input_file id="fl-d4">
         <path>/Applications/ti/ccsv7/tools/compiler/ti-cgt-arm_16.9.1.LTS/lib/</path>
         <kind>archive</kind>
         <file>rtsv7M4_T_le_v4SPD16_eabi.lib</file>
         <name>fd_mul_t2.obj</name>
      </input_file>
      <input_file id="fl-d5">
         <path>/Applications/ti/ccsv7/tools/compiler/ti-cgt-arm_16.9.1.LTS/lib/</path>
         <kind>archive</kind>
         <file>rtsv7M4_T_le_v4SPD16_eabi.lib</file>
         <name>fd_toi_t2.obj</name>
      </input_file>
      <input_file id="fl-d6">
         <path>/Applications/ti/ccsv7/tools/compiler/ti-cgt-arm_16.9.1.LTS/lib/</path>
         <kind>archive</kind>
         <file>rtsv7M4_T_le_v4SPD16_eabi.lib</file>
         <name>fd_tos_t2.obj</name>
      </input_file>
      <input_file id="fl-d7">
         <path>/Applications/ti/ccsv7/tools/compiler/ti-cgt-arm_16.9.1.LTS/lib/</path>
         <kind>archive</kind>
         <file>rtsv7M4_T_le_v4SPD16_eabi.lib</file>
         <name>fs_tod_t2.obj</name>
      </input_file>
      <input_file id="fl-d8">
         <path>/Applications/ti/ccsv7/tools/compiler/ti-cgt-arm_16.9.1.LTS/lib/</path>
         <kind>archive</kind>
         <file>rtsv7M4_T_le_v4SPD16_eabi.lib</file>
         <name>memcpy_t2.obj</name>
      </input_file>
      <input_file id="fl-d9">
         <path>/Applications/ti/ccsv7/tools/compiler/ti-cgt-arm_16.9.1.LTS/lib/</path>
         <kind>archive</kind>
         <file>rtsv7M4_T_le_v4SPD16_eabi.lib</file>
         <name>memset_t2.obj</name>
      </input_file>
      <input_file id="fl-da">
         <path>/Applications/ti/ccsv7/tools/compiler/ti-cgt-arm_16.9.1.LTS/lib/</path>
         <kind>archive</kind>
         <file>rtsv7M4_T_le_v4SPD16_eabi.lib</file>
         <name>mpu_init.obj</name>
      </input_file>
      <input_file id="fl-db">
         <path>/Applications/ti/ccsv7/tools/compiler/ti-cgt-arm_16.9.1.LTS/lib/</path>
         <kind>archive</kind>
         <file>rtsv7M4_T_le_v4SPD16_eabi.lib</file>
         <name>pre_init.obj</name>
      </input_file>
      <input_file id="fl-dc">
         <path>/Applications/ti/ccsv7/tools/compiler/ti-cgt-arm_16.9.1.LTS/lib/</path>
         <kind>archive</kind>
         <file>rtsv7M4_T_le_v4SPD16_eabi.lib</file>
         <name>sprintf.obj</name>
      </input_file>
      <input_file id="fl-dd">
         <path>/Applications/ti/ccsv7/tools/compiler/ti-cgt-arm_16.9.1.LTS/lib/</path>
         <kind>archive</kind>
         <file>rtsv7M4_T_le_v4SPD16_eabi.lib</file>
         <name>stkdepth_vars.obj</name>
      </input_file>
      <input_file id="fl-de">
         <path>/Applications/ti/ccsv7/tools/compiler/ti-cgt-arm_16.9.1.LTS/lib/</path>
         <kind>archive</kind>
         <file>rtsv7M4_T_le_v4SPD16_eabi.lib</file>
         <name>strcat.obj</name>
      </input_file>
      <input_file id="fl-df">
         <path>/Applications/ti/ccsv7/tools/compiler/ti-cgt-arm_16.9.1.LTS/lib/</path>
         <kind>archive</kind>
         <file>rtsv7M4_T_le_v4SPD16_eabi.lib</file>
         <name>strcmp.obj</name>
      </input_file>
      <input_file id="fl-e0">
         <path>/Applications/ti/ccsv7/tools/compiler/ti-cgt-arm_16.9.1.LTS/lib/</path>
         <kind>archive</kind>
         <file>rtsv7M4_T_le_v4SPD16_eabi.lib</file>
         <name>strcpy.obj</name>
      </input_file>
      <input_file id="fl-e1">
         <path>/Applications/ti/ccsv7/tools/compiler/ti-cgt-arm_16.9.1.LTS/lib/</path>
         <kind>archive</kind>
         <file>rtsv7M4_T_le_v4SPD16_eabi.lib</file>
         <name>strdup.obj</name>
      </input_file>
      <input_file id="fl-e2">
         <path>/Applications/ti/ccsv7/tools/compiler/ti-cgt-arm_16.9.1.LTS/lib/</path>
         <kind>archive</kind>
         <file>rtsv7M4_T_le_v4SPD16_eabi.lib</file>
         <name>strlen.obj</name>
      </input_file>
      <input_file id="fl-e3">
         <path>/Applications/ti/ccsv7/tools/compiler/ti-cgt-arm_16.9.1.LTS/lib/</path>
         <kind>archive</kind>
         <file>rtsv7M4_T_le_v4SPD16_eabi.lib</file>
         <name>strtof.obj</name>
      </input_file>
      <input_file id="fl-e4">
         <path>/Applications/ti/ccsv7/tools/compiler/ti-cgt-arm_16.9.1.LTS/lib/</path>
         <kind>archive</kind>
         <file>rtsv7M4_T_le_v4SPD16_eabi.lib</file>
         <name>strtok.obj</name>
      </input_file>
      <input_file id="fl-e5">
         <path>/Applications/ti/ccsv7/tools/compiler/ti-cgt-arm_16.9.1.LTS/lib/</path>
         <kind>archive</kind>
         <file>rtsv7M4_T_le_v4SPD16_eabi.lib</file>
         <name>u_divt2.obj</name>
      </input_file>
      <input_file id="fl-e6">
         <path>/Applications/ti/ccsv7/tools/compiler/ti-cgt-arm_16.9.1.LTS/lib/</path>
         <kind>archive</kind>
         <file>rtsv7M4_T_le_v4SPD16_eabi.lib</file>
         <name>u_tofd_t2.obj</name>
      </input_file>
      <input_file id="fl-e7">
         <path>/Applications/ti/ccsv7/tools/compiler/ti-cgt-arm_16.9.1.LTS/lib/</path>
         <kind>archive</kind>
         <file>rtsv7M4_T_le_v4SPD16_eabi.lib</file>
         <name>_lock.obj</name>
      </input_file>
      <input_file id="fl-e8">
         <path>/Applications/ti/ccsv7/tools/compiler/ti-cgt-arm_16.9.1.LTS/lib/</path>
         <kind>archive</kind>
         <file>rtsv7M4_T_le_v4SPD16_eabi.lib</file>
         <name>_printfi.obj</name>
      </input_file>
      <input_file id="fl-e9">
         <path>/Applications/ti/ccsv7/tools/compiler/ti-cgt-arm_16.9.1.LTS/lib/</path>
         <kind>archive</kind>
         <file>rtsv7M4_T_le_v4SPD16_eabi.lib</file>
         <name>args_main.obj</name>
      </input_file>
      <input_file id="fl-ea">
         <path>/Applications/ti/ccsv7/tools/compiler/ti-cgt-arm_16.9.1.LTS/lib/</path>
         <kind>archive</kind>
         <file>rtsv7M4_T_le_v4SPD16_eabi.lib</file>
         <name>autoinit.obj</name>
      </input_file>
      <input_file id="fl-eb">
         <path>/Applications/ti/ccsv7/tools/compiler/ti-cgt-arm_16.9.1.LTS/lib/</path>
         <kind>archive</kind>
         <file>rtsv7M4_T_le_v4SPD16_eabi.lib</file>
         <name>cpy_tbl.obj</name>
      </input_file>
      <input_file id="fl-ec">
         <path>/Applications/ti/ccsv7/tools/compiler/ti-cgt-arm_16.9.1.LTS/lib/</path>
         <kind>archive</kind>
         <file>rtsv7M4_T_le_v4SPD16_eabi.lib</file>
         <name>errno.obj</name>
      </input_file>
      <input_file id="fl-ed">
         <path>/Applications/ti/ccsv7/tools/compiler/ti-cgt-arm_16.9.1.LTS/lib/</path>
         <kind>archive</kind>
         <file>rtsv7M4_T_le_v4SPD16_eabi.lib</file>
         <name>i_div0.obj</name>
      </input_file>
      <input_file id="fl-ee">
         <path>/Applications/ti/ccsv7/tools/compiler/ti-cgt-arm_16.9.1.LTS/lib/</path>
         <kind>archive</kind>
         <file>rtsv7M4_T_le_v4SPD16_eabi.lib</file>
         <name>i_tofd_t2.obj</name>
      </input_file>
      <input_file id="fl-ef">
         <path>/Applications/ti/ccsv7/tools/compiler/ti-cgt-arm_16.9.1.LTS/lib/</path>
         <kind>archive</kind>
         <file>rtsv7M4_T_le_v4SPD16_eabi.lib</file>
         <name>ltoa.obj</name>
      </input_file>
      <input_file id="fl-f0">
         <path>/Applications/ti/ccsv7/tools/compiler/ti-cgt-arm_16.9.1.LTS/lib/</path>
         <kind>archive</kind>
         <file>rtsv7M4_T_le_v4SPD16_eabi.lib</file>
         <name>memccpy.obj</name>
      </input_file>
      <input_file id="fl-f1">
         <path>/Applications/ti/ccsv7/tools/compiler/ti-cgt-arm_16.9.1.LTS/lib/</path>
         <kind>archive</kind>
         <file>rtsv7M4_T_le_v4SPD16_eabi.lib</file>
         <name>memory.obj</name>
      </input_file>
      <input_file id="fl-f2">
         <path>/Applications/ti/ccsv7/tools/compiler/ti-cgt-arm_16.9.1.LTS/lib/</path>
         <kind>archive</kind>
         <file>rtsv7M4_T_le_v4SPD16_eabi.lib</file>
         <name>s_frexp.obj</name>
      </input_file>
      <input_file id="fl-f3">
         <path>/Applications/ti/ccsv7/tools/compiler/ti-cgt-arm_16.9.1.LTS/lib/</path>
         <kind>archive</kind>
         <file>rtsv7M4_T_le_v4SPD16_eabi.lib</file>
         <name>s_scalbn.obj</name>
      </input_file>
      <input_file id="fl-f4">
         <path>/Applications/ti/ccsv7/tools/compiler/ti-cgt-arm_16.9.1.LTS/lib/</path>
         <kind>archive</kind>
         <file>rtsv7M4_T_le_v4SPD16_eabi.lib</file>
         <name>startup.obj</name>
      </input_file>
      <input_file id="fl-f5">
         <path>/Applications/ti/ccsv7/tools/compiler/ti-cgt-arm_16.9.1.LTS/lib/</path>
         <kind>archive</kind>
         <file>rtsv7M4_T_le_v4SPD16_eabi.lib</file>
         <name>strchr.obj</name>
      </input_file>
      <input_file id="fl-f6">
         <path>/Applications/ti/ccsv7/tools/compiler/ti-cgt-arm_16.9.1.LTS/lib/</path>
         <kind>archive</kind>
         <file>rtsv7M4_T_le_v4SPD16_eabi.lib</file>
         <name>strcspn.obj</name>
      </input_file>
      <input_file id="fl-f7">
         <path>/Applications/ti/ccsv7/tools/compiler/ti-cgt-arm_16.9.1.LTS/lib/</path>
         <kind>archive</kind>
         <file>rtsv7M4_T_le_v4SPD16_eabi.lib</file>
         <name>strspn.obj</name>
      </input_file>
      <input_file id="fl-f8">
         <path>/Applications/ti/ccsv7/tools/compiler/ti-cgt-arm_16.9.1.LTS/lib/</path>
         <kind>archive</kind>
         <file>rtsv7M4_T_le_v4SPD16_eabi.lib</file>
         <name>ull_div_t2.obj</name>
      </input_file>
      <input_file id="fl-f9">
         <path>/Applications/ti/ccsv7/tools/compiler/ti-cgt-arm_16.9.1.LTS/lib/</path>
         <kind>archive</kind>
         <file>rtsv7M4_T_le_v4SPD16_eabi.lib</file>
         <name>s_copysign.obj</name>
      </input_file>
      <input_file id="fl-fa">
         <path>/Applications/ti/TivaWare_C_Series-2.1.4.178/driverlib/ccs/Debug/</path>
         <kind>archive</kind>
         <file>driverlib.lib</file>
         <name>gpio.obj</name>
      </input_file>
      <input_file id="fl-fb">
         <path>/Applications/ti/TivaWare_C_Series-2.1.4.178/driverlib/ccs/Debug/</path>
         <kind>archive</kind>
         <file>driverlib.lib</file>
         <name>interrupt.obj</name>
      </input_file>
      <input_file id="fl-fc">
         <path>/Applications/ti/TivaWare_C_Series-2.1.4.178/driverlib/ccs/Debug/</path>
         <kind>archive</kind>
         <file>driverlib.lib</file>
         <name>pwm.obj</name>
      </input_file>
      <input_file id="fl-fd">
         <path>/Applications/ti/TivaWare_C_Series-2.1.4.178/driverlib/ccs/Debug/</path>
         <kind>archive</kind>
         <file>driverlib.lib</file>
         <name>ssi.obj</name>
      </input_file>
      <input_file id="fl-fe">
         <path>/Applications/ti/TivaWare_C_Series-2.1.4.178/driverlib/ccs/Debug/</path>
         <kind>archive</kind>
         <file>driverlib.lib</file>
         <name>sysctl.obj</name>
      </input_file>
      <input_file id="fl-ff">
         <path>/Applications/ti/TivaWare_C_Series-2.1.4.178/driverlib/ccs/Debug/</path>
         <kind>archive</kind>
         <file>driverlib.lib</file>
         <name>timer.obj</name>
      </input_file>
      <input_file id="fl-100">
         <path>/Applications/ti/TivaWare_C_Series-2.1.4.178/driverlib/ccs/Debug/</path>
         <kind>archive</kind>
         <file>driverlib.lib</file>
         <name>uart.obj</name>
      </input_file>
      <input_file id="fl-101">
         <path>/Applications/ti/TivaWare_C_Series-2.1.4.178/driverlib/ccs/Debug/</path>
         <kind>archive</kind>
         <file>driverlib.lib</file>
         <name>cpu.obj</name>
      </input_file>
   </input_file_list>
   <object_component_list>
      <object_component id="oc-f">
         <name>.intvecs</name>
         <load_address>0x0</load_address>
         <run_address>0x0</run_address>
         <size>0x26c</size>
         <input_file_ref idref="fl-6"/>
      </object_component>
      <object_component id="oc-10a">
         <name>.text:main</name>
         <load_address>0x26c</load_address>
         <run_address>0x26c</run_address>
         <size>0x990</size>
         <input_file_ref idref="fl-3"/>
      </object_component>
      <object_component id="oc-3c2">
         <name>.text</name>
         <load_address>0xbfc</load_address>
         <run_address>0xbfc</run_address>
         <size>0x3d0</size>
         <input_file_ref idref="fl-f1"/>
      </object_component>
      <object_component id="oc-1ca">
         <name>.text:setModeDisplay</name>
         <load_address>0xfcc</load_address>
         <run_address>0xfcc</run_address>
         <size>0x239</size>
         <input_file_ref idref="fl-9"/>
      </object_component>
      <object_component id="oc-3a">
         <name>.text:FaultISR</name>
         <load_address>0x1206</load_address>
         <run_address>0x1206</run_address>
         <size>0x2</size>
         <input_file_ref idref="fl-6"/>
      </object_component>
      <object_component id="oc-12e">
         <name>.text:UARTvprintf</name>
         <load_address>0x1208</load_address>
         <run_address>0x1208</run_address>
         <size>0x1ea</size>
         <input_file_ref idref="fl-f"/>
      </object_component>
      <object_component id="oc-40">
         <name>.text:IntDefaultHandler</name>
         <load_address>0x13f2</load_address>
         <run_address>0x13f2</run_address>
         <size>0x2</size>
         <input_file_ref idref="fl-6"/>
      </object_component>
      <object_component id="oc-206">
         <name>.text</name>
         <load_address>0x13f4</load_address>
         <run_address>0x13f4</run_address>
         <size>0x1c8</size>
         <input_file_ref idref="fl-e3"/>
      </object_component>
      <object_component id="oc-410">
         <name>.text</name>
         <load_address>0x15bc</load_address>
         <run_address>0x15bc</run_address>
         <size>0x1b6</size>
         <input_file_ref idref="fl-d1"/>
      </object_component>
      <object_component id="oc-34">
         <name>.text:NmiSR</name>
         <load_address>0x1772</load_address>
         <run_address>0x1772</run_address>
         <size>0x2</size>
         <input_file_ref idref="fl-6"/>
      </object_component>
      <object_component id="oc-260">
         <name>.text:setDiaplyValue</name>
         <load_address>0x1774</load_address>
         <run_address>0x1774</run_address>
         <size>0x168</size>
         <input_file_ref idref="fl-9"/>
      </object_component>
      <object_component id="oc-212">
         <name>.text:SW1_IntHandler</name>
         <load_address>0x18dc</load_address>
         <run_address>0x18dc</run_address>
         <size>0x13c</size>
         <input_file_ref idref="fl-3"/>
      </object_component>
      <object_component id="oc-406">
         <name>.text</name>
         <load_address>0x1a18</load_address>
         <run_address>0x1a18</run_address>
         <size>0x136</size>
         <input_file_ref idref="fl-d3"/>
      </object_component>
      <object_component id="oc-199">
         <name>.text:GPIOPadConfigSet</name>
         <load_address>0x1b4e</load_address>
         <run_address>0x1b4e</run_address>
         <size>0x132</size>
         <input_file_ref idref="fl-fa"/>
      </object_component>
      <object_component id="oc-2e6">
         <name>.text:SysCtlClockGet</name>
         <load_address>0x1c80</load_address>
         <run_address>0x1c80</run_address>
         <size>0x110</size>
         <input_file_ref idref="fl-fe"/>
      </object_component>
      <object_component id="oc-36d">
         <name>.text</name>
         <load_address>0x1d90</load_address>
         <run_address>0x1d90</run_address>
         <size>0xfc</size>
         <input_file_ref idref="fl-d4"/>
      </object_component>
      <object_component id="oc-157">
         <name>.text:SysCtlClockSet</name>
         <load_address>0x1e8c</load_address>
         <run_address>0x1e8c</run_address>
         <size>0xf4</size>
         <input_file_ref idref="fl-fe"/>
      </object_component>
      <object_component id="oc-169">
         <name>.text:initLCD</name>
         <load_address>0x1f80</load_address>
         <run_address>0x1f80</run_address>
         <size>0xf0</size>
         <input_file_ref idref="fl-9"/>
      </object_component>
      <object_component id="oc-224">
         <name>.text:convertADC2range</name>
         <load_address>0x2070</load_address>
         <run_address>0x2070</run_address>
         <size>0xdc</size>
         <input_file_ref idref="fl-7"/>
      </object_component>
      <object_component id="oc-1dc">
         <name>.text:modeChange</name>
         <load_address>0x214c</load_address>
         <run_address>0x214c</run_address>
         <size>0xdc</size>
         <input_file_ref idref="fl-3"/>
      </object_component>
      <object_component id="oc-163">
         <name>.text:initADC</name>
         <load_address>0x2228</load_address>
         <run_address>0x2228</run_address>
         <size>0x9c</size>
         <input_file_ref idref="fl-7"/>
      </object_component>
      <object_component id="oc-66">
         <name>.text</name>
         <load_address>0x22c4</load_address>
         <run_address>0x22c4</run_address>
         <size>0x9c</size>
         <input_file_ref idref="fl-d8"/>
      </object_component>
      <object_component id="oc-1d0">
         <name>.text:setPWM</name>
         <load_address>0x2360</load_address>
         <run_address>0x2360</run_address>
         <size>0x98</size>
         <input_file_ref idref="fl-b"/>
      </object_component>
      <object_component id="oc-46">
         <name>.text:UARTIntHandler</name>
         <load_address>0x23f8</load_address>
         <run_address>0x23f8</run_address>
         <size>0x94</size>
         <input_file_ref idref="fl-3"/>
      </object_component>
      <object_component id="oc-175">
         <name>.text:initPWM</name>
         <load_address>0x248c</load_address>
         <run_address>0x248c</run_address>
         <size>0x8c</size>
         <input_file_ref idref="fl-b"/>
      </object_component>
      <object_component id="oc-23e">
         <name>.text:__aeabi_cdcmple</name>
         <load_address>0x2518</load_address>
         <run_address>0x2518</run_address>
         <size>0x86</size>
         <input_file_ref idref="fl-d2"/>
      </object_component>
      <object_component id="oc-243">
         <name>.text:__aeabi_cdrcmple</name>
         <load_address>0x259e</load_address>
         <run_address>0x259e</run_address>
         <size>0x86</size>
         <input_file_ref idref="fl-d2"/>
      </object_component>
      <object_component id="oc-16f">
         <name>.text:initMux</name>
         <load_address>0x2624</load_address>
         <run_address>0x2624</run_address>
         <size>0x84</size>
         <input_file_ref idref="fl-c"/>
      </object_component>
      <object_component id="oc-17b">
         <name>.text:initTimer</name>
         <load_address>0x26a8</load_address>
         <run_address>0x26a8</run_address>
         <size>0x80</size>
         <input_file_ref idref="fl-3"/>
      </object_component>
      <object_component id="oc-72">
         <name>.text</name>
         <load_address>0x2728</load_address>
         <run_address>0x2728</run_address>
         <size>0x7a</size>
         <input_file_ref idref="fl-d9"/>
      </object_component>
      <object_component id="oc-20c">
         <name>.text:ftoa</name>
         <load_address>0x27a2</load_address>
         <run_address>0x27a2</run_address>
         <size>0x70</size>
         <input_file_ref idref="fl-9"/>
      </object_component>
      <object_component id="oc-434">
         <name>.text</name>
         <load_address>0x2812</load_address>
         <run_address>0x2812</run_address>
         <size>0x2</size>
         <input_file_ref idref="fl-ed"/>
      </object_component>
      <object_component id="oc-15d">
         <name>.text:initUART0</name>
         <load_address>0x2814</load_address>
         <run_address>0x2814</run_address>
         <size>0x70</size>
         <input_file_ref idref="fl-d"/>
      </object_component>
      <object_component id="oc-8a">
         <name>.text</name>
         <load_address>0x2884</load_address>
         <run_address>0x2884</run_address>
         <size>0x70</size>
         <input_file_ref idref="fl-ea"/>
      </object_component>
      <object_component id="oc-40b">
         <name>.text</name>
         <load_address>0x28f4</load_address>
         <run_address>0x28f4</run_address>
         <size>0x6e</size>
         <input_file_ref idref="fl-d6"/>
      </object_component>
      <object_component id="oc-7e">
         <name>.text</name>
         <load_address>0x2962</load_address>
         <run_address>0x2962</run_address>
         <size>0x2</size>
         <input_file_ref idref="fl-da"/>
      </object_component>
      <object_component id="oc-2cd">
         <name>.text:IntEnable</name>
         <load_address>0x2964</load_address>
         <run_address>0x2964</run_address>
         <size>0x68</size>
         <input_file_ref idref="fl-fb"/>
      </object_component>
      <object_component id="oc-12">
         <name>.text:decompress:lzss</name>
         <load_address>0x29cc</load_address>
         <run_address>0x29cc</run_address>
         <size>0x68</size>
         <input_file_ref idref="fl-cc"/>
      </object_component>
      <object_component id="oc-362">
         <name>.text:TimerConfigure</name>
         <load_address>0x2a34</load_address>
         <run_address>0x2a34</run_address>
         <size>0x60</size>
         <input_file_ref idref="fl-ff"/>
      </object_component>
      <object_component id="oc-2d9">
         <name>.text:UARTStdioConfig</name>
         <load_address>0x2a94</load_address>
         <run_address>0x2a94</run_address>
         <size>0x60</size>
         <input_file_ref idref="fl-f"/>
      </object_component>
      <object_component id="oc-24e">
         <name>.text:itoa</name>
         <load_address>0x2af4</load_address>
         <run_address>0x2af4</run_address>
         <size>0x60</size>
         <input_file_ref idref="fl-9"/>
      </object_component>
      <object_component id="oc-3b4">
         <name>.text:SetADCSwitch</name>
         <load_address>0x2b54</load_address>
         <run_address>0x2b54</run_address>
         <size>0x58</size>
         <input_file_ref idref="fl-c"/>
      </object_component>
      <object_component id="oc-1ab">
         <name>.text:GPIOIntTypeSet</name>
         <load_address>0x2bac</load_address>
         <run_address>0x2bac</run_address>
         <size>0x56</size>
         <input_file_ref idref="fl-fa"/>
      </object_component>
      <object_component id="oc-102">
         <name>.text</name>
         <load_address>0x2c02</load_address>
         <run_address>0x2c02</run_address>
         <size>0x2</size>
         <input_file_ref idref="fl-f4"/>
      </object_component>
      <object_component id="oc-24">
         <name>.text</name>
         <load_address>0x2c04</load_address>
         <run_address>0x2c04</run_address>
         <size>0x54</size>
         <input_file_ref idref="fl-cb"/>
      </object_component>
      <object_component id="oc-96">
         <name>.text</name>
         <load_address>0x2c58</load_address>
         <run_address>0x2c58</run_address>
         <size>0x54</size>
         <input_file_ref idref="fl-d0"/>
      </object_component>
      <object_component id="oc-1e2">
         <name>.text:SetMuxDCAC</name>
         <load_address>0x2cac</load_address>
         <run_address>0x2cac</run_address>
         <size>0x50</size>
         <input_file_ref idref="fl-c"/>
      </object_component>
      <object_component id="oc-248">
         <name>.text:SetGain</name>
         <load_address>0x2cfc</load_address>
         <run_address>0x2cfc</run_address>
         <size>0x4c</size>
         <input_file_ref idref="fl-c"/>
      </object_component>
      <object_component id="oc-200">
         <name>.text</name>
         <load_address>0x2d48</load_address>
         <run_address>0x2d48</run_address>
         <size>0x4c</size>
         <input_file_ref idref="fl-ca"/>
      </object_component>
      <object_component id="oc-fc">
         <name>.text</name>
         <load_address>0x2d94</load_address>
         <run_address>0x2d94</run_address>
         <size>0x4c</size>
         <input_file_ref idref="fl-eb"/>
      </object_component>
      <object_component id="oc-2bb">
         <name>.text:GPIOPinConfigure</name>
         <load_address>0x2de0</load_address>
         <run_address>0x2de0</run_address>
         <size>0x48</size>
         <input_file_ref idref="fl-fa"/>
      </object_component>
      <object_component id="oc-28c">
         <name>.text:UARTwrite</name>
         <load_address>0x2e28</load_address>
         <run_address>0x2e28</run_address>
         <size>0x48</size>
         <input_file_ref idref="fl-f"/>
      </object_component>
      <object_component id="oc-181">
         <name>.text:initLED</name>
         <load_address>0x2e70</load_address>
         <run_address>0x2e70</run_address>
         <size>0x48</size>
         <input_file_ref idref="fl-a"/>
      </object_component>
      <object_component id="oc-372">
         <name>.text</name>
         <load_address>0x2eb8</load_address>
         <run_address>0x2eb8</run_address>
         <size>0x48</size>
         <input_file_ref idref="fl-d5"/>
      </object_component>
      <object_component id="oc-397">
         <name>.text:_GPIOIntNumberGet</name>
         <load_address>0x2f00</load_address>
         <run_address>0x2f00</run_address>
         <size>0x44</size>
         <input_file_ref idref="fl-fa"/>
      </object_component>
      <object_component id="oc-21e">
         <name>.text:ReadADC</name>
         <load_address>0x2f44</load_address>
         <run_address>0x2f44</run_address>
         <size>0x40</size>
         <input_file_ref idref="fl-7"/>
      </object_component>
      <object_component id="oc-4c">
         <name>.text:UART1IntHandler</name>
         <load_address>0x2f84</load_address>
         <run_address>0x2f84</run_address>
         <size>0x40</size>
         <input_file_ref idref="fl-3"/>
      </object_component>
      <object_component id="oc-1fa">
         <name>.text</name>
         <load_address>0x2fc4</load_address>
         <run_address>0x2fc4</run_address>
         <size>0x40</size>
         <input_file_ref idref="fl-e4"/>
      </object_component>
      <object_component id="oc-292">
         <name>.text</name>
         <load_address>0x3004</load_address>
         <run_address>0x3004</run_address>
         <size>0x40</size>
         <input_file_ref idref="fl-e5"/>
      </object_component>
      <object_component id="oc-30b">
         <name>.text:sendByte</name>
         <load_address>0x3044</load_address>
         <run_address>0x3044</run_address>
         <size>0x40</size>
         <input_file_ref idref="fl-9"/>
      </object_component>
      <object_component id="oc-2ec">
         <name>.text:SSIConfigSetExpClk</name>
         <load_address>0x3084</load_address>
         <run_address>0x3084</run_address>
         <size>0x3c</size>
         <input_file_ref idref="fl-fd"/>
      </object_component>
      <object_component id="oc-187">
         <name>.text:initSDcard</name>
         <load_address>0x30c0</load_address>
         <run_address>0x30c0</run_address>
         <size>0x3c</size>
         <input_file_ref idref="fl-5"/>
      </object_component>
      <object_component id="oc-239">
         <name>.text</name>
         <load_address>0x30fc</load_address>
         <run_address>0x30fc</run_address>
         <size>0x38</size>
         <input_file_ref idref="fl-d7"/>
      </object_component>
      <object_component id="oc-39d">
         <name>.text:IntRegister</name>
         <load_address>0x3134</load_address>
         <run_address>0x3134</run_address>
         <size>0x34</size>
         <input_file_ref idref="fl-fb"/>
      </object_component>
      <object_component id="oc-18d">
         <name>.text:SysCtlPeripheralEnable</name>
         <load_address>0x3168</load_address>
         <run_address>0x3168</run_address>
         <size>0x34</size>
         <input_file_ref idref="fl-fe"/>
      </object_component>
      <object_component id="oc-52">
         <name>.text:Timer0IntHandler</name>
         <load_address>0x319c</load_address>
         <run_address>0x319c</run_address>
         <size>0x34</size>
         <input_file_ref idref="fl-3"/>
      </object_component>
      <object_component id="oc-311">
         <name>.text:buildChar</name>
         <load_address>0x31d0</load_address>
         <run_address>0x31d0</run_address>
         <size>0x32</size>
         <input_file_ref idref="fl-9"/>
      </object_component>
      <object_component id="oc-1b7">
         <name>.text:setCursorPositionLCD</name>
         <load_address>0x3202</load_address>
         <run_address>0x3202</run_address>
         <size>0x2e</size>
         <input_file_ref idref="fl-9"/>
      </object_component>
      <object_component id="oc-3ae">
         <name>.text:SetInputRelay</name>
         <load_address>0x3230</load_address>
         <run_address>0x3230</run_address>
         <size>0x2c</size>
         <input_file_ref idref="fl-c"/>
      </object_component>
      <object_component id="oc-38e">
         <name>.text:GPIODirModeSet</name>
         <load_address>0x325c</load_address>
         <run_address>0x325c</run_address>
         <size>0x2a</size>
         <input_file_ref idref="fl-fa"/>
      </object_component>
      <object_component id="oc-3ca">
         <name>.text</name>
         <load_address>0x3286</load_address>
         <run_address>0x3286</run_address>
         <size>0x2a</size>
         <input_file_ref idref="fl-f7"/>
      </object_component>
      <object_component id="oc-305">
         <name>.text:pulseLCD</name>
         <load_address>0x32b0</load_address>
         <run_address>0x32b0</run_address>
         <size>0x28</size>
         <input_file_ref idref="fl-9"/>
      </object_component>
      <object_component id="oc-3d0">
         <name>.text</name>
         <load_address>0x32d8</load_address>
         <run_address>0x32d8</run_address>
         <size>0x24</size>
         <input_file_ref idref="fl-f6"/>
      </object_component>
      <object_component id="oc-33d">
         <name>.text:PWMGenConfigure</name>
         <load_address>0x32fc</load_address>
         <run_address>0x32fc</run_address>
         <size>0x22</size>
         <input_file_ref idref="fl-fc"/>
      </object_component>
      <object_component id="oc-368">
         <name>.text</name>
         <load_address>0x331e</load_address>
         <run_address>0x331e</run_address>
         <size>0x20</size>
         <input_file_ref idref="fl-e6"/>
      </object_component>
      <object_component id="oc-349">
         <name>.text:PWMPulseWidthSet</name>
         <load_address>0x333e</load_address>
         <run_address>0x333e</run_address>
         <size>0x1e</size>
         <input_file_ref idref="fl-fc"/>
      </object_component>
      <object_component id="oc-218">
         <name>.text:WriteADC</name>
         <load_address>0x335c</load_address>
         <run_address>0x335c</run_address>
         <size>0x1c</size>
         <input_file_ref idref="fl-7"/>
      </object_component>
      <object_component id="oc-1c4">
         <name>.text:clearLCD</name>
         <load_address>0x3378</load_address>
         <run_address>0x3378</run_address>
         <size>0x1c</size>
         <input_file_ref idref="fl-9"/>
      </object_component>
      <object_component id="oc-1f4">
         <name>.text</name>
         <load_address>0x3394</load_address>
         <run_address>0x3394</run_address>
         <size>0x1c</size>
         <input_file_ref idref="fl-e1"/>
      </object_component>
      <object_component id="oc-ba">
         <name>.text:UARTprintf</name>
         <load_address>0x33b0</load_address>
         <run_address>0x33b0</run_address>
         <size>0x1a</size>
         <input_file_ref idref="fl-f"/>
      </object_component>
      <object_component id="oc-1a5">
         <name>.text:GPIOIntRegister</name>
         <load_address>0x33ca</load_address>
         <run_address>0x33ca</run_address>
         <size>0x18</size>
         <input_file_ref idref="fl-fa"/>
      </object_component>
      <object_component id="oc-2f9">
         <name>.text:GPIOPinTypeGPIOOutput</name>
         <load_address>0x33e2</load_address>
         <run_address>0x33e2</run_address>
         <size>0x18</size>
         <input_file_ref idref="fl-fa"/>
      </object_component>
      <object_component id="oc-1bd">
         <name>.text:printLCD</name>
         <load_address>0x33fa</load_address>
         <run_address>0x33fa</run_address>
         <size>0x18</size>
         <input_file_ref idref="fl-9"/>
      </object_component>
      <object_component id="oc-90">
         <name>.text</name>
         <load_address>0x3414</load_address>
         <run_address>0x3414</run_address>
         <size>0x18</size>
         <input_file_ref idref="fl-e9"/>
      </object_component>
      <object_component id="oc-331">
         <name>.text:SysCtlPWMClockSet</name>
         <load_address>0x342c</load_address>
         <run_address>0x342c</run_address>
         <size>0x14</size>
         <input_file_ref idref="fl-fe"/>
      </object_component>
      <object_component id="oc-27c">
         <name>.text</name>
         <load_address>0x3440</load_address>
         <run_address>0x3440</run_address>
         <size>0x14</size>
         <input_file_ref idref="fl-e7"/>
      </object_component>
      <object_component id="oc-b4">
         <name>.text</name>
         <load_address>0x3454</load_address>
         <run_address>0x3454</run_address>
         <size>0x14</size>
         <input_file_ref idref="fl-e0"/>
      </object_component>
      <object_component id="oc-1ee">
         <name>.text</name>
         <load_address>0x3468</load_address>
         <run_address>0x3468</run_address>
         <size>0x14</size>
         <input_file_ref idref="fl-e2"/>
      </object_component>
      <object_component id="oc-193">
         <name>.text:GPIOPinTypeGPIOInput</name>
         <load_address>0x347c</load_address>
         <run_address>0x347c</run_address>
         <size>0x12</size>
         <input_file_ref idref="fl-fa"/>
      </object_component>
      <object_component id="oc-337">
         <name>.text:GPIOPinTypePWM</name>
         <load_address>0x348e</load_address>
         <run_address>0x348e</run_address>
         <size>0x12</size>
         <input_file_ref idref="fl-fa"/>
      </object_component>
      <object_component id="oc-2e0">
         <name>.text:GPIOPinTypeSSI</name>
         <load_address>0x34a0</load_address>
         <run_address>0x34a0</run_address>
         <size>0x12</size>
         <input_file_ref idref="fl-fa"/>
      </object_component>
      <object_component id="oc-2c7">
         <name>.text:GPIOPinTypeUART</name>
         <load_address>0x34b2</load_address>
         <run_address>0x34b2</run_address>
         <size>0x12</size>
         <input_file_ref idref="fl-fa"/>
      </object_component>
      <object_component id="oc-355">
         <name>.text:PWMOutputState</name>
         <load_address>0x34c4</load_address>
         <run_address>0x34c4</run_address>
         <size>0x12</size>
         <input_file_ref idref="fl-fc"/>
      </object_component>
      <object_component id="oc-3fe">
         <name>.text:SSIDataGetNonBlocking</name>
         <load_address>0x34d6</load_address>
         <run_address>0x34d6</run_address>
         <size>0x12</size>
         <input_file_ref idref="fl-fd"/>
      </object_component>
      <object_component id="oc-377">
         <name>.text:TimerLoadSet</name>
         <load_address>0x34e8</load_address>
         <run_address>0x34e8</run_address>
         <size>0x12</size>
         <input_file_ref idref="fl-ff"/>
      </object_component>
      <object_component id="oc-35c">
         <name>.text:IntMasterEnable</name>
         <load_address>0x34fa</load_address>
         <run_address>0x34fa</run_address>
         <size>0x10</size>
         <input_file_ref idref="fl-fb"/>
      </object_component>
      <object_component id="oc-343">
         <name>.text:PWMGenPeriodSet</name>
         <load_address>0x350a</load_address>
         <run_address>0x350a</run_address>
         <size>0x10</size>
         <input_file_ref idref="fl-fc"/>
      </object_component>
      <object_component id="oc-2ff">
         <name>.text:setCmd</name>
         <load_address>0x351c</load_address>
         <run_address>0x351c</run_address>
         <size>0x10</size>
         <input_file_ref idref="fl-9"/>
      </object_component>
      <object_component id="oc-461">
         <name>.text:setData</name>
         <load_address>0x352c</load_address>
         <run_address>0x352c</run_address>
         <size>0x10</size>
         <input_file_ref idref="fl-9"/>
      </object_component>
      <object_component id="oc-19f">
         <name>.text:GPIOIntDisable</name>
         <load_address>0x353c</load_address>
         <run_address>0x353c</run_address>
         <size>0xe</size>
         <input_file_ref idref="fl-fa"/>
      </object_component>
      <object_component id="oc-3ea">
         <name>.text:GPIOIntStatus</name>
         <load_address>0x354a</load_address>
         <run_address>0x354a</run_address>
         <size>0xe</size>
         <input_file_ref idref="fl-fa"/>
      </object_component>
      <object_component id="oc-383">
         <name>.text:TimerEnable</name>
         <load_address>0x3558</load_address>
         <run_address>0x3558</run_address>
         <size>0xe</size>
         <input_file_ref idref="fl-ff"/>
      </object_component>
      <object_component id="oc-a8">
         <name>.text:UARTCharGetNonBlocking</name>
         <load_address>0x3566</load_address>
         <run_address>0x3566</run_address>
         <size>0xe</size>
         <input_file_ref idref="fl-100"/>
      </object_component>
      <object_component id="oc-ae">
         <name>.text:UARTCharPutNonBlocking</name>
         <load_address>0x3574</load_address>
         <run_address>0x3574</run_address>
         <size>0xe</size>
         <input_file_ref idref="fl-100"/>
      </object_component>
      <object_component id="oc-d5">
         <name>.text:UARTCharsAvail</name>
         <load_address>0x3582</load_address>
         <run_address>0x3582</run_address>
         <size>0xe</size>
         <input_file_ref idref="fl-100"/>
      </object_component>
      <object_component id="oc-18">
         <name>.text:decompress:none</name>
         <load_address>0x3590</load_address>
         <run_address>0x3590</run_address>
         <size>0xe</size>
         <input_file_ref idref="fl-cd"/>
      </object_component>
      <object_component id="oc-481">
         <name>.text:CPUcpsie</name>
         <load_address>0x359e</load_address>
         <run_address>0x359e</run_address>
         <size>0xc</size>
         <input_file_ref idref="fl-101"/>
      </object_component>
      <object_component id="oc-1b1">
         <name>.text:GPIOIntEnable</name>
         <load_address>0x35aa</load_address>
         <run_address>0x35aa</run_address>
         <size>0xc</size>
         <input_file_ref idref="fl-fa"/>
      </object_component>
      <object_component id="oc-34f">
         <name>.text:PWMGenEnable</name>
         <load_address>0x35b6</load_address>
         <run_address>0x35b6</run_address>
         <size>0xc</size>
         <input_file_ref idref="fl-fc"/>
      </object_component>
      <object_component id="oc-1e">
         <name>.text:decompress:ZI</name>
         <load_address>0x35c2</load_address>
         <run_address>0x35c2</run_address>
         <size>0xc</size>
         <input_file_ref idref="fl-ce"/>
      </object_component>
      <object_component id="oc-3f1">
         <name>.text:SSIDataPut</name>
         <load_address>0x35ce</load_address>
         <run_address>0x35ce</run_address>
         <size>0xa</size>
         <input_file_ref idref="fl-fd"/>
      </object_component>
      <object_component id="oc-2f2">
         <name>.text:SSIEnable</name>
         <load_address>0x35d8</load_address>
         <run_address>0x35d8</run_address>
         <size>0xa</size>
         <input_file_ref idref="fl-fd"/>
      </object_component>
      <object_component id="oc-3f7">
         <name>.text:SSIBusy</name>
         <load_address>0x35e2</load_address>
         <run_address>0x35e2</run_address>
         <size>0x8</size>
         <input_file_ref idref="fl-fd"/>
      </object_component>
      <object_component id="oc-37d">
         <name>.text:TimerIntEnable</name>
         <load_address>0x35ea</load_address>
         <run_address>0x35ea</run_address>
         <size>0x8</size>
         <input_file_ref idref="fl-ff"/>
      </object_component>
      <object_component id="oc-2d3">
         <name>.text:UARTIntEnable</name>
         <load_address>0x35f2</load_address>
         <run_address>0x35f2</run_address>
         <size>0x8</size>
         <input_file_ref idref="fl-100"/>
      </object_component>
      <object_component id="oc-25a">
         <name>.text:cursorOffLCD</name>
         <load_address>0x35fa</load_address>
         <run_address>0x35fa</run_address>
         <size>0x8</size>
         <input_file_ref idref="fl-9"/>
      </object_component>
      <object_component id="oc-254">
         <name>.text:setBlockCursorLCD</name>
         <load_address>0x3602</load_address>
         <run_address>0x3602</run_address>
         <size>0x8</size>
         <input_file_ref idref="fl-9"/>
      </object_component>
      <object_component id="oc-c0">
         <name>.text:GPIOIntClear</name>
         <load_address>0x360a</load_address>
         <run_address>0x360a</run_address>
         <size>0x6</size>
         <input_file_ref idref="fl-fa"/>
      </object_component>
      <object_component id="oc-1e8">
         <name>.text:GPIOPinWrite</name>
         <load_address>0x3610</load_address>
         <run_address>0x3610</run_address>
         <size>0x6</size>
         <input_file_ref idref="fl-fa"/>
      </object_component>
      <object_component id="oc-2e">
         <name>.text:ResetISR</name>
         <load_address>0x3616</load_address>
         <run_address>0x3616</run_address>
         <size>0x6</size>
         <input_file_ref idref="fl-6"/>
      </object_component>
      <object_component id="oc-1c3">
         <name>.text:SysCtlDelay</name>
         <load_address>0x361c</load_address>
         <run_address>0x361c</run_address>
         <size>0x6</size>
         <input_file_ref idref="fl-fe"/>
      </object_component>
      <object_component id="oc-2c1">
         <name>.text:UARTClockSourceSet</name>
         <load_address>0x3622</load_address>
         <run_address>0x3622</run_address>
         <size>0x6</size>
         <input_file_ref idref="fl-100"/>
      </object_component>
      <object_component id="oc-1d6">
         <name>.text:printSpecialChar</name>
         <load_address>0x3628</load_address>
         <run_address>0x3628</run_address>
         <size>0x6</size>
         <input_file_ref idref="fl-9"/>
      </object_component>
      <object_component id="oc-84">
         <name>.text</name>
         <load_address>0x362e</load_address>
         <run_address>0x362e</run_address>
         <size>0x4</size>
         <input_file_ref idref="fl-db"/>
      </object_component>
      <object_component id="oc-3db">
         <name>.const:.string:_ctypes_</name>
         <load_address>0x3634</load_address>
         <run_address>0x3634</run_address>
         <size>0x101</size>
         <input_file_ref idref="fl-cf"/>
      </object_component>
      <object_component id="oc-494">
         <name>.const:g_ppui32GPIOIntMapSnowflake</name>
         <load_address>0x3738</load_address>
         <run_address>0x3738</run_address>
         <size>0xd8</size>
         <input_file_ref idref="fl-fa"/>
      </object_component>
      <object_component id="oc-491">
         <name>.const:g_ppui32GPIOIntMapBlizzard</name>
         <load_address>0x3810</load_address>
         <run_address>0x3810</run_address>
         <size>0xc0</size>
         <input_file_ref idref="fl-fa"/>
      </object_component>
      <object_component id="oc-443">
         <name>.const:g_pui32GPIOBaseAddrs</name>
         <load_address>0x38d0</load_address>
         <run_address>0x38d0</run_address>
         <size>0x90</size>
         <input_file_ref idref="fl-fa"/>
      </object_component>
      <object_component id="oc-449">
         <name>.const</name>
         <load_address>0x3960</load_address>
         <run_address>0x3960</run_address>
         <size>0x70</size>
         <input_file_ref idref="fl-fb"/>
      </object_component>
      <object_component id="oc-457">
         <name>.const:g_pui32Xtals</name>
         <load_address>0x39d0</load_address>
         <run_address>0x39d0</run_address>
         <size>0x6c</size>
         <input_file_ref idref="fl-fe"/>
      </object_component>
      <object_component id="oc-3e0">
         <name>.const:$O1$$</name>
         <load_address>0x3a3c</load_address>
         <run_address>0x3a3c</run_address>
         <size>0x40</size>
         <input_file_ref idref="fl-e3"/>
      </object_component>
      <object_component id="oc-452">
         <name>.const:g_ui32UARTBase</name>
         <load_address>0x3a7c</load_address>
         <run_address>0x3a7c</run_address>
         <size>0xc</size>
         <input_file_ref idref="fl-f"/>
      </object_component>
      <object_component id="oc-44f">
         <name>.const:g_ui32UARTPeriph</name>
         <load_address>0x3a88</load_address>
         <run_address>0x3a88</run_address>
         <size>0xc</size>
         <input_file_ref idref="fl-f"/>
      </object_component>
      <object_component id="oc-51b">
         <name>.cinit..data.load</name>
         <load_address>0x3a98</load_address>
         <run_address>0x3a98</run_address>
         <size>0x7d</size>
      </object_component>
      <object_component id="oc-518">
         <name>__TI_handler_table</name>
         <load_address>0x3b18</load_address>
         <run_address>0x3b18</run_address>
         <size>0xc</size>
      </object_component>
      <object_component id="oc-51c">
         <name>.cinit..bss.load</name>
         <load_address>0x3b28</load_address>
         <run_address>0x3b28</run_address>
         <size>0x8</size>
      </object_component>
      <object_component id="oc-51a">
         <name>.cinit..vtable.load</name>
         <load_address>0x3b30</load_address>
         <run_address>0x3b30</run_address>
         <size>0x8</size>
      </object_component>
      <object_component id="oc-519">
         <name>__TI_cinit_table</name>
         <load_address>0x3b38</load_address>
         <run_address>0x3b38</run_address>
         <size>0x18</size>
      </object_component>
      <object_component id="oc-498">
         <name>.vtable</name>
         <uninitialized>true</uninitialized>
         <run_address>0x20000000</run_address>
         <size>0x26c</size>
         <input_file_ref idref="fl-fb"/>
      </object_component>
      <object_component id="oc-233">
         <name>.data:loggingFreq</name>
         <load_address>0x2000108c</load_address>
         <run_address>0x2000108c</run_address>
         <size>0x24</size>
         <input_file_ref idref="fl-3"/>
      </object_component>
      <object_component id="oc-c6">
         <name>.data</name>
         <load_address>0x200010b0</load_address>
         <run_address>0x200010b0</run_address>
         <size>0x1d</size>
         <input_file_ref idref="fl-3"/>
      </object_component>
      <object_component id="oc-26f">
         <name>.data:displayADCVal</name>
         <load_address>0x200010cd</load_address>
         <run_address>0x200010cd</run_address>
         <size>0x11</size>
         <input_file_ref idref="fl-3"/>
      </object_component>
      <object_component id="oc-266">
         <name>.data:brightness_opt_str</name>
         <load_address>0x20001162</load_address>
         <run_address>0x20001162</run_address>
         <size>0x5</size>
         <input_file_ref idref="fl-3"/>
      </object_component>
      <object_component id="oc-22c">
         <name>.data:set_duration</name>
         <load_address>0x20001167</load_address>
         <run_address>0x20001167</run_address>
         <size>0x5</size>
         <input_file_ref idref="fl-3"/>
      </object_component>
      <object_component id="oc-26c">
         <name>.data:set_cursor_duration</name>
         <load_address>0x2000115c</load_address>
         <run_address>0x2000115c</run_address>
         <size>0x6</size>
         <input_file_ref idref="fl-3"/>
      </object_component>
      <object_component id="oc-269">
         <name>.data:loggingDurationString</name>
         <load_address>0x20001028</load_address>
         <run_address>0x20001028</run_address>
         <size>0x64</size>
         <input_file_ref idref="fl-3"/>
      </object_component>
      <object_component id="oc-3ba">
         <name>.data:int2str_duration</name>
         <load_address>0x200010f8</load_address>
         <run_address>0x200010f8</run_address>
         <size>0xa</size>
         <input_file_ref idref="fl-3"/>
      </object_component>
      <object_component id="oc-c9">
         <name>.data:UARTtmp</name>
         <load_address>0x20001134</load_address>
         <run_address>0x20001134</run_address>
         <size>0x8</size>
         <input_file_ref idref="fl-3"/>
      </object_component>
      <object_component id="oc-cc">
         <name>.data:myRX</name>
         <load_address>0x2000114c</load_address>
         <run_address>0x2000114c</run_address>
         <size>0x8</size>
         <input_file_ref idref="fl-3"/>
      </object_component>
      <object_component id="oc-317">
         <name>.data:plusminusmap</name>
         <load_address>0x20001154</load_address>
         <run_address>0x20001154</run_address>
         <size>0x8</size>
         <input_file_ref idref="fl-9"/>
      </object_component>
      <object_component id="oc-31a">
         <name>.data:BrightnessLV1</name>
         <load_address>0x2000110c</load_address>
         <run_address>0x2000110c</run_address>
         <size>0x8</size>
         <input_file_ref idref="fl-9"/>
      </object_component>
      <object_component id="oc-31d">
         <name>.data:BrightnessLV2</name>
         <load_address>0x20001114</load_address>
         <run_address>0x20001114</run_address>
         <size>0x8</size>
         <input_file_ref idref="fl-9"/>
      </object_component>
      <object_component id="oc-320">
         <name>.data:BrightnessLV3</name>
         <load_address>0x2000111c</load_address>
         <run_address>0x2000111c</run_address>
         <size>0x8</size>
         <input_file_ref idref="fl-9"/>
      </object_component>
      <object_component id="oc-323">
         <name>.data:BrightnessLV4</name>
         <load_address>0x20001124</load_address>
         <run_address>0x20001124</run_address>
         <size>0x8</size>
         <input_file_ref idref="fl-9"/>
      </object_component>
      <object_component id="oc-326">
         <name>.data:BrightnessLV5</name>
         <load_address>0x2000112c</load_address>
         <run_address>0x2000112c</run_address>
         <size>0x8</size>
         <input_file_ref idref="fl-9"/>
      </object_component>
      <object_component id="oc-329">
         <name>.data:enter</name>
         <load_address>0x20001144</load_address>
         <run_address>0x20001144</run_address>
         <size>0x8</size>
         <input_file_ref idref="fl-9"/>
      </object_component>
      <object_component id="oc-32c">
         <name>.data:circle1</name>
         <load_address>0x2000113c</load_address>
         <run_address>0x2000113c</run_address>
         <size>0x8</size>
         <input_file_ref idref="fl-9"/>
      </object_component>
      <object_component id="oc-42d">
         <name>.data</name>
         <load_address>0x2000116c</load_address>
         <run_address>0x2000116c</run_address>
         <size>0x5</size>
         <input_file_ref idref="fl-f"/>
      </object_component>
      <object_component id="oc-112">
         <name>.data:$O1$$</name>
         <load_address>0x200010e0</load_address>
         <run_address>0x200010e0</run_address>
         <size>0xc</size>
         <input_file_ref idref="fl-d0"/>
      </object_component>
      <object_component id="oc-9c">
         <name>.data</name>
         <load_address>0x20001178</load_address>
         <run_address>0x20001178</run_address>
         <size>0x4</size>
         <input_file_ref idref="fl-dd"/>
      </object_component>
      <object_component id="oc-3d6">
         <name>.data</name>
         <load_address>0x2000117c</load_address>
         <run_address>0x2000117c</run_address>
         <size>0x4</size>
         <input_file_ref idref="fl-e4"/>
      </object_component>
      <object_component id="oc-115">
         <name>.data:$O1$$</name>
         <load_address>0x20001104</load_address>
         <run_address>0x20001104</run_address>
         <size>0x8</size>
         <input_file_ref idref="fl-e7"/>
      </object_component>
      <object_component id="oc-3e3">
         <name>.data</name>
         <load_address>0x20001174</load_address>
         <run_address>0x20001174</run_address>
         <size>0x4</size>
         <input_file_ref idref="fl-ec"/>
      </object_component>
      <object_component id="oc-4a7">
         <name>.data:$O1$$</name>
         <load_address>0x200010ec</load_address>
         <run_address>0x200010ec</run_address>
         <size>0xc</size>
         <input_file_ref idref="fl-f1"/>
      </object_component>
      <object_component id="oc-22f">
         <name>.common:measure_mode</name>
         <uninitialized>true</uninitialized>
         <run_address>0x200011a4</run_address>
         <size>0x1</size>
      </object_component>
      <object_component id="oc-22a">
         <name>.common:pb_mode</name>
         <uninitialized>true</uninitialized>
         <run_address>0x200011a5</run_address>
         <size>0x1</size>
      </object_component>
      <object_component id="oc-389">
         <name>.common:numTick</name>
         <uninitialized>true</uninitialized>
         <run_address>0x20001188</run_address>
         <size>0x4</size>
      </object_component>
      <object_component id="oc-232">
         <name>.common:pb_mode_str</name>
         <uninitialized>true</uninitialized>
         <run_address>0x20001190</run_address>
         <size>0x4</size>
      </object_component>
      <object_component id="oc-22b">
         <name>.common:value_str</name>
         <uninitialized>true</uninitialized>
         <run_address>0x200011a0</run_address>
         <size>0x4</size>
      </object_component>
      <object_component id="oc-230">
         <name>.common:token</name>
         <uninitialized>true</uninitialized>
         <run_address>0x20001198</run_address>
         <size>0x4</size>
      </object_component>
      <object_component id="oc-231">
         <name>.common:tofree</name>
         <uninitialized>true</uninitialized>
         <run_address>0x20001194</run_address>
         <size>0x4</size>
      </object_component>
      <object_component id="oc-237">
         <name>.common:pb_mode_int</name>
         <uninitialized>true</uninitialized>
         <run_address>0x2000118c</run_address>
         <size>0x4</size>
      </object_component>
      <object_component id="oc-238">
         <name>.common:value_float</name>
         <uninitialized>true</uninitialized>
         <run_address>0x2000119c</run_address>
         <size>0x4</size>
      </object_component>
      <object_component id="oc-236">
         <name>.common:value_tmp</name>
         <uninitialized>true</uninitialized>
         <run_address>0x20001180</run_address>
         <size>0x8</size>
      </object_component>
      <object_component id="oc-2b">
         <name>.sysmem</name>
         <uninitialized>true</uninitialized>
         <run_address>0x20000270</run_address>
         <size>0x8</size>
         <input_file_ref idref="fl-f1"/>
      </object_component>
      <object_component id="oc-51e">
         <name>.sysmem</name>
         <uninitialized>true</uninitialized>
         <run_address>0x20000270</run_address>
         <size>0x0</size>
      </object_component>
      <object_component id="oc-2a">
         <name>.stack</name>
         <uninitialized>true</uninitialized>
         <run_address>0x20000e28</run_address>
         <size>0x0</size>
         <input_file_ref idref="fl-cb"/>
      </object_component>
      <object_component id="oc-51d">
         <name>.stack</name>
         <uninitialized>true</uninitialized>
         <run_address>0x20000e28</run_address>
         <size>0x0</size>
      </object_component>
      <object_component id="oc-43b">
         <name>.debug_info</name>
         <load_address>0x0</load_address>
         <run_address>0x0</run_address>
         <size>0x2e3</size>
         <input_file_ref idref="fl-2"/>
      </object_component>
      <object_component id="oc-4d0">
         <name>.debug_info</name>
         <load_address>0x2e3</load_address>
         <run_address>0x2e3</run_address>
         <size>0x70</size>
         <input_file_ref idref="fl-2"/>
      </object_component>
      <object_component id="oc-29e">
         <name>.debug_info</name>
         <load_address>0x353</load_address>
         <run_address>0x353</run_address>
         <size>0x4c5</size>
         <input_file_ref idref="fl-2"/>
      </object_component>
      <object_component id="oc-2a3">
         <name>.debug_info</name>
         <load_address>0x818</load_address>
         <run_address>0x818</run_address>
         <size>0xe4</size>
         <input_file_ref idref="fl-2"/>
      </object_component>
      <object_component id="oc-61">
         <name>.debug_info</name>
         <load_address>0x8fc</load_address>
         <run_address>0x8fc</run_address>
         <size>0x84</size>
         <input_file_ref idref="fl-2"/>
      </object_component>
      <object_component id="oc-141">
         <name>.debug_info</name>
         <load_address>0x980</load_address>
         <run_address>0x980</run_address>
         <size>0xd77</size>
         <input_file_ref idref="fl-3"/>
      </object_component>
      <object_component id="oc-234">
         <name>.debug_info</name>
         <load_address>0x16f7</load_address>
         <run_address>0x16f7</run_address>
         <size>0xdb</size>
         <input_file_ref idref="fl-3"/>
      </object_component>
      <object_component id="oc-c7">
         <name>.debug_info</name>
         <load_address>0x17d2</load_address>
         <run_address>0x17d2</run_address>
         <size>0x377</size>
         <input_file_ref idref="fl-3"/>
      </object_component>
      <object_component id="oc-270">
         <name>.debug_info</name>
         <load_address>0x1b49</load_address>
         <run_address>0x1b49</run_address>
         <size>0xdf</size>
         <input_file_ref idref="fl-3"/>
      </object_component>
      <object_component id="oc-267">
         <name>.debug_info</name>
         <load_address>0x1c28</load_address>
         <run_address>0x1c28</run_address>
         <size>0xe9</size>
         <input_file_ref idref="fl-3"/>
      </object_component>
      <object_component id="oc-22d">
         <name>.debug_info</name>
         <load_address>0x1d11</load_address>
         <run_address>0x1d11</run_address>
         <size>0xdd</size>
         <input_file_ref idref="fl-3"/>
      </object_component>
      <object_component id="oc-26d">
         <name>.debug_info</name>
         <load_address>0x1dee</load_address>
         <run_address>0x1dee</run_address>
         <size>0xeb</size>
         <input_file_ref idref="fl-3"/>
      </object_component>
      <object_component id="oc-26a">
         <name>.debug_info</name>
         <load_address>0x1ed9</load_address>
         <run_address>0x1ed9</run_address>
         <size>0xef</size>
         <input_file_ref idref="fl-3"/>
      </object_component>
      <object_component id="oc-3bb">
         <name>.debug_info</name>
         <load_address>0x1fc8</load_address>
         <run_address>0x1fc8</run_address>
         <size>0xe5</size>
         <input_file_ref idref="fl-3"/>
      </object_component>
      <object_component id="oc-ca">
         <name>.debug_info</name>
         <load_address>0x20ad</load_address>
         <run_address>0x20ad</run_address>
         <size>0xd3</size>
         <input_file_ref idref="fl-3"/>
      </object_component>
      <object_component id="oc-cd">
         <name>.debug_info</name>
         <load_address>0x2180</load_address>
         <run_address>0x2180</run_address>
         <size>0xcd</size>
         <input_file_ref idref="fl-3"/>
      </object_component>
      <object_component id="oc-1dd">
         <name>.debug_info</name>
         <load_address>0x224d</load_address>
         <run_address>0x224d</run_address>
         <size>0x1d4</size>
         <input_file_ref idref="fl-3"/>
      </object_component>
      <object_component id="oc-17c">
         <name>.debug_info</name>
         <load_address>0x2421</load_address>
         <run_address>0x2421</run_address>
         <size>0x234</size>
         <input_file_ref idref="fl-3"/>
      </object_component>
      <object_component id="oc-213">
         <name>.debug_info</name>
         <load_address>0x2655</load_address>
         <run_address>0x2655</run_address>
         <size>0x191</size>
         <input_file_ref idref="fl-3"/>
      </object_component>
      <object_component id="oc-10b">
         <name>.debug_info</name>
         <load_address>0x27e6</load_address>
         <run_address>0x27e6</run_address>
         <size>0x967</size>
         <input_file_ref idref="fl-3"/>
      </object_component>
      <object_component id="oc-47">
         <name>.debug_info</name>
         <load_address>0x314d</load_address>
         <run_address>0x314d</run_address>
         <size>0x19d</size>
         <input_file_ref idref="fl-3"/>
      </object_component>
      <object_component id="oc-4d">
         <name>.debug_info</name>
         <load_address>0x32ea</load_address>
         <run_address>0x32ea</run_address>
         <size>0x19a</size>
         <input_file_ref idref="fl-3"/>
      </object_component>
      <object_component id="oc-53">
         <name>.debug_info</name>
         <load_address>0x3484</load_address>
         <run_address>0x3484</run_address>
         <size>0x11b</size>
         <input_file_ref idref="fl-3"/>
      </object_component>
      <object_component id="oc-2a8">
         <name>.debug_info</name>
         <load_address>0x359f</load_address>
         <run_address>0x359f</run_address>
         <size>0xc8</size>
         <input_file_ref idref="fl-3"/>
      </object_component>
      <object_component id="oc-d0">
         <name>.debug_info</name>
         <load_address>0x3667</load_address>
         <run_address>0x3667</run_address>
         <size>0x8b</size>
         <input_file_ref idref="fl-3"/>
      </object_component>
      <object_component id="oc-df">
         <name>.debug_info</name>
         <load_address>0x36f2</load_address>
         <run_address>0x36f2</run_address>
         <size>0x18b</size>
         <input_file_ref idref="fl-3"/>
      </object_component>
      <object_component id="oc-136">
         <name>.debug_info</name>
         <load_address>0x387d</load_address>
         <run_address>0x387d</run_address>
         <size>0x4e</size>
         <input_file_ref idref="fl-3"/>
      </object_component>
      <object_component id="oc-188">
         <name>.debug_info</name>
         <load_address>0x38cb</load_address>
         <run_address>0x38cb</run_address>
         <size>0x11c</size>
         <input_file_ref idref="fl-5"/>
      </object_component>
      <object_component id="oc-f3">
         <name>.debug_info</name>
         <load_address>0x39e7</load_address>
         <run_address>0x39e7</run_address>
         <size>0x2c</size>
         <input_file_ref idref="fl-5"/>
      </object_component>
      <object_component id="oc-5a">
         <name>.debug_info</name>
         <load_address>0x3a13</load_address>
         <run_address>0x3a13</run_address>
         <size>0x16a</size>
         <input_file_ref idref="fl-6"/>
      </object_component>
      <object_component id="oc-10">
         <name>.debug_info</name>
         <load_address>0x3b7d</load_address>
         <run_address>0x3b7d</run_address>
         <size>0xe3</size>
         <input_file_ref idref="fl-6"/>
      </object_component>
      <object_component id="oc-2f">
         <name>.debug_info</name>
         <load_address>0x3c60</load_address>
         <run_address>0x3c60</run_address>
         <size>0x113</size>
         <input_file_ref idref="fl-6"/>
      </object_component>
      <object_component id="oc-35">
         <name>.debug_info</name>
         <load_address>0x3d73</load_address>
         <run_address>0x3d73</run_address>
         <size>0x104</size>
         <input_file_ref idref="fl-6"/>
      </object_component>
      <object_component id="oc-41">
         <name>.debug_info</name>
         <load_address>0x3e77</load_address>
         <run_address>0x3e77</run_address>
         <size>0x11c</size>
         <input_file_ref idref="fl-6"/>
      </object_component>
      <object_component id="oc-3b">
         <name>.debug_info</name>
         <load_address>0x3f93</load_address>
         <run_address>0x3f93</run_address>
         <size>0x10a</size>
         <input_file_ref idref="fl-6"/>
      </object_component>
      <object_component id="oc-405">
         <name>.debug_info</name>
         <load_address>0x409d</load_address>
         <run_address>0x409d</run_address>
         <size>0x2f5</size>
         <input_file_ref idref="fl-7"/>
      </object_component>
      <object_component id="oc-219">
         <name>.debug_info</name>
         <load_address>0x4392</load_address>
         <run_address>0x4392</run_address>
         <size>0x13d</size>
         <input_file_ref idref="fl-7"/>
      </object_component>
      <object_component id="oc-164">
         <name>.debug_info</name>
         <load_address>0x44cf</load_address>
         <run_address>0x44cf</run_address>
         <size>0x269</size>
         <input_file_ref idref="fl-7"/>
      </object_component>
      <object_component id="oc-225">
         <name>.debug_info</name>
         <load_address>0x4738</load_address>
         <run_address>0x4738</run_address>
         <size>0x24c</size>
         <input_file_ref idref="fl-7"/>
      </object_component>
      <object_component id="oc-21f">
         <name>.debug_info</name>
         <load_address>0x4984</load_address>
         <run_address>0x4984</run_address>
         <size>0x1a7</size>
         <input_file_ref idref="fl-7"/>
      </object_component>
      <object_component id="oc-3a7">
         <name>.debug_info</name>
         <load_address>0x4b2b</load_address>
         <run_address>0x4b2b</run_address>
         <size>0x267</size>
         <input_file_ref idref="fl-9"/>
      </object_component>
      <object_component id="oc-318">
         <name>.debug_info</name>
         <load_address>0x4d92</load_address>
         <run_address>0x4d92</run_address>
         <size>0xe5</size>
         <input_file_ref idref="fl-9"/>
      </object_component>
      <object_component id="oc-31b">
         <name>.debug_info</name>
         <load_address>0x4e77</load_address>
         <run_address>0x4e77</run_address>
         <size>0xe7</size>
         <input_file_ref idref="fl-9"/>
      </object_component>
      <object_component id="oc-31e">
         <name>.debug_info</name>
         <load_address>0x4f5e</load_address>
         <run_address>0x4f5e</run_address>
         <size>0xe7</size>
         <input_file_ref idref="fl-9"/>
      </object_component>
      <object_component id="oc-321">
         <name>.debug_info</name>
         <load_address>0x5045</load_address>
         <run_address>0x5045</run_address>
         <size>0xe7</size>
         <input_file_ref idref="fl-9"/>
      </object_component>
      <object_component id="oc-324">
         <name>.debug_info</name>
         <load_address>0x512c</load_address>
         <run_address>0x512c</run_address>
         <size>0xe7</size>
         <input_file_ref idref="fl-9"/>
      </object_component>
      <object_component id="oc-327">
         <name>.debug_info</name>
         <load_address>0x5213</load_address>
         <run_address>0x5213</run_address>
         <size>0xe7</size>
         <input_file_ref idref="fl-9"/>
      </object_component>
      <object_component id="oc-32a">
         <name>.debug_info</name>
         <load_address>0x52fa</load_address>
         <run_address>0x52fa</run_address>
         <size>0xd7</size>
         <input_file_ref idref="fl-9"/>
      </object_component>
      <object_component id="oc-32d">
         <name>.debug_info</name>
         <load_address>0x53d1</load_address>
         <run_address>0x53d1</run_address>
         <size>0xdb</size>
         <input_file_ref idref="fl-9"/>
      </object_component>
      <object_component id="oc-300">
         <name>.debug_info</name>
         <load_address>0x54ac</load_address>
         <run_address>0x54ac</run_address>
         <size>0x123</size>
         <input_file_ref idref="fl-9"/>
      </object_component>
      <object_component id="oc-462">
         <name>.debug_info</name>
         <load_address>0x55cf</load_address>
         <run_address>0x55cf</run_address>
         <size>0x125</size>
         <input_file_ref idref="fl-9"/>
      </object_component>
      <object_component id="oc-306">
         <name>.debug_info</name>
         <load_address>0x56f4</load_address>
         <run_address>0x56f4</run_address>
         <size>0x152</size>
         <input_file_ref idref="fl-9"/>
      </object_component>
      <object_component id="oc-30c">
         <name>.debug_info</name>
         <load_address>0x5846</load_address>
         <run_address>0x5846</run_address>
         <size>0x1ee</size>
         <input_file_ref idref="fl-9"/>
      </object_component>
      <object_component id="oc-1b8">
         <name>.debug_info</name>
         <load_address>0x5a34</load_address>
         <run_address>0x5a34</run_address>
         <size>0x18e</size>
         <input_file_ref idref="fl-9"/>
      </object_component>
      <object_component id="oc-1be">
         <name>.debug_info</name>
         <load_address>0x5bc2</load_address>
         <run_address>0x5bc2</run_address>
         <size>0x147</size>
         <input_file_ref idref="fl-9"/>
      </object_component>
      <object_component id="oc-1d7">
         <name>.debug_info</name>
         <load_address>0x5d09</load_address>
         <run_address>0x5d09</run_address>
         <size>0x149</size>
         <input_file_ref idref="fl-9"/>
      </object_component>
      <object_component id="oc-1cb">
         <name>.debug_info</name>
         <load_address>0x5e52</load_address>
         <run_address>0x5e52</run_address>
         <size>0x4e3</size>
         <input_file_ref idref="fl-9"/>
      </object_component>
      <object_component id="oc-20d">
         <name>.debug_info</name>
         <load_address>0x6335</load_address>
         <run_address>0x6335</run_address>
         <size>0x175</size>
         <input_file_ref idref="fl-9"/>
      </object_component>
      <object_component id="oc-261">
         <name>.debug_info</name>
         <load_address>0x64aa</load_address>
         <run_address>0x64aa</run_address>
         <size>0x2c7</size>
         <input_file_ref idref="fl-9"/>
      </object_component>
      <object_component id="oc-255">
         <name>.debug_info</name>
         <load_address>0x6771</load_address>
         <run_address>0x6771</run_address>
         <size>0x135</size>
         <input_file_ref idref="fl-9"/>
      </object_component>
      <object_component id="oc-24f">
         <name>.debug_info</name>
         <load_address>0x68a6</load_address>
         <run_address>0x68a6</run_address>
         <size>0x1d7</size>
         <input_file_ref idref="fl-9"/>
      </object_component>
      <object_component id="oc-25b">
         <name>.debug_info</name>
         <load_address>0x6a7d</load_address>
         <run_address>0x6a7d</run_address>
         <size>0x12b</size>
         <input_file_ref idref="fl-9"/>
      </object_component>
      <object_component id="oc-1c5">
         <name>.debug_info</name>
         <load_address>0x6ba8</load_address>
         <run_address>0x6ba8</run_address>
         <size>0x149</size>
         <input_file_ref idref="fl-9"/>
      </object_component>
      <object_component id="oc-312">
         <name>.debug_info</name>
         <load_address>0x6cf1</load_address>
         <run_address>0x6cf1</run_address>
         <size>0x197</size>
         <input_file_ref idref="fl-9"/>
      </object_component>
      <object_component id="oc-16a">
         <name>.debug_info</name>
         <load_address>0x6e88</load_address>
         <run_address>0x6e88</run_address>
         <size>0x2e7</size>
         <input_file_ref idref="fl-9"/>
      </object_component>
      <object_component id="oc-182">
         <name>.debug_info</name>
         <load_address>0x716f</load_address>
         <run_address>0x716f</run_address>
         <size>0x1a3</size>
         <input_file_ref idref="fl-a"/>
      </object_component>
      <object_component id="oc-3ac">
         <name>.debug_info</name>
         <load_address>0x7312</load_address>
         <run_address>0x7312</run_address>
         <size>0x2b8</size>
         <input_file_ref idref="fl-b"/>
      </object_component>
      <object_component id="oc-1d1">
         <name>.debug_info</name>
         <load_address>0x75ca</load_address>
         <run_address>0x75ca</run_address>
         <size>0x1c6</size>
         <input_file_ref idref="fl-b"/>
      </object_component>
      <object_component id="oc-176">
         <name>.debug_info</name>
         <load_address>0x7790</load_address>
         <run_address>0x7790</run_address>
         <size>0x228</size>
         <input_file_ref idref="fl-b"/>
      </object_component>
      <object_component id="oc-4a1">
         <name>.debug_info</name>
         <load_address>0x79b8</load_address>
         <run_address>0x79b8</run_address>
         <size>0x17e</size>
         <input_file_ref idref="fl-c"/>
      </object_component>
      <object_component id="oc-170">
         <name>.debug_info</name>
         <load_address>0x7b36</load_address>
         <run_address>0x7b36</run_address>
[...]
         <value>0x1f81</value>
         <object_component_ref idref="oc-169"/>
      </symbol>
      <symbol id="sm-3be">
         <name>setModeDisplay</name>
         <value>0xfcd</value>
         <object_component_ref idref="oc-1ca"/>
      </symbol>
      <symbol id="sm-3bf">
         <name>setCmd</name>
         <value>0x351d</value>
         <object_component_ref idref="oc-2ff"/>
      </symbol>
      <symbol id="sm-3cd">
         <name>initLED</name>
         <value>0x2e71</value>
         <object_component_ref idref="oc-181"/>
      </symbol>
      <symbol id="sm-3f6">
         <name>setPWM</name>
         <value>0x2361</value>
         <object_component_ref idref="oc-1d0"/>
      </symbol>
      <symbol id="sm-3f7">
         <name>initPWM</name>
         <value>0x248d</value>
         <object_component_ref idref="oc-175"/>
      </symbol>
      <symbol id="sm-454">
         <name>SetADCSwitch</name>
         <value>0x2b55</value>
         <object_component_ref idref="oc-3b4"/>
      </symbol>
      <symbol id="sm-455">
         <name>SetMuxDCAC</name>
         <value>0x2cad</value>
         <object_component_ref idref="oc-1e2"/>
      </symbol>
      <symbol id="sm-456">
         <name>initMux</name>
         <value>0x2625</value>
         <object_component_ref idref="oc-16f"/>
      </symbol>
      <symbol id="sm-457">
         <name>SetGain</name>
         <value>0x2cfd</value>
         <object_component_ref idref="oc-248"/>
      </symbol>
      <symbol id="sm-458">
         <name>SetInputRelay</name>
         <value>0x3231</value>
         <object_component_ref idref="oc-3ae"/>
      </symbol>
      <symbol id="sm-467">
         <name>initUART0</name>
         <value>0x2815</value>
         <object_component_ref idref="oc-15d"/>
      </symbol>
      <symbol id="sm-4d6">
         <name>UARTStdioConfig</name>
         <value>0x2a95</value>
         <object_component_ref idref="oc-2d9"/>
      </symbol>
      <symbol id="sm-4d7">
         <name>UARTwrite</name>
         <value>0x2e29</value>
         <object_component_ref idref="oc-28c"/>
      </symbol>
      <symbol id="sm-4d8">
         <name>UARTprintf</name>
         <value>0x33b1</value>
         <object_component_ref idref="oc-ba"/>
      </symbol>
      <symbol id="sm-4d9">
         <name>UARTvprintf</name>
         <value>0x1209</value>
         <object_component_ref idref="oc-12e"/>
      </symbol>
      <symbol id="sm-4ef">
         <name>atoi</name>
         <value>0x2d49</value>
         <object_component_ref idref="oc-200"/>
      </symbol>
      <symbol id="sm-500">
         <name>_c_int00</name>
         <value>0x2c05</value>
         <object_component_ref idref="oc-24"/>
      </symbol>
      <symbol id="sm-501">
         <name>__stack</name>
         <value>0x20000e28</value>
         <object_component_ref idref="oc-2a"/>
      </symbol>
      <symbol id="sm-51f">
         <name>__TI_decompress_lzss</name>
         <value>0x29cd</value>
         <object_component_ref idref="oc-12"/>
      </symbol>
      <symbol id="sm-536">
         <name>__TI_decompress_none</name>
         <value>0x3591</value>
         <object_component_ref idref="oc-18"/>
      </symbol>
      <symbol id="sm-548">
         <name>__TI_zero_init</name>
         <value>0x35c3</value>
         <object_component_ref idref="oc-1e"/>
      </symbol>
      <symbol id="sm-553">
         <name>_ctypes_</name>
         <value>0x3634</value>
         <object_component_ref idref="oc-3db"/>
      </symbol>
      <symbol id="sm-574">
         <name>C$$EXIT</name>
         <value>0x2c59</value>
         <object_component_ref idref="oc-96"/>
      </symbol>
      <symbol id="sm-575">
         <name>abort</name>
         <value>0x2c5d</value>
         <object_component_ref idref="oc-96"/>
      </symbol>
      <symbol id="sm-576">
         <name>exit</name>
         <value>0x2c65</value>
         <object_component_ref idref="oc-96"/>
      </symbol>
      <symbol id="sm-577">
         <name>__TI_dtors_ptr</name>
         <value>0x200010e4</value>
         <object_component_ref idref="oc-112"/>
      </symbol>
      <symbol id="sm-578">
         <name>__TI_cleanup_ptr</name>
         <value>0x200010e0</value>
         <object_component_ref idref="oc-112"/>
      </symbol>
      <symbol id="sm-579">
         <name>__TI_enable_exit_profile_output</name>
         <value>0x200010e8</value>
         <object_component_ref idref="oc-112"/>
      </symbol>
      <symbol id="sm-590">
         <name>__aeabi_dsub</name>
         <value>0x15bd</value>
         <object_component_ref idref="oc-410"/>
      </symbol>
      <symbol id="sm-591">
         <name>__aeabi_dadd</name>
         <value>0x15c7</value>
         <object_component_ref idref="oc-410"/>
      </symbol>
      <symbol id="sm-5b3">
         <name>__aeabi_cdcmpeq</name>
         <value>0x2519</value>
         <object_component_ref idref="oc-23e"/>
      </symbol>
      <symbol id="sm-5b4">
         <name>__aeabi_cdcmple</name>
         <value>0x2519</value>
         <object_component_ref idref="oc-23e"/>
      </symbol>
      <symbol id="sm-5b5">
         <name>__aeabi_cdrcmple</name>
         <value>0x259f</value>
         <object_component_ref idref="oc-243"/>
      </symbol>
      <symbol id="sm-5c9">
         <name>__aeabi_ddiv</name>
         <value>0x1a19</value>
         <object_component_ref idref="oc-406"/>
      </symbol>
      <symbol id="sm-5d4">
         <name>__aeabi_dmul</name>
         <value>0x1d91</value>
         <object_component_ref idref="oc-36d"/>
      </symbol>
      <symbol id="sm-5de">
         <name>__aeabi_d2iz</name>
         <value>0x2eb9</value>
         <object_component_ref idref="oc-372"/>
      </symbol>
      <symbol id="sm-5ea">
         <name>__aeabi_d2f</name>
         <value>0x28f5</value>
         <object_component_ref idref="oc-40b"/>
      </symbol>
      <symbol id="sm-5f5">
         <name>__aeabi_f2d</name>
         <value>0x30fd</value>
         <object_component_ref idref="oc-239"/>
      </symbol>
      <symbol id="sm-610">
         <name>memcpy</name>
         <value>0x22c5</value>
         <object_component_ref idref="oc-66"/>
      </symbol>
      <symbol id="sm-611">
         <name>__aeabi_memcpy</name>
         <value>0x22c5</value>
         <object_component_ref idref="oc-66"/>
      </symbol>
      <symbol id="sm-612">
         <name>__aeabi_memcpy8</name>
         <value>0x22c5</value>
         <object_component_ref idref="oc-66"/>
      </symbol>
      <symbol id="sm-613">
         <name>__aeabi_memcpy4</name>
         <value>0x22c5</value>
         <object_component_ref idref="oc-66"/>
      </symbol>
      <symbol id="sm-622">
         <name>__aeabi_memset</name>
         <value>0x272b</value>
         <object_component_ref idref="oc-72"/>
      </symbol>
      <symbol id="sm-623">
         <name>memset</name>
         <value>0x2731</value>
         <object_component_ref idref="oc-72"/>
      </symbol>
      <symbol id="sm-624">
         <name>__aeabi_memset8</name>
         <value>0x272b</value>
         <object_component_ref idref="oc-72"/>
      </symbol>
      <symbol id="sm-625">
         <name>__aeabi_memset4</name>
         <value>0x272b</value>
         <object_component_ref idref="oc-72"/>
      </symbol>
      <symbol id="sm-626">
         <name>__aeabi_memclr8</name>
         <value>0x2729</value>
         <object_component_ref idref="oc-72"/>
      </symbol>
      <symbol id="sm-627">
         <name>__aeabi_memclr4</name>
         <value>0x2729</value>
         <object_component_ref idref="oc-72"/>
      </symbol>
      <symbol id="sm-628">
         <name>__aeabi_memclr</name>
         <value>0x2729</value>
         <object_component_ref idref="oc-72"/>
      </symbol>
      <symbol id="sm-632">
         <name>__mpu_init</name>
         <value>0x2963</value>
         <object_component_ref idref="oc-7e"/>
      </symbol>
      <symbol id="sm-63c">
         <name>_system_pre_init</name>
         <value>0x362f</value>
         <object_component_ref idref="oc-84"/>
      </symbol>
      <symbol id="sm-645">
         <name>main_func_sp</name>
         <value>0x20001178</value>
         <object_component_ref idref="oc-9c"/>
      </symbol>
      <symbol id="sm-655">
         <name>strcpy</name>
         <value>0x3455</value>
         <object_component_ref idref="oc-b4"/>
      </symbol>
      <symbol id="sm-663">
         <name>strdup</name>
         <value>0x3395</value>
         <object_component_ref idref="oc-1f4"/>
      </symbol>
      <symbol id="sm-671">
         <name>strlen</name>
         <value>0x3469</value>
         <object_component_ref idref="oc-1ee"/>
      </symbol>
      <symbol id="sm-6aa">
         <name>strtof</name>
         <value>0x13f5</value>
         <object_component_ref idref="oc-206"/>
      </symbol>
      <symbol id="sm-6c2">
         <name>strtok</name>
         <value>0x2fc5</value>
         <object_component_ref idref="oc-1fa"/>
      </symbol>
      <symbol id="sm-6d1">
         <name>__aeabi_uidivmod</name>
         <value>0x3005</value>
         <object_component_ref idref="oc-292"/>
      </symbol>
      <symbol id="sm-6d2">
         <name>__aeabi_uidiv</name>
         <value>0x3005</value>
         <object_component_ref idref="oc-292"/>
      </symbol>
      <symbol id="sm-6dc">
         <name>__aeabi_ui2d</name>
         <value>0x331f</value>
         <object_component_ref idref="oc-368"/>
      </symbol>
      <symbol id="sm-6f5">
         <name>_nop</name>
         <value>0x344f</value>
         <object_component_ref idref="oc-27c"/>
      </symbol>
      <symbol id="sm-6f6">
         <name>_lock</name>
         <value>0x20001104</value>
         <object_component_ref idref="oc-115"/>
      </symbol>
      <symbol id="sm-6f7">
         <name>_unlock</name>
         <value>0x20001108</value>
         <object_component_ref idref="oc-115"/>
      </symbol>
      <symbol id="sm-6f8">
         <name>_register_lock</name>
         <value>0x3447</value>
         <object_component_ref idref="oc-27c"/>
      </symbol>
      <symbol id="sm-6f9">
         <name>_register_unlock</name>
         <value>0x3441</value>
         <object_component_ref idref="oc-27c"/>
      </symbol>
      <symbol id="sm-70e">
         <name>_args_main</name>
         <value>0x3415</value>
         <object_component_ref idref="oc-90"/>
      </symbol>
      <symbol id="sm-738">
         <name>__TI_auto_init</name>
         <value>0x2885</value>
         <object_component_ref idref="oc-8a"/>
      </symbol>
      <symbol id="sm-752">
         <name>copy_in</name>
         <value>0x2d95</value>
         <object_component_ref idref="oc-fc"/>
      </symbol>
      <symbol id="sm-75a">
         <name>errno</name>
         <value>0x20001174</value>
         <object_component_ref idref="oc-3e3"/>
      </symbol>
      <symbol id="sm-764">
         <name>__aeabi_idiv0</name>
         <value>0x2813</value>
         <object_component_ref idref="oc-434"/>
      </symbol>
      <symbol id="sm-7db">
         <name>_sys_memory</name>
         <value>0x20000270</value>
         <object_component_ref idref="oc-2b"/>
      </symbol>
      <symbol id="sm-7dc">
         <name>free</name>
         <value>0xce7</value>
         <object_component_ref idref="oc-3c2"/>
      </symbol>
      <symbol id="sm-7dd">
         <name>realloc</name>
         <value>0xda9</value>
         <object_component_ref idref="oc-3c2"/>
      </symbol>
      <symbol id="sm-7de">
         <name>memalign</name>
         <value>0xeb1</value>
         <object_component_ref idref="oc-3c2"/>
      </symbol>
      <symbol id="sm-7df">
         <name>calloc</name>
         <value>0xf9d</value>
         <object_component_ref idref="oc-3c2"/>
      </symbol>
      <symbol id="sm-7e0">
         <name>malloc</name>
         <value>0xc7d</value>
         <object_component_ref idref="oc-3c2"/>
      </symbol>
      <symbol id="sm-7e1">
         <name>minit</name>
         <value>0xbfd</value>
         <object_component_ref idref="oc-3c2"/>
      </symbol>
      <symbol id="sm-7ed">
         <name>_system_post_cinit</name>
         <value>0x2c03</value>
         <object_component_ref idref="oc-102"/>
      </symbol>
      <symbol id="sm-7ff">
         <name>strcspn</name>
         <value>0x32d9</value>
         <object_component_ref idref="oc-3d0"/>
      </symbol>
      <symbol id="sm-811">
         <name>strspn</name>
         <value>0x3287</value>
         <object_component_ref idref="oc-3ca"/>
      </symbol>
      <symbol id="sm-8bc">
         <name>GPIOPinTypePWM</name>
         <value>0x348f</value>
         <object_component_ref idref="oc-337"/>
      </symbol>
      <symbol id="sm-8bd">
         <name>GPIOIntRegister</name>
         <value>0x33cb</value>
         <object_component_ref idref="oc-1a5"/>
      </symbol>
      <symbol id="sm-8be">
         <name>GPIOPinConfigure</name>
         <value>0x2de1</value>
         <object_component_ref idref="oc-2bb"/>
      </symbol>
      <symbol id="sm-8bf">
         <name>GPIOIntDisable</name>
         <value>0x353d</value>
         <object_component_ref idref="oc-19f"/>
      </symbol>
      <symbol id="sm-8c0">
         <name>GPIOIntEnable</name>
         <value>0x35ab</value>
         <object_component_ref idref="oc-1b1"/>
      </symbol>
      <symbol id="sm-8c1">
         <name>GPIOIntTypeSet</name>
         <value>0x2bad</value>
         <object_component_ref idref="oc-1ab"/>
      </symbol>
      <symbol id="sm-8c2">
         <name>GPIOPinTypeGPIOInput</name>
         <value>0x347d</value>
         <object_component_ref idref="oc-193"/>
      </symbol>
      <symbol id="sm-8c3">
         <name>GPIOIntClear</name>
         <value>0x360b</value>
         <object_component_ref idref="oc-c0"/>
      </symbol>
      <symbol id="sm-8c4">
         <name>GPIOPinTypeUART</name>
         <value>0x34b3</value>
         <object_component_ref idref="oc-2c7"/>
      </symbol>
      <symbol id="sm-8c5">
         <name>GPIOIntStatus</name>
         <value>0x354b</value>
         <object_component_ref idref="oc-3ea"/>
      </symbol>
      <symbol id="sm-8c6">
         <name>GPIOPinTypeGPIOOutput</name>
         <value>0x33e3</value>
         <object_component_ref idref="oc-2f9"/>
      </symbol>
      <symbol id="sm-8c7">
         <name>GPIODirModeSet</name>
         <value>0x325d</value>
         <object_component_ref idref="oc-38e"/>
      </symbol>
      <symbol id="sm-8c8">
         <name>GPIOPinWrite</name>
         <value>0x3611</value>
         <object_component_ref idref="oc-1e8"/>
      </symbol>
      <symbol id="sm-8c9">
         <name>GPIOPadConfigSet</name>
         <value>0x1b4f</value>
         <object_component_ref idref="oc-199"/>
      </symbol>
      <symbol id="sm-8ca">
         <name>GPIOPinTypeSSI</name>
         <value>0x34a1</value>
         <object_component_ref idref="oc-2e0"/>
      </symbol>
      <symbol id="sm-90c">
         <name>IntEnable</name>
         <value>0x2965</value>
         <object_component_ref idref="oc-2cd"/>
      </symbol>
      <symbol id="sm-90d">
         <name>IntRegister</name>
         <value>0x3135</value>
         <object_component_ref idref="oc-39d"/>
      </symbol>
      <symbol id="sm-90e">
         <name>g_pfnRAMVectors</name>
         <value>0x20000000</value>
         <object_component_ref idref="oc-498"/>
      </symbol>
      <symbol id="sm-90f">
         <name>IntMasterEnable</name>
         <value>0x34fb</value>
         <object_component_ref idref="oc-35c"/>
      </symbol>
      <symbol id="sm-93c">
         <name>PWMGenPeriodSet</name>
         <value>0x350b</value>
         <object_component_ref idref="oc-343"/>
      </symbol>
      <symbol id="sm-93d">
         <name>PWMPulseWidthSet</name>
         <value>0x333f</value>
         <object_component_ref idref="oc-349"/>
      </symbol>
      <symbol id="sm-93e">
         <name>PWMOutputState</name>
         <value>0x34c5</value>
         <object_component_ref idref="oc-355"/>
      </symbol>
      <symbol id="sm-93f">
         <name>PWMGenEnable</name>
         <value>0x35b7</value>
         <object_component_ref idref="oc-34f"/>
      </symbol>
      <symbol id="sm-940">
         <name>PWMGenConfigure</name>
         <value>0x32fd</value>
         <object_component_ref idref="oc-33d"/>
      </symbol>
      <symbol id="sm-970">
         <name>SSIDataPut</name>
         <value>0x35cf</value>
         <object_component_ref idref="oc-3f1"/>
      </symbol>
      <symbol id="sm-971">
         <name>SSIDataGetNonBlocking</name>
         <value>0x34d7</value>
         <object_component_ref idref="oc-3fe"/>
      </symbol>
      <symbol id="sm-972">
         <name>SSIConfigSetExpClk</name>
         <value>0x3085</value>
         <object_component_ref idref="oc-2ec"/>
      </symbol>
      <symbol id="sm-973">
         <name>SSIEnable</name>
         <value>0x35d9</value>
         <object_component_ref idref="oc-2f2"/>
      </symbol>
      <symbol id="sm-974">
         <name>SSIBusy</name>
         <value>0x35e3</value>
         <object_component_ref idref="oc-3f7"/>
      </symbol>
      <symbol id="sm-9d0">
         <name>SysCtlClockSet</name>
         <value>0x1e8d</value>
         <object_component_ref idref="oc-157"/>
      </symbol>
      <symbol id="sm-9d1">
         <name>SysCtlDelay</name>
         <value>0x361d</value>
         <object_component_ref idref="oc-1c3"/>
      </symbol>
      <symbol id="sm-9d2">
         <name>SysCtlPeripheralEnable</name>
         <value>0x3169</value>
         <object_component_ref idref="oc-18d"/>
      </symbol>
      <symbol id="sm-9d3">
         <name>SysCtlClockGet</name>
         <value>0x1c81</value>
         <object_component_ref idref="oc-2e6"/>
      </symbol>
      <symbol id="sm-9d4">
         <name>SysCtlPWMClockSet</name>
         <value>0x342d</value>
         <object_component_ref idref="oc-331"/>
      </symbol>
      <symbol id="sm-a00">
         <name>TimerLoadSet</name>
         <value>0x34e9</value>
         <object_component_ref idref="oc-377"/>
      </symbol>
      <symbol id="sm-a01">
         <name>TimerEnable</name>
         <value>0x3559</value>
         <object_component_ref idref="oc-383"/>
      </symbol>
      <symbol id="sm-a02">
         <name>TimerIntEnable</name>
         <value>0x35eb</value>
         <object_component_ref idref="oc-37d"/>
      </symbol>
      <symbol id="sm-a03">
         <name>TimerConfigure</name>
         <value>0x2a35</value>
         <object_component_ref idref="oc-362"/>
      </symbol>
      <symbol id="sm-a30">
         <name>UARTCharPutNonBlocking</name>
         <value>0x3575</value>
         <object_component_ref idref="oc-ae"/>
      </symbol>
      <symbol id="sm-a31">
         <name>UARTIntEnable</name>
         <value>0x35f3</value>
         <object_component_ref idref="oc-2d3"/>
      </symbol>
      <symbol id="sm-a32">
         <name>UARTCharsAvail</name>
         <value>0x3583</value>
         <object_component_ref idref="oc-d5"/>
      </symbol>
      <symbol id="sm-a33">
         <name>UARTCharGetNonBlocking</name>
         <value>0x3567</value>
         <object_component_ref idref="oc-a8"/>
      </symbol>
      <symbol id="sm-a34">
         <name>UARTClockSourceSet</name>
         <value>0x3623</value>
         <object_component_ref idref="oc-2c1"/>
      </symbol>
      <symbol id="sm-a3e">
         <name>CPUcpsie</name>
         <value>0x359f</value>
         <object_component_ref idref="oc-481"/>
      </symbol>
      <symbol id="sm-a3f">
         <name>__TI_static_base__</name>
         <value>0x0</value>
      </symbol>
      <symbol id="sm-a42">
         <name>SHT$$INIT_ARRAY$$Limit</name>
         <value>0x0</value>
      </symbol>
      <symbol id="sm-a43">
         <name>SHT$$INIT_ARRAY$$Base</name>
         <value>0x0</value>
      </symbol>
   </symbol_table>
   <title>Link successful</title>
</link_info>
