******************************************************************************
                  TI ARM Linker Unix v16.9.1                   
******************************************************************************
>> Linked Sun May 28 11:23:03 2017

OUTPUT FILE NAME:   <hello.out>
ENTRY POINT SYMBOL: "_c_int00"  address: 00002c05


MEMORY CONFIGURATION

         name            origin    length      used     unused   attr    fill
----------------------  --------  ---------  --------  --------  ----  --------
  FLASH                 00000000   00040000  00003b4a  0003c4b6  R  X
  SRAM                  20000000   00008000  000011a2  00006e5e  RW X


SEGMENT ALLOCATION MAP

run origin  load origin   length   init length attrs members
----------  ----------- ---------- ----------- ----- -------
00000000    00000000    00003b50   00003b50    r-x
  00000000    00000000    0000026c   0000026c    r-- .intvecs
  0000026c    0000026c    000033c6   000033c6    r-x .text
  00003634    00003634    00000460   00000460    r-- .const
  00003a98    00003a98    000000b8   000000b8    r-- .cinit
20000000    20000000    000011a6   00000000    rw-
  20000000    20000000    0000026c   00000000    rw- .vtable
  20000270    20000270    00000bb8   00000000    rw- .sysmem
  20000e28    20000e28    00000200   00000000    rw- .stack
  20001028    20001028    00000158   00000000    rw- .data
  20001180    20001180    00000026   00000000    rw- .bss


SECTION ALLOCATION MAP

 output                                  attributes/
section   page    origin      length       input sections
--------  ----  ----------  ----------   ----------------
.intvecs   0    00000000    0000026c     
                  00000000    0000026c     startup_ccs.obj (.intvecs)

.text      0    0000026c    000033c6     
                  0000026c    00000990     hello.obj (.text:main)
                  00000bfc    000003d0     rtsv7M4_T_le_v4SPD16_eabi.lib : memory.obj (.text)
                  00000fcc    00000239     display.obj (.text:setModeDisplay)
                  00001205    00000001     --HOLE-- [fill = 0]
                  00001206    00000002     startup_ccs.obj (.text:FaultISR)
                  00001208    000001ea     uartstdio.obj (.text:UARTvprintf)
                  000013f2    00000002     startup_ccs.obj (.text:IntDefaultHandler)
                  000013f4    000001c8     rtsv7M4_T_le_v4SPD16_eabi.lib : strtof.obj (.text)
                  000015bc    000001b6                                   : fd_add_t2.obj (.text)
                  00001772    00000002     startup_ccs.obj (.text:NmiSR)
                  00001774    00000168     display.obj (.text:setDiaplyValue)
                  000018dc    0000013c     hello.obj (.text:SW1_IntHandler)
                  00001a18    00000136     rtsv7M4_T_le_v4SPD16_eabi.lib : fd_div_t2.obj (.text)
                  00001b4e    00000132     driverlib.lib : gpio.obj (.text:GPIOPadConfigSet)
                  00001c80    00000110                   : sysctl.obj (.text:SysCtlClockGet)
                  00001d90    000000fc     rtsv7M4_T_le_v4SPD16_eabi.lib : fd_mul_t2.obj (.text)
                  00001e8c    000000f4     driverlib.lib : sysctl.obj (.text:SysCtlClockSet)
                  00001f80    000000f0     display.obj (.text:initLCD)
                  00002070    000000dc     ADC.obj (.text:convertADC2range)
                  0000214c    000000dc     hello.obj (.text:modeChange)
                  00002228    0000009c     ADC.obj (.text:initADC)
                  000022c4    0000009c     rtsv7M4_T_le_v4SPD16_eabi.lib : memcpy_t2.obj (.text)
                  00002360    00000098     mypwm.obj (.text:setPWM)
                  000023f8    00000094     hello.obj (.text:UARTIntHandler)
                  0000248c    0000008c     mypwm.obj (.text:initPWM)
                  00002518    00000086     rtsv7M4_T_le_v4SPD16_eabi.lib : fd_cmp_t2.obj (.text:__aeabi_cdcmple)
                  0000259e    00000086                                   : fd_cmp_t2.obj (.text:__aeabi_cdrcmple)
                  00002624    00000084     switchgain.obj (.text:initMux)
                  000026a8    00000080     hello.obj (.text:initTimer)
                  00002728    0000007a     rtsv7M4_T_le_v4SPD16_eabi.lib : memset_t2.obj (.text)
                  000027a2    00000070     display.obj (.text:ftoa)
                  00002812    00000002     rtsv7M4_T_le_v4SPD16_eabi.lib : i_div0.obj (.text)
                  00002814    00000070     uart.obj (.text:initUART0)
                  00002884    00000070     rtsv7M4_T_le_v4SPD16_eabi.lib : autoinit.obj (.text)
                  000028f4    0000006e                                   : fd_tos_t2.obj (.text)
                  00002962    00000002                                   : mpu_init.obj (.text)
                  00002964    00000068     driverlib.lib : interrupt.obj (.text:IntEnable)
                  000029cc    00000068     rtsv7M4_T_le_v4SPD16_eabi.lib : copy_decompress_lzss.obj (.text:decompress:lzss)
                  00002a34    00000060     driverlib.lib : timer.obj (.text:TimerConfigure)
                  00002a94    00000060     uartstdio.obj (.text:UARTStdioConfig)
                  00002af4    00000060     display.obj (.text:itoa)
                  00002b54    00000058     switchgain.obj (.text:SetADCSwitch)
                  00002bac    00000056     driverlib.lib : gpio.obj (.text:GPIOIntTypeSet)
                  00002c02    00000002     rtsv7M4_T_le_v4SPD16_eabi.lib : startup.obj (.text)
                  00002c04    00000054                                   : boot.obj (.text)
                  00002c58    00000054                                   : exit.obj (.text)
                  00002cac    00000050     switchgain.obj (.text:SetMuxDCAC)
                  00002cfc    0000004c     switchgain.obj (.text:SetGain)
                  00002d48    0000004c     rtsv7M4_T_le_v4SPD16_eabi.lib : atoi.obj (.text)
                  00002d94    0000004c                                   : cpy_tbl.obj (.text)
                  00002de0    00000048     driverlib.lib : gpio.obj (.text:GPIOPinConfigure)
                  00002e28    00000048     uartstdio.obj (.text:UARTwrite)
                  00002e70    00000048     led.obj (.text:initLED)
                  00002eb8    00000048     rtsv7M4_T_le_v4SPD16_eabi.lib : fd_toi_t2.obj (.text)
                  00002f00    00000044     driverlib.lib : gpio.obj (.text:_GPIOIntNumberGet)
                  00002f44    00000040     ADC.obj (.text:ReadADC)
                  00002f84    00000040     hello.obj (.text:UART1IntHandler)
                  00002fc4    00000040     rtsv7M4_T_le_v4SPD16_eabi.lib : strtok.obj (.text)
                  00003004    00000040                                   : u_divt2.obj (.text)
                  00003044    00000040     display.obj (.text:sendByte)
                  00003084    0000003c     driverlib.lib : ssi.obj (.text:SSIConfigSetExpClk)
                  000030c0    0000003c     mySDcard.obj (.text:initSDcard)
                  000030fc    00000038     rtsv7M4_T_le_v4SPD16_eabi.lib : fs_tod_t2.obj (.text)
                  00003134    00000034     driverlib.lib : interrupt.obj (.text:IntRegister)
                  00003168    00000034                   : sysctl.obj (.text:SysCtlPeripheralEnable)
                  0000319c    00000034     hello.obj (.text:Timer0IntHandler)
                  000031d0    00000032     display.obj (.text:buildChar)
                  00003202    0000002e     display.obj (.text:setCursorPositionLCD)
                  00003230    0000002c     switchgain.obj (.text:SetInputRelay)
                  0000325c    0000002a     driverlib.lib : gpio.obj (.text:GPIODirModeSet)
                  00003286    0000002a     rtsv7M4_T_le_v4SPD16_eabi.lib : strspn.obj (.text)
                  000032b0    00000028     display.obj (.text:pulseLCD)
                  000032d8    00000024     rtsv7M4_T_le_v4SPD16_eabi.lib : strcspn.obj (.text)
                  000032fc    00000022     driverlib.lib : pwm.obj (.text:PWMGenConfigure)
                  0000331e    00000020     rtsv7M4_T_le_v4SPD16_eabi.lib : u_tofd_t2.obj (.text)
                  0000333e    0000001e     driverlib.lib : pwm.obj (.text:PWMPulseWidthSet)
                  0000335c    0000001c     ADC.obj (.text:WriteADC)
                  00003378    0000001c     display.obj (.text:clearLCD)
                  00003394    0000001c     rtsv7M4_T_le_v4SPD16_eabi.lib : strdup.obj (.text)
                  000033b0    0000001a     uartstdio.obj (.text:UARTprintf)
                  000033ca    00000018     driverlib.lib : gpio.obj (.text:GPIOIntRegister)
                  000033e2    00000018                   : gpio.obj (.text:GPIOPinTypeGPIOOutput)
                  000033fa    00000018     display.obj (.text:printLCD)
                  00003412    00000002     --HOLE-- [fill = 0]
                  00003414    00000018     rtsv7M4_T_le_v4SPD16_eabi.lib : args_main.obj (.text)
                  0000342c    00000014     driverlib.lib : sysctl.obj (.text:SysCtlPWMClockSet)
                  00003440    00000014     rtsv7M4_T_le_v4SPD16_eabi.lib : _lock.obj (.text)
                  00003454    00000014                                   : strcpy.obj (.text)
                  00003468    00000014                                   : strlen.obj (.text)
                  0000347c    00000012     driverlib.lib : gpio.obj (.text:GPIOPinTypeGPIOInput)
                  0000348e    00000012                   : gpio.obj (.text:GPIOPinTypePWM)
                  000034a0    00000012                   : gpio.obj (.text:GPIOPinTypeSSI)
                  000034b2    00000012                   : gpio.obj (.text:GPIOPinTypeUART)
                  000034c4    00000012                   : pwm.obj (.text:PWMOutputState)
                  000034d6    00000012                   : ssi.obj (.text:SSIDataGetNonBlocking)
                  000034e8    00000012                   : timer.obj (.text:TimerLoadSet)
                  000034fa    00000010                   : interrupt.obj (.text:IntMasterEnable)
                  0000350a    00000010                   : pwm.obj (.text:PWMGenPeriodSet)
                  0000351a    00000002     --HOLE-- [fill = 0]
                  0000351c    00000010     display.obj (.text:setCmd)
                  0000352c    00000010     display.obj (.text:setData)
                  0000353c    0000000e     driverlib.lib : gpio.obj (.text:GPIOIntDisable)
                  0000354a    0000000e                   : gpio.obj (.text:GPIOIntStatus)
                  00003558    0000000e                   : timer.obj (.text:TimerEnable)
                  00003566    0000000e                   : uart.obj (.text:UARTCharGetNonBlocking)
                  00003574    0000000e                   : uart.obj (.text:UARTCharPutNonBlocking)
                  00003582    0000000e                   : uart.obj (.text:UARTCharsAvail)
                  00003590    0000000e     rtsv7M4_T_le_v4SPD16_eabi.lib : copy_decompress_none.obj (.text:decompress:none)
                  0000359e    0000000c     driverlib.lib : cpu.obj (.text:CPUcpsie)
                  000035aa    0000000c                   : gpio.obj (.text:GPIOIntEnable)
                  000035b6    0000000c                   : pwm.obj (.text:PWMGenEnable)
                  000035c2    0000000c     rtsv7M4_T_le_v4SPD16_eabi.lib : copy_zero_init.obj (.text:decompress:ZI)
                  000035ce    0000000a     driverlib.lib : ssi.obj (.text:SSIDataPut)
                  000035d8    0000000a                   : ssi.obj (.text:SSIEnable)
                  000035e2    00000008                   : ssi.obj (.text:SSIBusy)
                  000035ea    00000008                   : timer.obj (.text:TimerIntEnable)
                  000035f2    00000008                   : uart.obj (.text:UARTIntEnable)
                  000035fa    00000008     display.obj (.text:cursorOffLCD)
                  00003602    00000008     display.obj (.text:setBlockCursorLCD)
                  0000360a    00000006     driverlib.lib : gpio.obj (.text:GPIOIntClear)
                  00003610    00000006                   : gpio.obj (.text:GPIOPinWrite)
                  00003616    00000006     startup_ccs.obj (.text:ResetISR)
                  0000361c    00000006     driverlib.lib : sysctl.obj (.text:SysCtlDelay)
                  00003622    00000006                   : uart.obj (.text:UARTClockSourceSet)
                  00003628    00000006     display.obj (.text:printSpecialChar)
                  0000362e    00000004     rtsv7M4_T_le_v4SPD16_eabi.lib : pre_init.obj (.text)

.const     0    00003634    00000460     
                  00003634    00000101     rtsv7M4_T_le_v4SPD16_eabi.lib : ctype.obj (.const:.string:_ctypes_)
                  00003735    00000003     --HOLE-- [fill = 0]
                  00003738    000000d8     driverlib.lib : gpio.obj (.const:g_ppui32GPIOIntMapSnowflake)
                  00003810    000000c0                   : gpio.obj (.const:g_ppui32GPIOIntMapBlizzard)
                  000038d0    00000090                   : gpio.obj (.const:g_pui32GPIOBaseAddrs)
                  00003960    00000070                   : interrupt.obj (.const)
                  000039d0    0000006c                   : sysctl.obj (.const:g_pui32Xtals)
                  00003a3c    00000040     rtsv7M4_T_le_v4SPD16_eabi.lib : strtof.obj (.const:$O1$$)
                  00003a7c    0000000c     uartstdio.obj (.const:g_ui32UARTBase)
                  00003a88    0000000c     uartstdio.obj (.const:g_ui32UARTPeriph)

.cinit     0    00003a98    000000b8     
                  00003a98    0000007d     (.cinit..data.load) [load image, compression = lzss]
                  00003b15    00000003     --HOLE-- [fill = 0]
                  00003b18    0000000c     (__TI_handler_table)
                  00003b24    00000004     --HOLE-- [fill = 0]
                  00003b28    00000008     (.cinit..bss.load) [load image, compression = zero_init]
                  00003b30    00000008     (.cinit..vtable.load) [load image, compression = zero_init]
                  00003b38    00000018     (__TI_cinit_table)

.init_array 
*          0    00000000    00000000     UNINITIALIZED

.vtable    0    20000000    0000026c     UNINITIALIZED
                  20000000    0000026c     driverlib.lib : interrupt.obj (.vtable)

.sysmem    0    20000270    00000bb8     UNINITIALIZED
                  20000270    00000008     rtsv7M4_T_le_v4SPD16_eabi.lib : memory.obj (.sysmem)
                  20000278    00000bb0     --HOLE--

.stack     0    20000e28    00000200     UNINITIALIZED
                  20000e28    00000200     --HOLE--

.data      0    20001028    00000158     UNINITIALIZED
                  20001028    00000064     hello.obj (.data:loggingDurationString)
                  2000108c    00000024     hello.obj (.data:loggingFreq)
                  200010b0    0000001d     hello.obj (.data)
                  200010cd    00000011     hello.obj (.data:displayADCVal)
                  200010de    00000002     --HOLE--
                  200010e0    0000000c     rtsv7M4_T_le_v4SPD16_eabi.lib : exit.obj (.data:$O1$$)
                  200010ec    0000000c                                   : memory.obj (.data:$O1$$)
                  200010f8    0000000a     hello.obj (.data:int2str_duration)
                  20001102    00000002     --HOLE--
                  20001104    00000008     rtsv7M4_T_le_v4SPD16_eabi.lib : _lock.obj (.data:$O1$$)
                  2000110c    00000008     display.obj (.data:BrightnessLV1)
                  20001114    00000008     display.obj (.data:BrightnessLV2)
                  2000111c    00000008     display.obj (.data:BrightnessLV3)
                  20001124    00000008     display.obj (.data:BrightnessLV4)
                  2000112c    00000008     display.obj (.data:BrightnessLV5)
                  20001134    00000008     hello.obj (.data:UARTtmp)
                  2000113c    00000008     display.obj (.data:circle1)
                  20001144    00000008     display.obj (.data:enter)
                  2000114c    00000008     hello.obj (.data:myRX)
                  20001154    00000008     display.obj (.data:plusminusmap)
                  2000115c    00000006     hello.obj (.data:set_cursor_duration)
                  20001162    00000005     hello.obj (.data:brightness_opt_str)
                  20001167    00000005     hello.obj (.data:set_duration)
                  2000116c    00000005     uartstdio.obj (.data)
                  20001171    00000003     --HOLE--
                  20001174    00000004     rtsv7M4_T_le_v4SPD16_eabi.lib : errno.obj (.data)
                  20001178    00000004                                   : stkdepth_vars.obj (.data)
                  2000117c    00000004                                   : strtok.obj (.data)

.bss       0    20001180    00000026     UNINITIALIZED
                  20001180    00000008     (.common:value_tmp)
                  20001188    00000004     (.common:numTick)
                  2000118c    00000004     (.common:pb_mode_int)
                  20001190    00000004     (.common:pb_mode_str)
                  20001194    00000004     (.common:tofree)
                  20001198    00000004     (.common:token)
                  2000119c    00000004     (.common:value_float)
                  200011a0    00000004     (.common:value_str)
                  200011a4    00000001     (.common:measure_mode)
                  200011a5    00000001     (.common:pb_mode)

MODULE SUMMARY

       Module                     code    ro data   rw data
       ------                     ----    -------   -------
    ./
       hello.obj                  3376    0         262    
       startup_ccs.obj            12      620       0      
       mySDcard.obj               60      0         0      
    +--+--------------------------+-------+---------+---------+
       Total:                     3448    620       262    
                                                           
    ./mylib/
       display.obj                1683    0         64     
       ADC.obj                    468     0         0      
       switchgain.obj             420     0         0      
       mypwm.obj                  292     0         0      
       uart.obj                   112     0         0      
       led.obj                    72      0         0      
    +--+--------------------------+-------+---------+---------+
       Total:                     3047    0         64     
                                                           
    ./utils/
       uartstdio.obj              684     24        5      
    +--+--------------------------+-------+---------+---------+
       Total:                     684     24        5      
                                                           
    /Applications/ti/TivaWare_C_Series-2.1.4.178/driverlib/ccs/Debug/driverlib.lib
       gpio.obj                   746     552       0      
       interrupt.obj              172     112       620    
       sysctl.obj                 594     108       0      
       timer.obj                  136     0         0      
       pwm.obj                    110     0         0      
       ssi.obj                    106     0         0      
       uart.obj                   56      0         0      
       cpu.obj                    12      0         0      
    +--+--------------------------+-------+---------+---------+
       Total:                     1932    772       620    
                                                           
    /Applications/ti/ccsv7/tools/compiler/ti-cgt-arm_16.9.1.LTS/lib/rtsv7M4_T_le_v4SPD16_eabi.lib
       memory.obj                 976     0         12     
       strtof.obj                 456     64        0      
       fd_add_t2.obj              438     0         0      
       fd_div_t2.obj              310     0         0      
       fd_cmp_t2.obj              268     0         0      
       ctype.obj                  0       257       0      
       fd_mul_t2.obj              252     0         0      
       memcpy_t2.obj              156     0         0      
       memset_t2.obj              122     0         0      
       autoinit.obj               112     0         0      
       fd_tos_t2.obj              110     0         0      
       copy_decompress_lzss.obj   104     0         0      
       exit.obj                   84      0         12     
       boot.obj                   84      0         0      
       atoi.obj                   76      0         0      
       cpy_tbl.obj                76      0         0      
       fd_toi_t2.obj              72      0         0      
       strtok.obj                 64      0         4      
       u_divt2.obj                64      0         0      
       fs_tod_t2.obj              56      0         0      
       strspn.obj                 42      0         0      
       strcspn.obj                36      0         0      
       u_tofd_t2.obj              32      0         0      
       _lock.obj                  20      0         8      
       strdup.obj                 28      0         0      
       args_main.obj              24      0         0      
       strcpy.obj                 20      0         0      
       strlen.obj                 20      0         0      
       copy_decompress_none.obj   14      0         0      
       copy_zero_init.obj         12      0         0      
       errno.obj                  0       0         4      
       pre_init.obj               4       0         0      
       stkdepth_vars.obj          0       0         4      
       i_div0.obj                 2       0         0      
       mpu_init.obj               2       0         0      
       startup.obj                2       0         0      
    +--+--------------------------+-------+---------+---------+
       Total:                     4138    321       44     
                                                           
       Heap:                      0       0         3000   
       Stack:                     0       0         512    
       Linker Generated:          0       177       0      
    +--+--------------------------+-------+---------+---------+
       Grand Total:               13249   1914      4507   


LINKER GENERATED COPY TABLES

__TI_cinit_table @ 00003b38 records: 3, size/record: 8, table size: 24
	.data: load addr=00003a98, load size=0000007d bytes, run addr=20001028, run size=00000158 bytes, compression=lzss
	.bss: load addr=00003b28, load size=00000008 bytes, run addr=20001180, run size=00000026 bytes, compression=zero_init
	.vtable: load addr=00003b30, load size=00000008 bytes, run addr=20000000, run size=0000026c bytes, compression=zero_init


LINKER GENERATED HANDLER TABLE

__TI_handler_table @ 00003b18 records: 3, size/record: 4, table size: 12
	index: 0, handler: __TI_zero_init
	index: 1, handler: __TI_decompress_lzss
	index: 2, handler: __TI_decompress_none


GLOBAL SYMBOLS: SORTED ALPHABETICALLY BY Name 

address   name                           
-------   ----                           
2000110c  BrightnessLV1                  
20001114  BrightnessLV2                  
2000111c  BrightnessLV3                  
20001124  BrightnessLV4                  
2000112c  BrightnessLV5                  
00002c59  C$$EXIT                        
0000359f  CPUcpsie                       
0000325d  GPIODirModeSet                 
0000360b  GPIOIntClear                   
0000353d  GPIOIntDisable                 
000035ab  GPIOIntEnable                  
000033cb  GPIOIntRegister                
0000354b  GPIOIntStatus                  
00002bad  GPIOIntTypeSet                 
00001b4f  GPIOPadConfigSet               
00002de1  GPIOPinConfigure               
0000347d  GPIOPinTypeGPIOInput           
000033e3  GPIOPinTypeGPIOOutput          
0000348f  GPIOPinTypePWM                 
000034a1  GPIOPinTypeSSI                 
000034b3  GPIOPinTypeUART                
00003611  GPIOPinWrite                   
00002965  IntEnable                      
000034fb  IntMasterEnable                
00003135  IntRegister                    
200010ca  LED2Counter                    
000032fd  PWMGenConfigure                
000035b7  PWMGenEnable                   
0000350b  PWMGenPeriodSet                
000034c5  PWMOutputState                 
0000333f  PWMPulseWidthSet               
00002f45  ReadADC                        
00003617  ResetISR                       
UNDEFED   SHT$$INIT_ARRAY$$Base          
UNDEFED   SHT$$INIT_ARRAY$$Limit         
000035e3  SSIBusy                        
00003085  SSIConfigSetExpClk             
000034d7  SSIDataGetNonBlocking          
000035cf  SSIDataPut                     
000035d9  SSIEnable                      
000018dd  SW1_IntHandler                 
00002b55  SetADCSwitch                   
00002cfd  SetGain                        
00003231  SetInputRelay                  
00002cad  SetMuxDCAC                     
00001c81  SysCtlClockGet                 
00001e8d  SysCtlClockSet                 
0000361d  SysCtlDelay                    
0000342d  SysCtlPWMClockSet              
00003169  SysCtlPeripheralEnable         
0000319d  Timer0IntHandler               
00002a35  TimerConfigure                 
00003559  TimerEnable                    
000035eb  TimerIntEnable                 
000034e9  TimerLoadSet                   
200010c4  ToggleLED2                     
00002f85  UART1IntHandler                
00003567  UARTCharGetNonBlocking         
00003575  UARTCharPutNonBlocking         
00003583  UARTCharsAvail                 
00003623  UARTClockSourceSet             
000035f3  UARTIntEnable                  
000023f9  UARTIntHandler                 
00002a95  UARTStdioConfig                
200010cc  UART_flag                      
000033b1  UARTprintf                     
20001134  UARTtmp                        
00001209  UARTvprintf                    
00002e29  UARTwrite                      
0000335d  WriteADC                       
20001028  __STACK_END                    
00000200  __STACK_SIZE                   
20001028  __STACK_TOP                    
00000bb8  __SYSMEM_SIZE                  
00003b38  __TI_CINIT_Base                
00003b50  __TI_CINIT_Limit               
00003b18  __TI_Handler_Table_Base        
00003b24  __TI_Handler_Table_Limit       
00002885  __TI_auto_init                 
200010e0  __TI_cleanup_ptr               
000029cd  __TI_decompress_lzss           
00003591  __TI_decompress_none           
200010e4  __TI_dtors_ptr                 
200010e8  __TI_enable_exit_profile_output
ffffffff  __TI_pprof_out_hndl            
ffffffff  __TI_prof_data_size            
ffffffff  __TI_prof_data_start           
00000000  __TI_static_base__             
000035c3  __TI_zero_init                 
00002519  __aeabi_cdcmpeq                
00002519  __aeabi_cdcmple                
0000259f  __aeabi_cdrcmple               
000028f5  __aeabi_d2f                    
00002eb9  __aeabi_d2iz                   
000015c7  __aeabi_dadd                   
00001a19  __aeabi_ddiv                   
00001d91  __aeabi_dmul                   
000015bd  __aeabi_dsub                   
000030fd  __aeabi_f2d                    
00002813  __aeabi_idiv0                  
00002729  __aeabi_memclr                 
00002729  __aeabi_memclr4                
00002729  __aeabi_memclr8                
000022c5  __aeabi_memcpy                 
000022c5  __aeabi_memcpy4                
000022c5  __aeabi_memcpy8                
0000272b  __aeabi_memset                 
0000272b  __aeabi_memset4                
0000272b  __aeabi_memset8                
0000331f  __aeabi_ui2d                   
00003005  __aeabi_uidiv                  
00003005  __aeabi_uidivmod               
ffffffff  __binit__                      
ffffffff  __c_args__                     
00002963  __mpu_init                     
20000e28  __stack                        
00003415  _args_main                     
00002c05  _c_int00                       
00003634  _ctypes_                       
20001104  _lock                          
0000344f  _nop                           
00003447  _register_lock                 
00003441  _register_unlock               
20000270  _sys_memory                    
00002c03  _system_post_cinit             
0000362f  _system_pre_init               
20001108  _unlock                        
00002c5d  abort                          
00002d49  atoi                           
ffffffff  binit                          
200010b2  brightness_opt                 
20001162  brightness_opt_str             
000031d1  buildChar                      
00000f9d  calloc                         
2000113c  circle1                        
00003379  clearLCD                       
00002071  convertADC2range               
00002d95  copy_in                        
200010c9  counter                        
000035fb  cursorOffLCD                   
200010b4  cursor_pos                     
200010cd  displayADCVal                  
200010b6  duration_green_pressed         
200010b5  duration_red_pressed           
20001144  enter                          
20001174  errno                          
00002c65  exit                           
00000ce7  free                           
200010b3  freq_flag                      
200010b1  frequency_opt                  
000027a3  ftoa                           
20000000  g_pfnRAMVectors                
00000000  g_pfnVectors                   
200010c0  g_ui32Flags                    
00002229  initADC                        
00001f81  initLCD                        
00002e71  initLED                        
00002625  initMux                        
0000248d  initPWM                        
000030c1  initSDcard                     
000026a9  initTimer                      
00002815  initUART0                      
200010f8  int2str_duration               
00002af5  itoa                           
200010c8  loggingCounter                 
200010bc  loggingDuration                
20001028  loggingDurationString          
2000108c  loggingFreq                    
200010b7  logging_pressed                
0000026d  main                           
20001178  main_func_sp                   
00000c7d  malloc                         
200011a4  measure_mode                   
00000eb1  memalign                       
000022c5  memcpy                         
00002731  memset                         
00000bfd  minit                          
0000214d  modeChange                     
200010b0  mode_level                     
2000114c  myRX                           
20001188  numTick                        
200011a5  pb_mode                        
2000118c  pb_mode_int                    
20001190  pb_mode_str                    
200010b8  percentage                     
20001154  plusminusmap                   
000033fb  printLCD                       
00003629  printSpecialChar               
000032b1  pulseLCD                       
00000da9  realloc                        
00003045  sendByte                       
00003603  setBlockCursorLCD              
0000351d  setCmd                         
00003203  setCursorPositionLCD           
0000352d  setData                        
00001775  setDiaplyValue                 
00000fcd  setModeDisplay                 
00002361  setPWM                         
2000115c  set_cursor_duration            
20001167  set_duration                   
00003455  strcpy                         
000032d9  strcspn                        
00003395  strdup                         
00003469  strlen                         
00003287  strspn                         
000013f5  strtof                         
00002fc5  strtok                         
20001194  tofree                         
20001198  token                          
200010cb  uartCount                      
2000119c  value_float                    
200011a0  value_str                      
20001180  value_tmp                      


GLOBAL SYMBOLS: SORTED BY Symbol Address 

address   name                           
-------   ----                           
00000000  __TI_static_base__             
00000000  g_pfnVectors                   
00000200  __STACK_SIZE                   
0000026d  main                           
00000bb8  __SYSMEM_SIZE                  
00000bfd  minit                          
00000c7d  malloc                         
00000ce7  free                           
00000da9  realloc                        
00000eb1  memalign                       
00000f9d  calloc                         
00000fcd  setModeDisplay                 
00001209  UARTvprintf                    
000013f5  strtof                         
000015bd  __aeabi_dsub                   
000015c7  __aeabi_dadd                   
00001775  setDiaplyValue                 
000018dd  SW1_IntHandler                 
00001a19  __aeabi_ddiv                   
00001b4f  GPIOPadConfigSet               
00001c81  SysCtlClockGet                 
00001d91  __aeabi_dmul                   
00001e8d  SysCtlClockSet                 
00001f81  initLCD                        
00002071  convertADC2range               
0000214d  modeChange                     
00002229  initADC                        
000022c5  __aeabi_memcpy                 
000022c5  __aeabi_memcpy4                
000022c5  __aeabi_memcpy8                
000022c5  memcpy                         
00002361  setPWM                         
000023f9  UARTIntHandler                 
0000248d  initPWM                        
00002519  __aeabi_cdcmpeq                
00002519  __aeabi_cdcmple                
0000259f  __aeabi_cdrcmple               
00002625  initMux                        
000026a9  initTimer                      
00002729  __aeabi_memclr                 
00002729  __aeabi_memclr4                
00002729  __aeabi_memclr8                
0000272b  __aeabi_memset                 
0000272b  __aeabi_memset4                
0000272b  __aeabi_memset8                
00002731  memset                         
000027a3  ftoa                           
00002813  __aeabi_idiv0                  
00002815  initUART0                      
00002885  __TI_auto_init                 
000028f5  __aeabi_d2f                    
00002963  __mpu_init                     
00002965  IntEnable                      
000029cd  __TI_decompress_lzss           
00002a35  TimerConfigure                 
00002a95  UARTStdioConfig                
00002af5  itoa                           
00002b55  SetADCSwitch                   
00002bad  GPIOIntTypeSet                 
00002c03  _system_post_cinit             
00002c05  _c_int00                       
00002c59  C$$EXIT                        
00002c5d  abort                          
00002c65  exit                           
00002cad  SetMuxDCAC                     
00002cfd  SetGain                        
00002d49  atoi                           
00002d95  copy_in                        
00002de1  GPIOPinConfigure               
00002e29  UARTwrite                      
00002e71  initLED                        
00002eb9  __aeabi_d2iz                   
00002f45  ReadADC                        
00002f85  UART1IntHandler                
00002fc5  strtok                         
00003005  __aeabi_uidiv                  
00003005  __aeabi_uidivmod               
00003045  sendByte                       
00003085  SSIConfigSetExpClk             
000030c1  initSDcard                     
000030fd  __aeabi_f2d                    
00003135  IntRegister                    
00003169  SysCtlPeripheralEnable         
0000319d  Timer0IntHandler               
000031d1  buildChar                      
00003203  setCursorPositionLCD           
00003231  SetInputRelay                  
0000325d  GPIODirModeSet                 
00003287  strspn                         
000032b1  pulseLCD                       
000032d9  strcspn                        
000032fd  PWMGenConfigure                
0000331f  __aeabi_ui2d                   
0000333f  PWMPulseWidthSet               
0000335d  WriteADC                       
00003379  clearLCD                       
00003395  strdup                         
000033b1  UARTprintf                     
000033cb  GPIOIntRegister                
000033e3  GPIOPinTypeGPIOOutput          
000033fb  printLCD                       
00003415  _args_main                     
0000342d  SysCtlPWMClockSet              
00003441  _register_unlock               
00003447  _register_lock                 
0000344f  _nop                           
00003455  strcpy                         
00003469  strlen                         
0000347d  GPIOPinTypeGPIOInput           
0000348f  GPIOPinTypePWM                 
000034a1  GPIOPinTypeSSI                 
000034b3  GPIOPinTypeUART                
000034c5  PWMOutputState                 
000034d7  SSIDataGetNonBlocking          
000034e9  TimerLoadSet                   
000034fb  IntMasterEnable                
0000350b  PWMGenPeriodSet                
0000351d  setCmd                         
0000352d  setData                        
0000353d  GPIOIntDisable                 
0000354b  GPIOIntStatus                  
00003559  TimerEnable                    
00003567  UARTCharGetNonBlocking         
00003575  UARTCharPutNonBlocking         
00003583  UARTCharsAvail                 
00003591  __TI_decompress_none           
0000359f  CPUcpsie                       
000035ab  GPIOIntEnable                  
000035b7  PWMGenEnable                   
000035c3  __TI_zero_init                 
000035cf  SSIDataPut                     
000035d9  SSIEnable                      
000035e3  SSIBusy                        
000035eb  TimerIntEnable                 
000035f3  UARTIntEnable                  
000035fb  cursorOffLCD                   
00003603  setBlockCursorLCD              
0000360b  GPIOIntClear                   
00003611  GPIOPinWrite                   
00003617  ResetISR                       
0000361d  SysCtlDelay                    
00003623  UARTClockSourceSet             
00003629  printSpecialChar               
0000362f  _system_pre_init               
00003634  _ctypes_                       
00003b18  __TI_Handler_Table_Base        
00003b24  __TI_Handler_Table_Limit       
00003b38  __TI_CINIT_Base                
00003b50  __TI_CINIT_Limit               
20000000  g_pfnRAMVectors                
20000270  _sys_memory                    
20000e28  __stack                        
20001028  __STACK_END                    
20001028  __STACK_TOP                    
20001028  loggingDurationString          
2000108c  loggingFreq                    
200010b0  mode_level                     
200010b1  frequency_opt                  
200010b2  brightness_opt                 
200010b3  freq_flag                      
200010b4  cursor_pos                     
200010b5  duration_red_pressed           
200010b6  duration_green_pressed         
200010b7  logging_pressed                
200010b8  percentage                     
200010bc  loggingDuration                
200010c0  g_ui32Flags                    
200010c4  ToggleLED2                     
200010c8  loggingCounter                 
200010c9  counter                        
200010ca  LED2Counter                    
200010cb  uartCount                      
200010cc  UART_flag                      
200010cd  displayADCVal                  
200010e0  __TI_cleanup_ptr               
200010e4  __TI_dtors_ptr                 
200010e8  __TI_enable_exit_profile_output
200010f8  int2str_duration               
20001104  _lock                          
20001108  _unlock                        
2000110c  BrightnessLV1                  
20001114  BrightnessLV2                  
2000111c  BrightnessLV3                  
20001124  BrightnessLV4                  
2000112c  BrightnessLV5                  
20001134  UARTtmp                        
2000113c  circle1                        
20001144  enter                          
2000114c  myRX                           
20001154  plusminusmap                   
2000115c  set_cursor_duration            
20001162  brightness_opt_str             
20001167  set_duration                   
20001174  errno                          
20001178  main_func_sp                   
20001180  value_tmp                      
20001188  numTick                        
2000118c  pb_mode_int                    
20001190  pb_mode_str                    
20001194  tofree                         
20001198  token                          
2000119c  value_float                    
200011a0  value_str                      
200011a4  measure_mode                   
200011a5  pb_mode                        
ffffffff  __TI_pprof_out_hndl            
ffffffff  __TI_prof_data_size            
ffffffff  __TI_prof_data_start           
ffffffff  __binit__                      
ffffffff  __c_args__                     
ffffffff  binit                          
UNDEFED   SHT$$INIT_ARRAY$$Base          
UNDEFED   SHT$$INIT_ARRAY$$Limit         

[213 symbols]
