******************************************************************************
                  TI ARM Linker Unix v16.9.1                   
******************************************************************************
>> Linked Sun May 28 17:09:54 2017

OUTPUT FILE NAME:   <hello.out>
ENTRY POINT SYMBOL: "_c_int00"  address: 00005a71


MEMORY CONFIGURATION

         name            origin    length      used     unused   attr    fill
----------------------  --------  ---------  --------  --------  ----  --------
  FLASH                 00000000   00040000  00006efc  00039104  R  X
  SRAM                  20000000   00008000  00001654  000069ac  RW X


SEGMENT ALLOCATION MAP

run origin  load origin   length   init length attrs members
----------  ----------- ---------- ----------- ----- -------
00000000    00000000    00006f00   00006f00    r-x
  00000000    00000000    0000026c   0000026c    r-- .intvecs
  0000026c    0000026c    00006778   00006778    r-x .text
  000069e4    000069e4    00000460   00000460    r-- .const
  00006e48    00006e48    000000b8   000000b8    r-- .cinit
20000000    20000000    00001658   00000000    rw-
  20000000    20000000    0000026c   00000000    rw- .vtable
  20000270    20000270    00000bb8   00000000    rw- .sysmem
  20000e28    20000e28    000004b4   00000000    rw- .bss
  200012dc    200012dc    00000200   00000000    rw- .stack
  200014dc    200014dc    0000017c   00000000    rw- .data


SECTION ALLOCATION MAP

 output                                  attributes/
section   page    origin      length       input sections
--------  ----  ----------  ----------   ----------------
.intvecs   0    00000000    0000026c     
                  00000000    0000026c     startup_ccs.obj (.intvecs)

.text      0    0000026c    00006778     
                  0000026c    0000113e     rtsv7M4_T_le_v4SPD16_eabi.lib : _printfi.obj (.text)
                  000013aa    00000002     startup_ccs.obj (.text:FaultISR)
                  000013ac    00000b0c     hello.obj (.text:main)
                  00001eb8    000003d0     rtsv7M4_T_le_v4SPD16_eabi.lib : memory.obj (.text)
                  00002288    00000308     ff.obj (.text:chk_mounted)
                  00002590    00000239     display.obj (.text:setModeDisplay)
                  000027c9    00000001     --HOLE-- [fill = 0]
                  000027ca    00000002     startup_ccs.obj (.text:IntDefaultHandler)
                  000027cc    000001f4     hello.obj (.text:logging)
                  000029c0    000001f4     rtsv7M4_T_le_v4SPD16_eabi.lib : ull_div_t2.obj (.text)
                  00002bb4    000001ea     uartstdio.obj (.text:UARTvprintf)
                  00002d9e    00000002     startup_ccs.obj (.text:NmiSR)
                  00002da0    000001c8     rtsv7M4_T_le_v4SPD16_eabi.lib : strtof.obj (.text)
                  00002f68    000001b6                                   : fd_add_t2.obj (.text)
                  0000311e    00000002                                   : i_div0.obj (.text)
                  00003120    0000019c     mySDcard.obj (.text:openFile)
                  000032bc    00000190     ff.obj (.text:f_write)
                  0000344c    00000168     display.obj (.text:setDiaplyValue)
                  000035b4    00000154     mmc-tm4c123g.obj (.text:disk_ioctl)
                  00003708    00000144     ff.obj (.text:f_open)
                  0000384c    00000140     mmc-tm4c123g.obj (.text:disk_initialize)
                  0000398c    0000013c     hello.obj (.text:SW1_IntHandler)
                  00003ac8    00000136     rtsv7M4_T_le_v4SPD16_eabi.lib : fd_div_t2.obj (.text)
                  00003bfe    00000132     driverlib.lib : gpio.obj (.text:GPIOPadConfigSet)
                  00003d30    00000123     ff.obj (.text:create_name)
                  00003e53    00000001     --HOLE-- [fill = 0]
                  00003e54    00000110     driverlib.lib : sysctl.obj (.text:SysCtlClockGet)
                  00003f64    000000fc     rtsv7M4_T_le_v4SPD16_eabi.lib : fd_mul_t2.obj (.text)
                  00004060    000000fc                                   : s_scalbn.obj (.text)
                  0000415c    000000f8     ff.obj (.text:dir_next)
                  00004254    000000f4     driverlib.lib : sysctl.obj (.text:SysCtlClockSet)
                  00004348    000000f0     display.obj (.text:initLCD)
                  00004438    000000e2     ff.obj (.text:put_fat)
                  0000451a    00000002     rtsv7M4_T_le_v4SPD16_eabi.lib : mpu_init.obj (.text)
                  0000451c    000000dc     ADC.obj (.text:convertADC2range)
                  000045f8    000000dc     hello.obj (.text:modeChange)
                  000046d4    000000dc     mmc-tm4c123g.obj (.text:power_on)
                  000047b0    000000cc     ff.obj (.text:get_fat)
                  0000487c    000000b8     mmc-tm4c123g.obj (.text:disk_write)
                  00004934    000000b0     ff.obj (.text:sync_fs)
                  000049e4    0000009c     ADC.obj (.text:initADC)
                  00004a80    0000009c     rtsv7M4_T_le_v4SPD16_eabi.lib : memcpy_t2.obj (.text)
                  00004b1c    00000098     ff.obj (.text:create_chain)
                  00004bb4    00000098     mypwm.obj (.text:setPWM)
                  00004c4c    00000094     hello.obj (.text:UARTIntHandler)
                  00004ce0    00000090     mmc-tm4c123g.obj (.text:disk_read)
                  00004d70    00000090     ff.obj (.text:f_sync)
                  00004e00    0000008c     mypwm.obj (.text:initPWM)
                  00004e8c    00000086     rtsv7M4_T_le_v4SPD16_eabi.lib : fd_cmp_t2.obj (.text:__aeabi_cdcmple)
                  00004f12    00000086                                   : fd_cmp_t2.obj (.text:__aeabi_cdrcmple)
                  00004f98    00000084     switchgain.obj (.text:initMux)
                  0000501c    00000080     hello.obj (.text:initTimer)
                  0000509c    0000007c     ff.obj (.text:dir_sdi)
                  00005118    0000007c     ff.obj (.text:get_fileinfo)
                  00005194    0000007a     rtsv7M4_T_le_v4SPD16_eabi.lib : memset_t2.obj (.text)
                  0000520e    00000002                                   : startup.obj (.text)
                  00005210    00000074     ff.obj (.text:check_fs)
                  00005284    00000074     uart.obj (.text:initUART1)
                  000052f8    00000070     hello.obj (.text:UART1IntHandler)
                  00005368    00000070     display.obj (.text:ftoa)
                  000053d8    00000070     uart.obj (.text:initUART0)
                  00005448    00000070     rtsv7M4_T_le_v4SPD16_eabi.lib : autoinit.obj (.text)
                  000054b8    0000006e                                   : fd_tos_t2.obj (.text)
                  00005526    00000002     --HOLE-- [fill = 0]
                  00005528    00000068     driverlib.lib : interrupt.obj (.text:IntEnable)
                  00005590    00000068     rtsv7M4_T_le_v4SPD16_eabi.lib : copy_decompress_lzss.obj (.text:decompress:lzss)
                  000055f8    00000066     mmc-tm4c123g.obj (.text:send_cmd)
                  0000565e    00000064     ff.obj (.text:follow_path)
                  000056c2    00000002     --HOLE-- [fill = 0]
                  000056c4    00000064     rtsv7M4_T_le_v4SPD16_eabi.lib : s_frexp.obj (.text)
                  00005728    00000062     ff.obj (.text:remove_chain)
                  0000578a    00000002     --HOLE-- [fill = 0]
                  0000578c    00000060     driverlib.lib : timer.obj (.text:TimerConfigure)
                  000057ec    00000060     uartstdio.obj (.text:UARTStdioConfig)
                  0000584c    00000060     display.obj (.text:itoa)
                  000058ac    00000060     rtsv7M4_T_le_v4SPD16_eabi.lib : sprintf.obj (.text)
                  0000590c    00000060     mmc-tm4c123g.obj (.text:send_initial_clock_train)
                  0000596c    00000058     switchgain.obj (.text:SetADCSwitch)
                  000059c4    00000056     driverlib.lib : gpio.obj (.text:GPIOIntTypeSet)
                  00005a1a    00000056     ff.obj (.text:sync_window)
                  00005a70    00000054     rtsv7M4_T_le_v4SPD16_eabi.lib : boot.obj (.text)
                  00005ac4    00000054                                   : exit.obj (.text)
                  00005b18    00000054                                   : ltoa.obj (.text)
                  00005b6c    00000054     mmc-tm4c123g.obj (.text:set_max_speed)
                  00005bc0    00000052     mmc-tm4c123g.obj (.text:xmit_datablock)
                  00005c12    00000002     --HOLE-- [fill = 0]
                  00005c14    00000050     switchgain.obj (.text:SetMuxDCAC)
                  00005c64    0000004c     switchgain.obj (.text:SetGain)
                  00005cb0    0000004c     mySDcard.obj (.text:closeFile)
                  00005cfc    0000004c     rtsv7M4_T_le_v4SPD16_eabi.lib : atoi.obj (.text)
                  00005d48    0000004c                                   : cpy_tbl.obj (.text)
                  00005d94    00000048     driverlib.lib : gpio.obj (.text:GPIOPinConfigure)
                  00005ddc    00000048     uartstdio.obj (.text:UARTwrite)
                  00005e24    00000048     ff.obj (.text:dir_find)
                  00005e6c    00000048     led.obj (.text:initLED)
                  00005eb4    00000048     mmc-tm4c123g.obj (.text:rcvr_datablock)
                  00005efc    00000048     rtsv7M4_T_le_v4SPD16_eabi.lib : fd_toi_t2.obj (.text)
                  00005f44    00000044     driverlib.lib : gpio.obj (.text:_GPIOIntNumberGet)
                  00005f88    00000040     ADC.obj (.text:ReadADC)
                  00005fc8    00000040     ff.obj (.text:f_stat)
                  00006008    00000040     rtsv7M4_T_le_v4SPD16_eabi.lib : strtok.obj (.text)
                  00006048    00000040                                   : u_divt2.obj (.text)
                  00006088    00000040     display.obj (.text:sendByte)
                  000060c8    0000003e     ff.obj (.text:dir_alloc)
                  00006106    0000003c     driverlib.lib : ssi.obj (.text:SSIConfigSetExpClk)
                  00006142    00000002     --HOLE-- [fill = 0]
                  00006144    0000003c     mySDcard.obj (.text:initSDcard)
                  00006180    00000038     ff.obj (.text:dir_register)
                  000061b8    00000038     rtsv7M4_T_le_v4SPD16_eabi.lib : fs_tod_t2.obj (.text)
                  000061f0    00000034     driverlib.lib : interrupt.obj (.text:IntRegister)
                  00006224    00000034                   : sysctl.obj (.text:SysCtlPeripheralEnable)
                  00006258    00000034     hello.obj (.text:Timer0IntHandler)
                  0000628c    00000032     display.obj (.text:buildChar)
                  000062be    00000032     mmc-tm4c123g.obj (.text:send_cmd12)
                  000062f0    0000002e     ff.obj (.text:move_window)
                  0000631e    0000002e     rtsv7M4_T_le_v4SPD16_eabi.lib : i_tofd_t2.obj (.text)
                  0000634c    0000002e     display.obj (.text:setCursorPositionLCD)
                  0000637a    00000002     --HOLE-- [fill = 0]
                  0000637c    0000002c     switchgain.obj (.text:SetInputRelay)
                  000063a8    0000002c     ff.obj (.text:f_mount)
                  000063d4    0000002c     mmc-tm4c123g.obj (.text:rcvr_spi)
                  00006400    0000002a     driverlib.lib : gpio.obj (.text:GPIODirModeSet)
                  0000642a    0000002a     rtsv7M4_T_le_v4SPD16_eabi.lib : strspn.obj (.text)
                  00006454    00000028     display.obj (.text:pulseLCD)
                  0000647c    00000028     ff.obj (.text:validate)
                  000064a4    00000028     mySDcard.obj (.text:writeSD)
                  000064cc    00000024     rtsv7M4_T_le_v4SPD16_eabi.lib : strcspn.obj (.text)
                  000064f0    00000024     mmc-tm4c123g.obj (.text:xmit_spi)
                  00006514    00000022     driverlib.lib : pwm.obj (.text:PWMGenConfigure)
                  00006536    00000020     rtsv7M4_T_le_v4SPD16_eabi.lib : u_tofd_t2.obj (.text)
                  00006556    00000002     --HOLE-- [fill = 0]
                  00006558    00000020     mmc-tm4c123g.obj (.text:wait_ready)
                  00006578    0000001e     driverlib.lib : pwm.obj (.text:PWMPulseWidthSet)
                  00006596    0000001e     ff.obj (.text:ld_clust)
                  000065b4    0000001e     rtsv7M4_T_le_v4SPD16_eabi.lib : strcat.obj (.text)
                  000065d2    00000002     --HOLE-- [fill = 0]
                  000065d4    0000001c     mmc-tm4c123g.obj (.text:DESELECT)
                  000065f0    0000001c     mmc-tm4c123g.obj (.text:SELECT)
                  0000660c    0000001c     ADC.obj (.text:WriteADC)
                  00006628    0000001c     display.obj (.text:clearLCD)
                  00006644    0000001c     ff.obj (.text:mem_cmp)
                  00006660    0000001c     rtsv7M4_T_le_v4SPD16_eabi.lib : memccpy.obj (.text)
                  0000667c    0000001c                                   : strdup.obj (.text)
                  00006698    0000001a     uartstdio.obj (.text:UARTprintf)
                  000066b2    00000018     driverlib.lib : gpio.obj (.text:GPIOIntRegister)
                  000066ca    00000018                   : gpio.obj (.text:GPIOPinTypeGPIOOutput)
                  000066e2    00000018     ff.obj (.text:clust2sect)
                  000066fa    00000018     display.obj (.text:printLCD)
                  00006712    00000002     --HOLE-- [fill = 0]
                  00006714    00000018     rtsv7M4_T_le_v4SPD16_eabi.lib : args_main.obj (.text)
                  0000672c    00000016     ff.obj (.text:mem_cpy)
                  00006742    00000016     rtsv7M4_T_le_v4SPD16_eabi.lib : strchr.obj (.text)
                  00006758    00000014     driverlib.lib : sysctl.obj (.text:SysCtlPWMClockSet)
                  0000676c    00000014     ff.obj (.text:mem_set)
                  00006780    00000014     rtsv7M4_T_le_v4SPD16_eabi.lib : _lock.obj (.text)
                  00006794    00000014                                   : s_copysign.obj (.text)
                  000067a8    00000014                                   : strcpy.obj (.text)
                  000067bc    00000014                                   : strlen.obj (.text)
                  000067d0    00000012     driverlib.lib : gpio.obj (.text:GPIOPinTypeGPIOInput)
                  000067e2    00000012                   : gpio.obj (.text:GPIOPinTypePWM)
                  000067f4    00000012                   : gpio.obj (.text:GPIOPinTypeSSI)
                  00006806    00000012                   : gpio.obj (.text:GPIOPinTypeUART)
                  00006818    00000012                   : pwm.obj (.text:PWMOutputState)
                  0000682a    00000012                   : ssi.obj (.text:SSIDataGetNonBlocking)
                  0000683c    00000012                   : timer.obj (.text:TimerLoadSet)
                  0000684e    00000012     ff.obj (.text:chk_chr)
                  00006860    00000010     driverlib.lib : interrupt.obj (.text:IntMasterEnable)
                  00006870    00000010                   : pwm.obj (.text:PWMGenPeriodSet)
                  00006880    00000010     mmc-tm4c123g.obj (.text:disk_status)
                  00006890    00000010     ff.obj (.text:f_close)
                  000068a0    00000010     display.obj (.text:setCmd)
                  000068b0    00000010     display.obj (.text:setData)
                  000068c0    00000010     ff.obj (.text:st_clust)
                  000068d0    0000000e     driverlib.lib : gpio.obj (.text:GPIOIntDisable)
                  000068de    0000000e                   : gpio.obj (.text:GPIOIntStatus)
                  000068ec    0000000e                   : timer.obj (.text:TimerEnable)
                  000068fa    0000000e                   : uart.obj (.text:UARTCharGetNonBlocking)
                  00006908    0000000e                   : uart.obj (.text:UARTCharPutNonBlocking)
                  00006916    0000000e     rtsv7M4_T_le_v4SPD16_eabi.lib : copy_decompress_none.obj (.text:decompress:none)
                  00006924    0000000c     driverlib.lib : cpu.obj (.text:CPUcpsie)
                  00006930    0000000c                   : gpio.obj (.text:GPIOIntEnable)
                  0000693c    0000000c                   : pwm.obj (.text:PWMGenEnable)
                  00006948    0000000c     mmc-tm4c123g.obj (.text:chk_power)
                  00006954    0000000c     rtsv7M4_T_le_v4SPD16_eabi.lib : copy_zero_init.obj (.text:decompress:ZI)
                  00006960    0000000c     mmc-tm4c123g.obj (.text:power_off)
                  0000696c    0000000c     mmc-tm4c123g.obj (.text:rcvr_spi_m)
                  00006978    0000000a     driverlib.lib : ssi.obj (.text:SSIDataPut)
                  00006982    0000000a                   : ssi.obj (.text:SSIEnable)
                  0000698c    00000008                   : ssi.obj (.text:SSIBusy)
                  00006994    00000008                   : timer.obj (.text:TimerIntEnable)
                  0000699c    00000008                   : uart.obj (.text:UARTIntEnable)
                  000069a4    00000008     display.obj (.text:cursorOffLCD)
                  000069ac    00000008     mmc-tm4c123g.obj (.text:get_fattime)
                  000069b4    00000008     display.obj (.text:setBlockCursorLCD)
                  000069bc    00000006     driverlib.lib : gpio.obj (.text:GPIOIntClear)
                  000069c2    00000006                   : gpio.obj (.text:GPIOPinWrite)
                  000069c8    00000006     startup_ccs.obj (.text:ResetISR)
                  000069ce    00000006     driverlib.lib : sysctl.obj (.text:SysCtlDelay)
                  000069d4    00000006                   : uart.obj (.text:UARTClockSourceSet)
                  000069da    00000006     display.obj (.text:printSpecialChar)
                  000069e0    00000004     rtsv7M4_T_le_v4SPD16_eabi.lib : pre_init.obj (.text)

.const     0    000069e4    00000460     
                  000069e4    00000101     rtsv7M4_T_le_v4SPD16_eabi.lib : ctype.obj (.const:.string:_ctypes_)
                  00006ae5    00000003     --HOLE-- [fill = 0]
                  00006ae8    000000d8     driverlib.lib : gpio.obj (.const:g_ppui32GPIOIntMapSnowflake)
                  00006bc0    000000c0                   : gpio.obj (.const:g_ppui32GPIOIntMapBlizzard)
                  00006c80    00000090                   : gpio.obj (.const:g_pui32GPIOBaseAddrs)
                  00006d10    00000070                   : interrupt.obj (.const)
                  00006d80    0000006c                   : sysctl.obj (.const:g_pui32Xtals)
                  00006dec    00000040     rtsv7M4_T_le_v4SPD16_eabi.lib : strtof.obj (.const:$O1$$)
                  00006e2c    0000000c     uartstdio.obj (.const:g_ui32UARTBase)
                  00006e38    0000000c     uartstdio.obj (.const:g_ui32UARTPeriph)

.cinit     0    00006e48    000000b8     
                  00006e48    00000083     (.cinit..data.load) [load image, compression = lzss]
                  00006ecb    00000001     --HOLE-- [fill = 0]
                  00006ecc    0000000c     (__TI_handler_table)
                  00006ed8    00000008     (.cinit..bss.load) [load image, compression = zero_init]
                  00006ee0    00000008     (.cinit..vtable.load) [load image, compression = zero_init]
                  00006ee8    00000018     (__TI_cinit_table)

.init_array 
*          0    00000000    00000000     UNINITIALIZED

.vtable    0    20000000    0000026c     UNINITIALIZED
                  20000000    0000026c     driverlib.lib : interrupt.obj (.vtable)

.sysmem    0    20000270    00000bb8     UNINITIALIZED
                  20000270    00000008     rtsv7M4_T_le_v4SPD16_eabi.lib : memory.obj (.sysmem)
                  20000278    00000bb0     --HOLE--

.bss       0    20000e28    000004b4     UNINITIALIZED
                  20000e28    00000234     (.common:fatfs)
                  2000105c    00000224     (.common:fil)
                  20001280    00000018     (.common:fno)
                  20001298    0000000c     (.common:filename)
                  200012a4    00000008     (.common:countstr)
                  200012ac    00000008     (.common:value_tmp)
                  200012b4    00000004     ff.obj (.bss:FatFs)
                  200012b8    00000004     (.common:numTick)
                  200012bc    00000004     (.common:pb_mode_int)
                  200012c0    00000004     (.common:pb_mode_str)
                  200012c4    00000004     (.common:tofree)
                  200012c8    00000004     (.common:token)
                  200012cc    00000004     (.common:value_float)
                  200012d0    00000004     (.common:value_str)
                  200012d4    00000003     mmc-tm4c123g.obj (.bss)
                  200012d7    00000001     (.common:measure_mode)
                  200012d8    00000002     ff.obj (.bss)
                  200012da    00000001     (.common:pb_mode)
                  200012db    00000001     (.common:rc)

.stack     0    200012dc    00000200     UNINITIALIZED
                  200012dc    00000200     --HOLE--

.data      0    200014dc    0000017c     UNINITIALIZED
                  200014dc    00000064     hello.obj (.data:loggingDurationString)
                  20001540    00000024     hello.obj (.data:loggingFreq)
                  20001564    0000001d     hello.obj (.data)
                  20001581    00000011     hello.obj (.data:displayADCVal)
                  20001592    00000011     hello.obj (.data:logging_percentage)
                  200015a3    00000001     --HOLE--
                  200015a4    0000000c     rtsv7M4_T_le_v4SPD16_eabi.lib : exit.obj (.data:$O1$$)
                  200015b0    0000000c                                   : memory.obj (.data:$O1$$)
                  200015bc    0000000c     mySDcard.obj (.data)
                  200015c8    0000000a     hello.obj (.data:UARTtmp)
                  200015d2    0000000a     hello.obj (.data:int2str_duration)
                  200015dc    0000000a     hello.obj (.data:myRX)
                  200015e6    00000002     mmc-tm4c123g.obj (.data)
                  200015e8    00000008     rtsv7M4_T_le_v4SPD16_eabi.lib : _lock.obj (.data:$O1$$)
                  200015f0    00000008     display.obj (.data:BrightnessLV1)
                  200015f8    00000008     display.obj (.data:BrightnessLV2)
                  20001600    00000008     display.obj (.data:BrightnessLV3)
                  20001608    00000008     display.obj (.data:BrightnessLV4)
                  20001610    00000008     display.obj (.data:BrightnessLV5)
                  20001618    00000008     display.obj (.data:circle1)
                  20001620    00000008     display.obj (.data:enter)
                  20001628    00000008     display.obj (.data:plusminusmap)
                  20001630    00000006     hello.obj (.data:set_cursor_duration)
                  20001636    00000005     hello.obj (.data:brightness_opt_str)
                  2000163b    00000005     hello.obj (.data:set_duration)
                  20001640    00000005     uartstdio.obj (.data)
                  20001645    00000004     mySDcard.obj (.data:initFileName)
                  20001649    00000003     --HOLE--
                  2000164c    00000004     rtsv7M4_T_le_v4SPD16_eabi.lib : errno.obj (.data)
                  20001650    00000004                                   : stkdepth_vars.obj (.data)
                  20001654    00000004                                   : strtok.obj (.data)

MODULE SUMMARY

       Module                     code    ro data   rw data
       ------                     ----    -------   -------
    ./
       hello.obj                  4304    0         283    
       ff.obj                     4147    0         6      
       mmc-tm4c123g.obj           1922    0         5      
       mySDcard.obj               588     0         1173   
       startup_ccs.obj            12      620       0      
    +--+--------------------------+-------+---------+---------+
       Total:                     10973   620       1467   
                                                           
    ./mylib/
       display.obj                1683    0         64     
       ADC.obj                    468     0         0      
       switchgain.obj             420     0         0      
       mypwm.obj                  292     0         0      
       uart.obj                   228     0         0      
       led.obj                    72      0         0      
    +--+--------------------------+-------+---------+---------+
       Total:                     3163    0         64     
                                                           
    ./utils/
       uartstdio.obj              684     24        5      
    +--+--------------------------+-------+---------+---------+
       Total:                     684     24        5      
                                                           
    /Applications/ti/TivaWare_C_Series-2.1.4.178/driverlib/ccs/Debug/driverlib.lib
       gpio.obj                   746     552       0      
       interrupt.obj              172     112       620    
       sysctl.obj                 594     108       0      
       timer.obj                  136     0         0      
       pwm.obj                    110     0         0      
       ssi.obj                    106     0         0      
       uart.obj                   42      0         0      
       cpu.obj                    12      0         0      
    +--+--------------------------+-------+---------+---------+
       Total:                     1918    772       620    
                                                           
    /Applications/ti/ccsv7/tools/compiler/ti-cgt-arm_16.9.1.LTS/lib/rtsv7M4_T_le_v4SPD16_eabi.lib
       _printfi.obj               4414    0         0      
       memory.obj                 976     0         12     
       strtof.obj                 456     64        0      
       ull_div_t2.obj             500     0         0      
       fd_add_t2.obj              438     0         0      
       fd_div_t2.obj              310     0         0      
       fd_cmp_t2.obj              268     0         0      
       ctype.obj                  0       257       0      
       fd_mul_t2.obj              252     0         0      
       s_scalbn.obj               252     0         0      
       memcpy_t2.obj              156     0         0      
       memset_t2.obj              122     0         0      
       autoinit.obj               112     0         0      
       fd_tos_t2.obj              110     0         0      
       copy_decompress_lzss.obj   104     0         0      
       s_frexp.obj                100     0         0      
       exit.obj                   84      0         12     
       sprintf.obj                96      0         0      
       boot.obj                   84      0         0      
       ltoa.obj                   84      0         0      
       atoi.obj                   76      0         0      
       cpy_tbl.obj                76      0         0      
       fd_toi_t2.obj              72      0         0      
       strtok.obj                 64      0         4      
       u_divt2.obj                64      0         0      
       fs_tod_t2.obj              56      0         0      
       i_tofd_t2.obj              46      0         0      
       strspn.obj                 42      0         0      
       strcspn.obj                36      0         0      
       u_tofd_t2.obj              32      0         0      
       strcat.obj                 30      0         0      
       _lock.obj                  20      0         8      
       memccpy.obj                28      0         0      
       strdup.obj                 28      0         0      
       args_main.obj              24      0         0      
       strchr.obj                 22      0         0      
       s_copysign.obj             20      0         0      
       strcpy.obj                 20      0         0      
       strlen.obj                 20      0         0      
       copy_decompress_none.obj   14      0         0      
       copy_zero_init.obj         12      0         0      
       errno.obj                  0       0         4      
       pre_init.obj               4       0         0      
       stkdepth_vars.obj          0       0         4      
       i_div0.obj                 2       0         0      
       mpu_init.obj               2       0         0      
       startup.obj                2       0         0      
    +--+--------------------------+-------+---------+---------+
       Total:                     9730    321       44     
                                                           
       Heap:                      0       0         3000   
       Stack:                     0       0         512    
       Linker Generated:          0       183       0      
    +--+--------------------------+-------+---------+---------+
       Grand Total:               26468   1920      5712   


LINKER GENERATED COPY TABLES

__TI_cinit_table @ 00006ee8 records: 3, size/record: 8, table size: 24
	.data: load addr=00006e48, load size=00000083 bytes, run addr=200014dc, run size=0000017c bytes, compression=lzss
	.bss: load addr=00006ed8, load size=00000008 bytes, run addr=20000e28, run size=000004b4 bytes, compression=zero_init
	.vtable: load addr=00006ee0, load size=00000008 bytes, run addr=20000000, run size=0000026c bytes, compression=zero_init


LINKER GENERATED HANDLER TABLE

__TI_handler_table @ 00006ecc records: 3, size/record: 4, table size: 12
	index: 0, handler: __TI_zero_init
	index: 1, handler: __TI_decompress_lzss
	index: 2, handler: __TI_decompress_none


GLOBAL SYMBOLS: SORTED ALPHABETICALLY BY Name 

address   name                           
-------   ----                           
200015f0  BrightnessLV1                  
200015f8  BrightnessLV2                  
20001600  BrightnessLV3                  
20001608  BrightnessLV4                  
20001610  BrightnessLV5                  
00005ac5  C$$EXIT                        
00006925  CPUcpsie                       
00006401  GPIODirModeSet                 
000069bd  GPIOIntClear                   
000068d1  GPIOIntDisable                 
00006931  GPIOIntEnable                  
000066b3  GPIOIntRegister                
000068df  GPIOIntStatus                  
000059c5  GPIOIntTypeSet                 
00003bff  GPIOPadConfigSet               
00005d95  GPIOPinConfigure               
000067d1  GPIOPinTypeGPIOInput           
000066cb  GPIOPinTypeGPIOOutput          
000067e3  GPIOPinTypePWM                 
000067f5  GPIOPinTypeSSI                 
00006807  GPIOPinTypeUART                
000069c3  GPIOPinWrite                   
00005529  IntEnable                      
00006861  IntMasterEnable                
000061f1  IntRegister                    
2000157e  LED2Counter                    
00006515  PWMGenConfigure                
0000693d  PWMGenEnable                   
00006871  PWMGenPeriodSet                
00006819  PWMOutputState                 
00006579  PWMPulseWidthSet               
00005f89  ReadADC                        
000069c9  ResetISR                       
UNDEFED   SHT$$INIT_ARRAY$$Base          
UNDEFED   SHT$$INIT_ARRAY$$Limit         
0000698d  SSIBusy                        
00006107  SSIConfigSetExpClk             
0000682b  SSIDataGetNonBlocking          
00006979  SSIDataPut                     
00006983  SSIEnable                      
0000398d  SW1_IntHandler                 
0000596d  SetADCSwitch                   
00005c65  SetGain                        
0000637d  SetInputRelay                  
00005c15  SetMuxDCAC                     
00003e55  SysCtlClockGet                 
00004255  SysCtlClockSet                 
000069cf  SysCtlDelay                    
00006759  SysCtlPWMClockSet              
00006225  SysCtlPeripheralEnable         
00006259  Timer0IntHandler               
0000578d  TimerConfigure                 
000068ed  TimerEnable                    
00006995  TimerIntEnable                 
0000683d  TimerLoadSet                   
20001578  ToggleLED2                     
000052f9  UART1IntHandler                
000068fb  UARTCharGetNonBlocking         
00006909  UARTCharPutNonBlocking         
000069d5  UARTClockSourceSet             
0000699d  UARTIntEnable                  
00004c4d  UARTIntHandler                 
000057ed  UARTStdioConfig                
20001580  UART_flag                      
00006699  UARTprintf                     
200015c8  UARTtmp                        
00002bb5  UARTvprintf                    
00005ddd  UARTwrite                      
0000660d  WriteADC                       
200014dc  __STACK_END                    
00000200  __STACK_SIZE                   
200014dc  __STACK_TOP                    
00000bb8  __SYSMEM_SIZE                  
00006ee8  __TI_CINIT_Base                
00006f00  __TI_CINIT_Limit               
00006ecc  __TI_Handler_Table_Base        
00006ed8  __TI_Handler_Table_Limit       
00005449  __TI_auto_init                 
200015a4  __TI_cleanup_ptr               
00005591  __TI_decompress_lzss           
00006917  __TI_decompress_none           
200015a8  __TI_dtors_ptr                 
200015ac  __TI_enable_exit_profile_output
ffffffff  __TI_pprof_out_hndl            
00000ab1  __TI_printfi                   
ffffffff  __TI_prof_data_size            
ffffffff  __TI_prof_data_start           
00000000  __TI_static_base__             
00006955  __TI_zero_init                 
00004e8d  __aeabi_cdcmpeq                
00004e8d  __aeabi_cdcmple                
00004f13  __aeabi_cdrcmple               
000054b9  __aeabi_d2f                    
00005efd  __aeabi_d2iz                   
00002f73  __aeabi_dadd                   
00003ac9  __aeabi_ddiv                   
00003f65  __aeabi_dmul                   
00002f69  __aeabi_dsub                   
000061b9  __aeabi_f2d                    
0000631f  __aeabi_i2d                    
0000311f  __aeabi_idiv0                  
00005195  __aeabi_memclr                 
00005195  __aeabi_memclr4                
00005195  __aeabi_memclr8                
00004a81  __aeabi_memcpy                 
00004a81  __aeabi_memcpy4                
00004a81  __aeabi_memcpy8                
00005197  __aeabi_memset                 
00005197  __aeabi_memset4                
00005197  __aeabi_memset8                
00006537  __aeabi_ui2d                   
00006049  __aeabi_uidiv                  
00006049  __aeabi_uidivmod               
000029c1  __aeabi_uldivmod               
ffffffff  __binit__                      
ffffffff  __c_args__                     
0000451b  __mpu_init                     
200012dc  __stack                        
00006715  _args_main                     
00005a71  _c_int00                       
000069e4  _ctypes_                       
200015e8  _lock                          
0000678f  _nop                           
00006787  _register_lock                 
00006781  _register_unlock               
20000270  _sys_memory                    
0000520f  _system_post_cinit             
000069e1  _system_pre_init               
200015ec  _unlock                        
00005ac9  abort                          
00005cfd  atoi                           
ffffffff  binit                          
20001566  brightness_opt                 
20001636  brightness_opt_str             
0000628d  buildChar                      
200015c0  bytesWritten                   
00002259  calloc                         
20001618  circle1                        
00006629  clearLCD                       
00005cb1  closeFile                      
000066e3  clust2sect                     
0000451d  convertADC2range               
00005d49  copy_in                        
00006795  copysign                       
00006795  copysignl                      
200015bc  count                          
2000157d  counter                        
200012a4  countstr                       
000069a5  cursorOffLCD                   
20001568  cursor_pos                     
0000384d  disk_initialize                
000035b5  disk_ioctl                     
00004ce1  disk_read                      
00006881  disk_status                    
0000487d  disk_write                     
20001581  displayADCVal                  
2000156a  duration_green_pressed         
20001569  duration_red_pressed           
20001620  enter                          
2000164c  errno                          
00005ad1  exit                           
00006891  f_close                        
000063a9  f_mount                        
00003709  f_open                         
00005fc9  f_stat                         
00004d71  f_sync                         
000032bd  f_write                        
20000e28  fatfs                          
2000105c  fil                            
20001298  filename                       
200015c4  filesize                       
20001280  fno                            
00001fa3  free                           
20001567  freq_flag                      
20001565  frequency_opt                  
000056c5  frexp                          
000056c5  frexpl                         
00005369  ftoa                           
20000000  g_pfnRAMVectors                
00000000  g_pfnVectors                   
20001574  g_ui32Flags                    
000047b1  get_fat                        
000069ad  get_fattime                    
000049e5  initADC                        
20001645  initFileName                   
00004349  initLCD                        
00005e6d  initLED                        
00004f99  initMux                        
00004e01  initPWM                        
00006145  initSDcard                     
0000501d  initTimer                      
000053d9  initUART0                      
00005285  initUART1                      
200015d2  int2str_duration               
0000584d  itoa                           
00004061  ldexp                          
00004061  ldexpl                         
000027cd  logging                        
2000157c  loggingCounter                 
20001570  loggingDuration                
200014dc  loggingDurationString          
20001540  loggingFreq                    
20001592  logging_percentage             
2000156b  logging_pressed                
00005b19  ltoa                           
000013ad  main                           
20001650  main_func_sp                   
00001f39  malloc                         
200012d7  measure_mode                   
0000216d  memalign                       
00006661  memccpy                        
00004a81  memcpy                         
0000519d  memset                         
00001eb9  minit                          
000045f9  modeChange                     
20001564  mode_level                     
200015dc  myRX                           
200012b8  numTick                        
00003121  openFile                       
200012da  pb_mode                        
200012bc  pb_mode_int                    
200012c0  pb_mode_str                    
2000156c  percentage                     
20001628  plusminusmap                   
000066fb  printLCD                       
000069db  printSpecialChar               
00006455  pulseLCD                       
00004439  put_fat                        
200012db  rc                             
00002065  realloc                        
00004061  scalbn                         
00004061  scalbnl                        
00006089  sendByte                       
000069b5  setBlockCursorLCD              
000068a1  setCmd                         
0000634d  setCursorPositionLCD           
000068b1  setData                        
0000344d  setDiaplyValue                 
00002591  setModeDisplay                 
00004bb5  setPWM                         
20001630  set_cursor_duration            
2000163b  set_duration                   
000058ad  sprintf                        
000065b5  strcat                         
00006743  strchr                         
000067a9  strcpy                         
000064cd  strcspn                        
0000667d  strdup                         
000067bd  strlen                         
0000642b  strspn                         
00002da1  strtof                         
00006009  strtok                         
200012c4  tofree                         
200012c8  token                          
2000157f  uartCount                      
200012cc  value_float                    
200012d0  value_str                      
200012ac  value_tmp                      
000064a5  writeSD                        
200015bd  writing_flag                   


GLOBAL SYMBOLS: SORTED BY Symbol Address 

address   name                           
-------   ----                           
00000000  __TI_static_base__             
00000000  g_pfnVectors                   
00000200  __STACK_SIZE                   
00000ab1  __TI_printfi                   
00000bb8  __SYSMEM_SIZE                  
000013ad  main                           
00001eb9  minit                          
00001f39  malloc                         
00001fa3  free                           
00002065  realloc                        
0000216d  memalign                       
00002259  calloc                         
00002591  setModeDisplay                 
000027cd  logging                        
000029c1  __aeabi_uldivmod               
00002bb5  UARTvprintf                    
00002da1  strtof                         
00002f69  __aeabi_dsub                   
00002f73  __aeabi_dadd                   
0000311f  __aeabi_idiv0                  
00003121  openFile                       
000032bd  f_write                        
0000344d  setDiaplyValue                 
000035b5  disk_ioctl                     
00003709  f_open                         
0000384d  disk_initialize                
0000398d  SW1_IntHandler                 
00003ac9  __aeabi_ddiv                   
00003bff  GPIOPadConfigSet               
00003e55  SysCtlClockGet                 
00003f65  __aeabi_dmul                   
00004061  ldexp                          
00004061  ldexpl                         
00004061  scalbn                         
00004061  scalbnl                        
00004255  SysCtlClockSet                 
00004349  initLCD                        
00004439  put_fat                        
0000451b  __mpu_init                     
0000451d  convertADC2range               
000045f9  modeChange                     
000047b1  get_fat                        
0000487d  disk_write                     
000049e5  initADC                        
00004a81  __aeabi_memcpy                 
00004a81  __aeabi_memcpy4                
00004a81  __aeabi_memcpy8                
00004a81  memcpy                         
00004bb5  setPWM                         
00004c4d  UARTIntHandler                 
00004ce1  disk_read                      
00004d71  f_sync                         
00004e01  initPWM                        
00004e8d  __aeabi_cdcmpeq                
00004e8d  __aeabi_cdcmple                
00004f13  __aeabi_cdrcmple               
00004f99  initMux                        
0000501d  initTimer                      
00005195  __aeabi_memclr                 
00005195  __aeabi_memclr4                
00005195  __aeabi_memclr8                
00005197  __aeabi_memset                 
00005197  __aeabi_memset4                
00005197  __aeabi_memset8                
0000519d  memset                         
0000520f  _system_post_cinit             
00005285  initUART1                      
000052f9  UART1IntHandler                
00005369  ftoa                           
000053d9  initUART0                      
00005449  __TI_auto_init                 
000054b9  __aeabi_d2f                    
00005529  IntEnable                      
00005591  __TI_decompress_lzss           
000056c5  frexp                          
000056c5  frexpl                         
0000578d  TimerConfigure                 
000057ed  UARTStdioConfig                
0000584d  itoa                           
000058ad  sprintf                        
0000596d  SetADCSwitch                   
000059c5  GPIOIntTypeSet                 
00005a71  _c_int00                       
00005ac5  C$$EXIT                        
00005ac9  abort                          
00005ad1  exit                           
00005b19  ltoa                           
00005c15  SetMuxDCAC                     
00005c65  SetGain                        
00005cb1  closeFile                      
00005cfd  atoi                           
00005d49  copy_in                        
00005d95  GPIOPinConfigure               
00005ddd  UARTwrite                      
00005e6d  initLED                        
00005efd  __aeabi_d2iz                   
00005f89  ReadADC                        
00005fc9  f_stat                         
00006009  strtok                         
00006049  __aeabi_uidiv                  
00006049  __aeabi_uidivmod               
00006089  sendByte                       
00006107  SSIConfigSetExpClk             
00006145  initSDcard                     
000061b9  __aeabi_f2d                    
000061f1  IntRegister                    
00006225  SysCtlPeripheralEnable         
00006259  Timer0IntHandler               
0000628d  buildChar                      
0000631f  __aeabi_i2d                    
0000634d  setCursorPositionLCD           
0000637d  SetInputRelay                  
000063a9  f_mount                        
00006401  GPIODirModeSet                 
0000642b  strspn                         
00006455  pulseLCD                       
000064a5  writeSD                        
000064cd  strcspn                        
00006515  PWMGenConfigure                
00006537  __aeabi_ui2d                   
00006579  PWMPulseWidthSet               
000065b5  strcat                         
0000660d  WriteADC                       
00006629  clearLCD                       
00006661  memccpy                        
0000667d  strdup                         
00006699  UARTprintf                     
000066b3  GPIOIntRegister                
000066cb  GPIOPinTypeGPIOOutput          
000066e3  clust2sect                     
000066fb  printLCD                       
00006715  _args_main                     
00006743  strchr                         
00006759  SysCtlPWMClockSet              
00006781  _register_unlock               
00006787  _register_lock                 
0000678f  _nop                           
00006795  copysign                       
00006795  copysignl                      
000067a9  strcpy                         
000067bd  strlen                         
000067d1  GPIOPinTypeGPIOInput           
000067e3  GPIOPinTypePWM                 
000067f5  GPIOPinTypeSSI                 
00006807  GPIOPinTypeUART                
00006819  PWMOutputState                 
0000682b  SSIDataGetNonBlocking          
0000683d  TimerLoadSet                   
00006861  IntMasterEnable                
00006871  PWMGenPeriodSet                
00006881  disk_status                    
00006891  f_close                        
000068a1  setCmd                         
000068b1  setData                        
000068d1  GPIOIntDisable                 
000068df  GPIOIntStatus                  
000068ed  TimerEnable                    
000068fb  UARTCharGetNonBlocking         
00006909  UARTCharPutNonBlocking         
00006917  __TI_decompress_none           
00006925  CPUcpsie                       
00006931  GPIOIntEnable                  
0000693d  PWMGenEnable                   
00006955  __TI_zero_init                 
00006979  SSIDataPut                     
00006983  SSIEnable                      
0000698d  SSIBusy                        
00006995  TimerIntEnable                 
0000699d  UARTIntEnable                  
000069a5  cursorOffLCD                   
000069ad  get_fattime                    
000069b5  setBlockCursorLCD              
000069bd  GPIOIntClear                   
000069c3  GPIOPinWrite                   
000069c9  ResetISR                       
000069cf  SysCtlDelay                    
000069d5  UARTClockSourceSet             
000069db  printSpecialChar               
000069e1  _system_pre_init               
000069e4  _ctypes_                       
00006ecc  __TI_Handler_Table_Base        
00006ed8  __TI_Handler_Table_Limit       
00006ee8  __TI_CINIT_Base                
00006f00  __TI_CINIT_Limit               
20000000  g_pfnRAMVectors                
20000270  _sys_memory                    
20000e28  fatfs                          
2000105c  fil                            
20001280  fno                            
20001298  filename                       
200012a4  countstr                       
200012ac  value_tmp                      
200012b8  numTick                        
200012bc  pb_mode_int                    
200012c0  pb_mode_str                    
200012c4  tofree                         
200012c8  token                          
200012cc  value_float                    
200012d0  value_str                      
200012d7  measure_mode                   
200012da  pb_mode                        
200012db  rc                             
200012dc  __stack                        
200014dc  __STACK_END                    
200014dc  __STACK_TOP                    
200014dc  loggingDurationString          
20001540  loggingFreq                    
20001564  mode_level                     
20001565  frequency_opt                  
20001566  brightness_opt                 
20001567  freq_flag                      
20001568  cursor_pos                     
20001569  duration_red_pressed           
2000156a  duration_green_pressed         
2000156b  logging_pressed                
2000156c  percentage                     
20001570  loggingDuration                
20001574  g_ui32Flags                    
20001578  ToggleLED2                     
2000157c  loggingCounter                 
2000157d  counter                        
2000157e  LED2Counter                    
2000157f  uartCount                      
20001580  UART_flag                      
20001581  displayADCVal                  
20001592  logging_percentage             
200015a4  __TI_cleanup_ptr               
200015a8  __TI_dtors_ptr                 
200015ac  __TI_enable_exit_profile_output
200015bc  count                          
200015bd  writing_flag                   
200015c0  bytesWritten                   
200015c4  filesize                       
200015c8  UARTtmp                        
200015d2  int2str_duration               
200015dc  myRX                           
200015e8  _lock                          
200015ec  _unlock                        
200015f0  BrightnessLV1                  
200015f8  BrightnessLV2                  
20001600  BrightnessLV3                  
20001608  BrightnessLV4                  
20001610  BrightnessLV5                  
20001618  circle1                        
20001620  enter                          
20001628  plusminusmap                   
20001630  set_cursor_duration            
20001636  brightness_opt_str             
2000163b  set_duration                   
20001645  initFileName                   
2000164c  errno                          
20001650  main_func_sp                   
ffffffff  __TI_pprof_out_hndl            
ffffffff  __TI_prof_data_size            
ffffffff  __TI_prof_data_start           
ffffffff  __binit__                      
ffffffff  __c_args__                     
ffffffff  binit                          
UNDEFED   SHT$$INIT_ARRAY$$Base          
UNDEFED   SHT$$INIT_ARRAY$$Limit         

[260 symbols]
