******************************************************************************
                  TI ARM Linker Unix v16.9.1                   
******************************************************************************
>> Linked Fri May 26 05:47:33 2017

OUTPUT FILE NAME:   <hello.out>
ENTRY POINT SYMBOL: "_c_int00"  address: 00004ee1


MEMORY CONFIGURATION

         name            origin    length      used     unused   attr    fill
----------------------  --------  ---------  --------  --------  ----  --------
  FLASH                 00000000   00040000  000062f8  00039d08  R  X
  SRAM                  20000000   00008000  000009d0  00007630  RW X


SEGMENT ALLOCATION MAP

run origin  load origin   length   init length attrs members
----------  ----------- ---------- ----------- ----- -------
00000000    00000000    000062f8   000062f8    r-x
  00000000    00000000    0000026c   0000026c    r-- .intvecs
  0000026c    0000026c    00005bc4   00005bc4    r-x .text
  00005e30    00005e30    00000420   00000420    r-- .const
  00006250    00006250    000000a8   000000a8    r-- .cinit
20000000    20000000    000009d0   00000000    rw-
  20000000    20000000    0000026c   00000000    rw- .vtable
  2000026c    2000026c    00000494   00000000    rw- .bss
  20000700    20000700    00000200   00000000    rw- .stack
  20000900    20000900    000000d0   00000000    rw- .data


SECTION ALLOCATION MAP

 output                                  attributes/
section   page    origin      length       input sections
--------  ----  ----------  ----------   ----------------
.intvecs   0    00000000    0000026c     
                  00000000    0000026c     startup_ccs.obj (.intvecs)

.text      0    0000026c    00005bc4     
                  0000026c    0000113e     rtsv7M4_T_le_v4SPD16_eabi.lib : _printfi.obj (.text)
                  000013aa    00000002     startup_ccs.obj (.text:FaultISR)
                  000013ac    000007dc     hello.obj (.text:main)
                  00001b88    00000308     ff.obj (.text:chk_mounted)
                  00001e90    00000211     display.obj (.text:setModeDisplay)
                  000020a1    00000001     --HOLE-- [fill = 0]
                  000020a2    000001f4     rtsv7M4_T_le_v4SPD16_eabi.lib : ull_div_t2.obj (.text)
                  00002296    00000002     startup_ccs.obj (.text:IntDefaultHandler)
                  00002298    000001ea     uartstdio.obj (.text:UARTvprintf)
                  00002482    000001b6     rtsv7M4_T_le_v4SPD16_eabi.lib : fd_add_t2.obj (.text)
                  00002638    0000019c     mySDcard.obj (.text:openFile)
                  000027d4    00000190     ff.obj (.text:f_write)
                  00002964    00000168     display.obj (.text:setDiaplyValue)
                  00002acc    00000154     mmc-tm4c123g.obj (.text:disk_ioctl)
                  00002c20    00000144     ff.obj (.text:f_open)
                  00002d64    00000140     mmc-tm4c123g.obj (.text:disk_initialize)
                  00002ea4    0000013c     hello.obj (.text:SW1_IntHandler)
                  00002fe0    00000136     rtsv7M4_T_le_v4SPD16_eabi.lib : fd_div_t2.obj (.text)
                  00003116    00000132     driverlib.lib : gpio.obj (.text:GPIOPadConfigSet)
                  00003248    00000123     ff.obj (.text:create_name)
                  0000336b    00000001     --HOLE-- [fill = 0]
                  0000336c    00000110     driverlib.lib : sysctl.obj (.text:SysCtlClockGet)
                  0000347c    000000fc     rtsv7M4_T_le_v4SPD16_eabi.lib : fd_mul_t2.obj (.text)
                  00003578    000000fc                                   : s_scalbn.obj (.text)
                  00003674    000000f8     ff.obj (.text:dir_next)
                  0000376c    000000f4     driverlib.lib : sysctl.obj (.text:SysCtlClockSet)
                  00003860    000000f4     hello.obj (.text:logging)
                  00003954    000000e4     display.obj (.text:initLCD)
                  00003a38    000000e2     ff.obj (.text:put_fat)
                  00003b1a    00000002     startup_ccs.obj (.text:NmiSR)
                  00003b1c    000000dc     ADC.obj (.text:convertADC2range)
                  00003bf8    000000dc     mmc-tm4c123g.obj (.text:power_on)
                  00003cd4    000000cc     ff.obj (.text:get_fat)
                  00003da0    000000c4     hello.obj (.text:modeChange)
                  00003e64    000000b8     mmc-tm4c123g.obj (.text:disk_write)
                  00003f1c    000000b0     ff.obj (.text:sync_fs)
                  00003fcc    0000009c     ADC.obj (.text:initADC)
                  00004068    0000009c     rtsv7M4_T_le_v4SPD16_eabi.lib : memcpy_t2.obj (.text)
                  00004104    00000098     ff.obj (.text:create_chain)
                  0000419c    00000098     mypwm.obj (.text:setPWM)
                  00004234    00000090     mmc-tm4c123g.obj (.text:disk_read)
                  000042c4    00000090     ff.obj (.text:f_sync)
                  00004354    0000008c     mypwm.obj (.text:initPWM)
                  000043e0    00000086     rtsv7M4_T_le_v4SPD16_eabi.lib : fd_cmp_t2.obj (.text:__aeabi_cdcmple)
                  00004466    00000086                                   : fd_cmp_t2.obj (.text:__aeabi_cdrcmple)
                  000044ec    00000084     switchgain.obj (.text:initMux)
                  00004570    00000080     hello.obj (.text:initTimer)
                  000045f0    0000007c     ff.obj (.text:dir_sdi)
                  0000466c    0000007c     ff.obj (.text:get_fileinfo)
                  000046e8    0000007a     rtsv7M4_T_le_v4SPD16_eabi.lib : memset_t2.obj (.text)
                  00004762    00000002                                   : i_div0.obj (.text)
                  00004764    00000074     ff.obj (.text:check_fs)
                  000047d8    00000070     display.obj (.text:ftoa)
                  00004848    00000070     uart.obj (.text:initUART0)
                  000048b8    00000070     rtsv7M4_T_le_v4SPD16_eabi.lib : autoinit.obj (.text)
                  00004928    0000006e                                   : fd_tos_t2.obj (.text)
                  00004996    00000002                                   : mpu_init.obj (.text)
                  00004998    00000068     driverlib.lib : interrupt.obj (.text:IntEnable)
                  00004a00    00000068     rtsv7M4_T_le_v4SPD16_eabi.lib : copy_decompress_lzss.obj (.text:decompress:lzss)
                  00004a68    00000066     mmc-tm4c123g.obj (.text:send_cmd)
                  00004ace    00000064     ff.obj (.text:follow_path)
                  00004b32    00000002     rtsv7M4_T_le_v4SPD16_eabi.lib : startup.obj (.text)
                  00004b34    00000064                                   : s_frexp.obj (.text)
                  00004b98    00000062     ff.obj (.text:remove_chain)
                  00004bfa    00000002     --HOLE-- [fill = 0]
                  00004bfc    00000060     driverlib.lib : timer.obj (.text:TimerConfigure)
                  00004c5c    00000060     uartstdio.obj (.text:UARTStdioConfig)
                  00004cbc    00000060     display.obj (.text:itoa)
                  00004d1c    00000060     rtsv7M4_T_le_v4SPD16_eabi.lib : sprintf.obj (.text)
                  00004d7c    00000060     mmc-tm4c123g.obj (.text:send_initial_clock_train)
                  00004ddc    00000058     switchgain.obj (.text:SetADCSwitch)
                  00004e34    00000056     driverlib.lib : gpio.obj (.text:GPIOIntTypeSet)
                  00004e8a    00000056     ff.obj (.text:sync_window)
                  00004ee0    00000054     rtsv7M4_T_le_v4SPD16_eabi.lib : boot.obj (.text)
                  00004f34    00000054                                   : exit.obj (.text)
                  00004f88    00000054                                   : ltoa.obj (.text)
                  00004fdc    00000054     mmc-tm4c123g.obj (.text:set_max_speed)
                  00005030    00000052     mmc-tm4c123g.obj (.text:xmit_datablock)
                  00005082    00000002     --HOLE-- [fill = 0]
                  00005084    00000050     switchgain.obj (.text:SetMuxDCAC)
                  000050d4    0000004c     switchgain.obj (.text:SetGain)
                  00005120    0000004c     mySDcard.obj (.text:closeFile)
                  0000516c    0000004c     rtsv7M4_T_le_v4SPD16_eabi.lib : atoi.obj (.text)
                  000051b8    0000004c                                   : cpy_tbl.obj (.text)
                  00005204    00000048     driverlib.lib : gpio.obj (.text:GPIOPinConfigure)
                  0000524c    00000048     uartstdio.obj (.text:UARTwrite)
                  00005294    00000048     ff.obj (.text:dir_find)
                  000052dc    00000048     led.obj (.text:initLED)
                  00005324    00000048     mmc-tm4c123g.obj (.text:rcvr_datablock)
                  0000536c    00000048     rtsv7M4_T_le_v4SPD16_eabi.lib : fd_toi_t2.obj (.text)
                  000053b4    00000044     driverlib.lib : gpio.obj (.text:_GPIOIntNumberGet)
                  000053f8    00000040     ADC.obj (.text:ReadADC)
                  00005438    00000040     hello.obj (.text:Timer0IntHandler)
                  00005478    00000040     uart.obj (.text:UART1IntHandler)
                  000054b8    00000040     ff.obj (.text:f_stat)
                  000054f8    00000040     rtsv7M4_T_le_v4SPD16_eabi.lib : u_divt2.obj (.text)
                  00005538    00000040     display.obj (.text:sendByte)
                  00005578    0000003e     ff.obj (.text:dir_alloc)
                  000055b6    0000003c     driverlib.lib : ssi.obj (.text:SSIConfigSetExpClk)
                  000055f2    00000002     --HOLE-- [fill = 0]
                  000055f4    0000003c     uart.obj (.text:UARTIntHandler)
                  00005630    0000003c     mySDcard.obj (.text:initSDcard)
                  0000566c    00000038     ff.obj (.text:dir_register)
                  000056a4    00000038     rtsv7M4_T_le_v4SPD16_eabi.lib : fs_tod_t2.obj (.text)
                  000056dc    00000034     driverlib.lib : interrupt.obj (.text:IntRegister)
                  00005710    00000034                   : sysctl.obj (.text:SysCtlPeripheralEnable)
                  00005744    00000032     display.obj (.text:buildChar)
                  00005776    00000032     mmc-tm4c123g.obj (.text:send_cmd12)
                  000057a8    0000002e     ff.obj (.text:move_window)
                  000057d6    0000002e     rtsv7M4_T_le_v4SPD16_eabi.lib : i_tofd_t2.obj (.text)
                  00005804    0000002e     display.obj (.text:setCursorPositionLCD)
                  00005832    00000002     --HOLE-- [fill = 0]
                  00005834    0000002c     switchgain.obj (.text:SetInputRelay)
                  00005860    0000002c     ff.obj (.text:f_mount)
                  0000588c    0000002c     mmc-tm4c123g.obj (.text:rcvr_spi)
                  000058b8    0000002a     driverlib.lib : gpio.obj (.text:GPIODirModeSet)
                  000058e2    00000002     --HOLE-- [fill = 0]
                  000058e4    00000028     display.obj (.text:pulseLCD)
                  0000590c    00000028     ff.obj (.text:validate)
                  00005934    00000028     mySDcard.obj (.text:writeSD)
                  0000595c    00000024     mmc-tm4c123g.obj (.text:xmit_spi)
                  00005980    00000022     driverlib.lib : pwm.obj (.text:PWMGenConfigure)
                  000059a2    00000020     rtsv7M4_T_le_v4SPD16_eabi.lib : u_tofd_t2.obj (.text)
                  000059c2    00000002     --HOLE-- [fill = 0]
                  000059c4    00000020     mmc-tm4c123g.obj (.text:wait_ready)
                  000059e4    0000001e     driverlib.lib : pwm.obj (.text:PWMPulseWidthSet)
                  00005a02    0000001e     ff.obj (.text:ld_clust)
                  00005a20    0000001e     rtsv7M4_T_le_v4SPD16_eabi.lib : strcat.obj (.text)
                  00005a3e    00000002     --HOLE-- [fill = 0]
                  00005a40    0000001c     mmc-tm4c123g.obj (.text:DESELECT)
                  00005a5c    0000001c     mmc-tm4c123g.obj (.text:SELECT)
                  00005a78    0000001c     ADC.obj (.text:WriteADC)
                  00005a94    0000001c     display.obj (.text:clearLCD)
                  00005ab0    0000001c     ff.obj (.text:mem_cmp)
                  00005acc    0000001c     rtsv7M4_T_le_v4SPD16_eabi.lib : memccpy.obj (.text)
                  00005ae8    0000001a     uartstdio.obj (.text:UARTprintf)
                  00005b02    00000018     driverlib.lib : gpio.obj (.text:GPIOIntRegister)
                  00005b1a    00000018                   : gpio.obj (.text:GPIOPinTypeGPIOOutput)
                  00005b32    00000018     ff.obj (.text:clust2sect)
                  00005b4a    00000018     display.obj (.text:printLCD)
                  00005b62    00000002     --HOLE-- [fill = 0]
                  00005b64    00000018     rtsv7M4_T_le_v4SPD16_eabi.lib : args_main.obj (.text)
                  00005b7c    00000016     ff.obj (.text:mem_cpy)
                  00005b92    00000016     rtsv7M4_T_le_v4SPD16_eabi.lib : strchr.obj (.text)
                  00005ba8    00000014     driverlib.lib : sysctl.obj (.text:SysCtlPWMClockSet)
                  00005bbc    00000014     ff.obj (.text:mem_set)
                  00005bd0    00000014     rtsv7M4_T_le_v4SPD16_eabi.lib : _lock.obj (.text)
                  00005be4    00000014                                   : s_copysign.obj (.text)
                  00005bf8    00000014                                   : strlen.obj (.text)
                  00005c0c    00000012     driverlib.lib : gpio.obj (.text:GPIOPinTypeGPIOInput)
                  00005c1e    00000012                   : gpio.obj (.text:GPIOPinTypePWM)
                  00005c30    00000012                   : gpio.obj (.text:GPIOPinTypeSSI)
                  00005c42    00000012                   : gpio.obj (.text:GPIOPinTypeUART)
                  00005c54    00000012                   : pwm.obj (.text:PWMOutputState)
                  00005c66    00000012                   : ssi.obj (.text:SSIDataGetNonBlocking)
                  00005c78    00000012                   : timer.obj (.text:TimerLoadSet)
                  00005c8a    00000012     ff.obj (.text:chk_chr)
                  00005c9c    00000010     driverlib.lib : interrupt.obj (.text:IntMasterEnable)
                  00005cac    00000010                   : pwm.obj (.text:PWMGenPeriodSet)
                  00005cbc    00000010     mmc-tm4c123g.obj (.text:disk_status)
                  00005ccc    00000010     ff.obj (.text:f_close)
                  00005cdc    00000010     display.obj (.text:setCmd)
                  00005cec    00000010     display.obj (.text:setData)
                  00005cfc    00000010     ff.obj (.text:st_clust)
                  00005d0c    0000000e     driverlib.lib : gpio.obj (.text:GPIOIntDisable)
                  00005d1a    0000000e                   : gpio.obj (.text:GPIOIntStatus)
                  00005d28    0000000e                   : timer.obj (.text:TimerEnable)
                  00005d36    0000000e                   : uart.obj (.text:UARTCharGetNonBlocking)
                  00005d44    0000000e                   : uart.obj (.text:UARTCharPutNonBlocking)
                  00005d52    0000000e                   : uart.obj (.text:UARTCharsAvail)
                  00005d60    0000000e     rtsv7M4_T_le_v4SPD16_eabi.lib : copy_decompress_none.obj (.text:decompress:none)
                  00005d6e    0000000c     driverlib.lib : cpu.obj (.text:CPUcpsie)
                  00005d7a    0000000c                   : gpio.obj (.text:GPIOIntEnable)
                  00005d86    0000000c                   : pwm.obj (.text:PWMGenEnable)
                  00005d92    00000002     --HOLE-- [fill = 0]
                  00005d94    0000000c     mmc-tm4c123g.obj (.text:chk_power)
                  00005da0    0000000c     rtsv7M4_T_le_v4SPD16_eabi.lib : copy_zero_init.obj (.text:decompress:ZI)
                  00005dac    0000000c     mmc-tm4c123g.obj (.text:power_off)
                  00005db8    0000000c     mmc-tm4c123g.obj (.text:rcvr_spi_m)
                  00005dc4    0000000a     driverlib.lib : ssi.obj (.text:SSIDataPut)
                  00005dce    0000000a                   : ssi.obj (.text:SSIEnable)
                  00005dd8    00000008                   : ssi.obj (.text:SSIBusy)
                  00005de0    00000008                   : timer.obj (.text:TimerIntEnable)
                  00005de8    00000008                   : uart.obj (.text:UARTIntEnable)
                  00005df0    00000008     display.obj (.text:cursorOffLCD)
                  00005df8    00000008     mmc-tm4c123g.obj (.text:get_fattime)
                  00005e00    00000008     display.obj (.text:setBlockCursorLCD)
                  00005e08    00000006     driverlib.lib : gpio.obj (.text:GPIOIntClear)
                  00005e0e    00000006                   : gpio.obj (.text:GPIOPinWrite)
                  00005e14    00000006     startup_ccs.obj (.text:ResetISR)
                  00005e1a    00000006     driverlib.lib : sysctl.obj (.text:SysCtlDelay)
                  00005e20    00000006                   : uart.obj (.text:UARTClockSourceSet)
                  00005e26    00000006     display.obj (.text:printSpecialChar)
                  00005e2c    00000004     rtsv7M4_T_le_v4SPD16_eabi.lib : pre_init.obj (.text)

.const     0    00005e30    00000420     
                  00005e30    00000101     rtsv7M4_T_le_v4SPD16_eabi.lib : ctype.obj (.const:.string:_ctypes_)
                  00005f31    00000003     --HOLE-- [fill = 0]
                  00005f34    000000d8     driverlib.lib : gpio.obj (.const:g_ppui32GPIOIntMapSnowflake)
                  0000600c    000000c0                   : gpio.obj (.const:g_ppui32GPIOIntMapBlizzard)
                  000060cc    00000090                   : gpio.obj (.const:g_pui32GPIOBaseAddrs)
                  0000615c    00000070                   : interrupt.obj (.const)
                  000061cc    0000006c                   : sysctl.obj (.const:g_pui32Xtals)
                  00006238    0000000c     uartstdio.obj (.const:g_ui32UARTBase)
                  00006244    0000000c     uartstdio.obj (.const:g_ui32UARTPeriph)

.cinit     0    00006250    000000a8     
                  00006250    0000006f     (.cinit..data.load) [load image, compression = lzss]
                  000062bf    00000001     --HOLE-- [fill = 0]
                  000062c0    0000000c     (__TI_handler_table)
                  000062cc    00000004     --HOLE-- [fill = 0]
                  000062d0    00000008     (.cinit..bss.load) [load image, compression = zero_init]
                  000062d8    00000008     (.cinit..vtable.load) [load image, compression = zero_init]
                  000062e0    00000018     (__TI_cinit_table)

.init_array 
*          0    00000000    00000000     UNINITIALIZED

.vtable    0    20000000    0000026c     UNINITIALIZED
                  20000000    0000026c     driverlib.lib : interrupt.obj (.vtable)

.bss       0    2000026c    00000494     UNINITIALIZED
                  2000026c    00000234     (.common:fatfs)
                  200004a0    00000224     (.common:fil)
                  200006c4    00000018     (.common:fno)
                  200006dc    0000000c     (.common:filename)
                  200006e8    00000008     (.common:countstr)
                  200006f0    00000004     ff.obj (.bss:FatFs)
                  200006f4    00000004     (.common:numTick)
                  200006f8    00000003     mmc-tm4c123g.obj (.bss)
                  200006fb    00000001     (.common:measure_mode)
                  200006fc    00000002     ff.obj (.bss)
                  200006fe    00000001     (.common:pb_mode)
                  200006ff    00000001     (.common:rc)

.data      0    20000900    000000d0     UNINITIALIZED
                  20000900    00000024     hello.obj (.data:loggingFreq)
                  20000924    00000017     hello.obj (.data)
                  2000093b    00000011     hello.obj (.data:displayADCVal)
                  2000094c    0000000c     rtsv7M4_T_le_v4SPD16_eabi.lib : exit.obj (.data:$O1$$)
                  20000958    0000000c     mySDcard.obj (.data)
                  20000964    0000000a     hello.obj (.data:int2str_duration)
                  2000096e    00000002     mmc-tm4c123g.obj (.data)
                  20000970    00000008     rtsv7M4_T_le_v4SPD16_eabi.lib : _lock.obj (.data:$O1$$)
                  20000978    00000008     display.obj (.data:BrightnessLV1)
                  20000980    00000008     display.obj (.data:BrightnessLV2)
                  20000988    00000008     display.obj (.data:BrightnessLV3)
                  20000990    00000008     display.obj (.data:BrightnessLV4)
                  20000998    00000008     display.obj (.data:BrightnessLV5)
                  200009a0    00000008     display.obj (.data:enter)
                  200009a8    00000008     display.obj (.data:plusminusmap)
                  200009b0    00000006     hello.obj (.data:set_cursor_duration)
                  200009b6    00000005     hello.obj (.data:set_duration)
                  200009bb    00000001     --HOLE--
                  200009bc    00000005     uartstdio.obj (.data)
                  200009c1    00000004     mySDcard.obj (.data:initFileName)
                  200009c5    00000003     --HOLE--
                  200009c8    00000004     rtsv7M4_T_le_v4SPD16_eabi.lib : errno.obj (.data)
                  200009cc    00000004                                   : stkdepth_vars.obj (.data)

.stack     0    20000700    00000200     UNINITIALIZED
                  20000700    00000200     --HOLE--

MODULE SUMMARY

       Module                     code    ro data   rw data
       ------                     ----    -------   -------
    ./
       ff.obj                     4147    0         6      
       hello.obj                  2960    0         103    
       mmc-tm4c123g.obj           1922    0         5      
       mySDcard.obj               588     0         1173   
       startup_ccs.obj            12      620       0      
    +--+--------------------------+-------+---------+---------+
       Total:                     9629    620       1287   
                                                           
    ./mylib/
       display.obj                1631    0         56     
       ADC.obj                    468     0         0      
       switchgain.obj             420     0         0      
       mypwm.obj                  292     0         0      
       uart.obj                   236     0         0      
       led.obj                    72      0         0      
    +--+--------------------------+-------+---------+---------+
       Total:                     3119    0         56     
                                                           
    ./utils/
       uartstdio.obj              684     24        5      
    +--+--------------------------+-------+---------+---------+
       Total:                     684     24        5      
                                                           
    /Applications/ti/TivaWare_C_Series-2.1.4.178/driverlib/ccs/Debug/driverlib.lib
       gpio.obj                   746     552       0      
       interrupt.obj              172     112       620    
       sysctl.obj                 594     108       0      
       timer.obj                  136     0         0      
       pwm.obj                    110     0         0      
       ssi.obj                    106     0         0      
       uart.obj                   56      0         0      
       cpu.obj                    12      0         0      
    +--+--------------------------+-------+---------+---------+
       Total:                     1932    772       620    
                                                           
    /Applications/ti/ccsv7/tools/compiler/ti-cgt-arm_16.9.1.LTS/lib/rtsv7M4_T_le_v4SPD16_eabi.lib
       _printfi.obj               4414    0         0      
       ull_div_t2.obj             500     0         0      
       fd_add_t2.obj              438     0         0      
       fd_div_t2.obj              310     0         0      
       fd_cmp_t2.obj              268     0         0      
       ctype.obj                  0       257       0      
       fd_mul_t2.obj              252     0         0      
       s_scalbn.obj               252     0         0      
       memcpy_t2.obj              156     0         0      
       memset_t2.obj              122     0         0      
       autoinit.obj               112     0         0      
       fd_tos_t2.obj              110     0         0      
       copy_decompress_lzss.obj   104     0         0      
       s_frexp.obj                100     0         0      
       exit.obj                   84      0         12     
       sprintf.obj                96      0         0      
       boot.obj                   84      0         0      
       ltoa.obj                   84      0         0      
       atoi.obj                   76      0         0      
       cpy_tbl.obj                76      0         0      
       fd_toi_t2.obj              72      0         0      
       u_divt2.obj                64      0         0      
       fs_tod_t2.obj              56      0         0      
       i_tofd_t2.obj              46      0         0      
       u_tofd_t2.obj              32      0         0      
       strcat.obj                 30      0         0      
       _lock.obj                  20      0         8      
       memccpy.obj                28      0         0      
       args_main.obj              24      0         0      
       strchr.obj                 22      0         0      
       s_copysign.obj             20      0         0      
       strlen.obj                 20      0         0      
       copy_decompress_none.obj   14      0         0      
       copy_zero_init.obj         12      0         0      
       errno.obj                  0       0         4      
       pre_init.obj               4       0         0      
       stkdepth_vars.obj          0       0         4      
       i_div0.obj                 2       0         0      
       mpu_init.obj               2       0         0      
       startup.obj                2       0         0      
    +--+--------------------------+-------+---------+---------+
       Total:                     8108    257       28     
                                                           
       Stack:                     0       0         512    
       Linker Generated:          0       163       0      
    +--+--------------------------+-------+---------+---------+
       Grand Total:               23472   1836      2508   


LINKER GENERATED COPY TABLES

__TI_cinit_table @ 000062e0 records: 3, size/record: 8, table size: 24
	.data: load addr=00006250, load size=0000006f bytes, run addr=20000900, run size=000000d0 bytes, compression=lzss
	.bss: load addr=000062d0, load size=00000008 bytes, run addr=2000026c, run size=00000494 bytes, compression=zero_init
	.vtable: load addr=000062d8, load size=00000008 bytes, run addr=20000000, run size=0000026c bytes, compression=zero_init


LINKER GENERATED HANDLER TABLE

__TI_handler_table @ 000062c0 records: 3, size/record: 4, table size: 12
	index: 0, handler: __TI_zero_init
	index: 1, handler: __TI_decompress_lzss
	index: 2, handler: __TI_decompress_none


GLOBAL SYMBOLS: SORTED ALPHABETICALLY BY Name 

address   name                           
-------   ----                           
20000978  BrightnessLV1                  
20000980  BrightnessLV2                  
20000988  BrightnessLV3                  
20000990  BrightnessLV4                  
20000998  BrightnessLV5                  
00004f35  C$$EXIT                        
00005d6f  CPUcpsie                       
000058b9  GPIODirModeSet                 
00005e09  GPIOIntClear                   
00005d0d  GPIOIntDisable                 
00005d7b  GPIOIntEnable                  
00005b03  GPIOIntRegister                
00005d1b  GPIOIntStatus                  
00004e35  GPIOIntTypeSet                 
00003117  GPIOPadConfigSet               
00005205  GPIOPinConfigure               
00005c0d  GPIOPinTypeGPIOInput           
00005b1b  GPIOPinTypeGPIOOutput          
00005c1f  GPIOPinTypePWM                 
00005c31  GPIOPinTypeSSI                 
00005c43  GPIOPinTypeUART                
00005e0f  GPIOPinWrite                   
00004999  IntEnable                      
00005c9d  IntMasterEnable                
000056dd  IntRegister                    
2000093a  LED2Counter                    
00005981  PWMGenConfigure                
00005d87  PWMGenEnable                   
00005cad  PWMGenPeriodSet                
00005c55  PWMOutputState                 
000059e5  PWMPulseWidthSet               
000053f9  ReadADC                        
00005e15  ResetISR                       
UNDEFED   SHT$$INIT_ARRAY$$Base          
UNDEFED   SHT$$INIT_ARRAY$$Limit         
00005dd9  SSIBusy                        
000055b7  SSIConfigSetExpClk             
00005c67  SSIDataGetNonBlocking          
00005dc5  SSIDataPut                     
00005dcf  SSIEnable                      
00002ea5  SW1_IntHandler                 
00004ddd  SetADCSwitch                   
000050d5  SetGain                        
00005835  SetInputRelay                  
00005085  SetMuxDCAC                     
0000336d  SysCtlClockGet                 
0000376d  SysCtlClockSet                 
00005e1b  SysCtlDelay                    
00005ba9  SysCtlPWMClockSet              
00005711  SysCtlPeripheralEnable         
00005439  Timer0IntHandler               
00004bfd  TimerConfigure                 
00005d29  TimerEnable                    
00005de1  TimerIntEnable                 
00005c79  TimerLoadSet                   
20000934  ToggleLED2                     
00005479  UART1IntHandler                
00005d37  UARTCharGetNonBlocking         
00005d45  UARTCharPutNonBlocking         
00005d53  UARTCharsAvail                 
00005e21  UARTClockSourceSet             
00005de9  UARTIntEnable                  
000055f5  UARTIntHandler                 
00004c5d  UARTStdioConfig                
00005ae9  UARTprintf                     
00002299  UARTvprintf                    
0000524d  UARTwrite                      
00005a79  WriteADC                       
20000900  __STACK_END                    
00000200  __STACK_SIZE                   
20000900  __STACK_TOP                    
000062e0  __TI_CINIT_Base                
000062f8  __TI_CINIT_Limit               
000062c0  __TI_Handler_Table_Base        
000062cc  __TI_Handler_Table_Limit       
000048b9  __TI_auto_init                 
2000094c  __TI_cleanup_ptr               
00004a01  __TI_decompress_lzss           
00005d61  __TI_decompress_none           
20000950  __TI_dtors_ptr                 
20000954  __TI_enable_exit_profile_output
ffffffff  __TI_pprof_out_hndl            
00000ab1  __TI_printfi                   
ffffffff  __TI_prof_data_size            
ffffffff  __TI_prof_data_start           
00000000  __TI_static_base__             
00005da1  __TI_zero_init                 
000043e1  __aeabi_cdcmpeq                
000043e1  __aeabi_cdcmple                
00004467  __aeabi_cdrcmple               
00004929  __aeabi_d2f                    
0000536d  __aeabi_d2iz                   
0000248d  __aeabi_dadd                   
00002fe1  __aeabi_ddiv                   
0000347d  __aeabi_dmul                   
00002483  __aeabi_dsub                   
000056a5  __aeabi_f2d                    
000057d7  __aeabi_i2d                    
00004763  __aeabi_idiv0                  
000046e9  __aeabi_memclr                 
000046e9  __aeabi_memclr4                
000046e9  __aeabi_memclr8                
00004069  __aeabi_memcpy                 
00004069  __aeabi_memcpy4                
00004069  __aeabi_memcpy8                
000046eb  __aeabi_memset                 
000046eb  __aeabi_memset4                
000046eb  __aeabi_memset8                
000059a3  __aeabi_ui2d                   
000054f9  __aeabi_uidiv                  
000054f9  __aeabi_uidivmod               
000020a3  __aeabi_uldivmod               
ffffffff  __binit__                      
ffffffff  __c_args__                     
00004997  __mpu_init                     
20000700  __stack                        
00005b65  _args_main                     
00004ee1  _c_int00                       
00005e30  _ctypes_                       
20000970  _lock                          
00005bdf  _nop                           
00005bd7  _register_lock                 
00005bd1  _register_unlock               
00004b33  _system_post_cinit             
00005e2d  _system_pre_init               
20000974  _unlock                        
00004f39  abort                          
0000516d  atoi                           
ffffffff  binit                          
20000926  brightness_opt                 
00005745  buildChar                      
2000095c  bytesWritten                   
00005a95  clearLCD                       
00005121  closeFile                      
00005b33  clust2sect                     
00003b1d  convertADC2range               
000051b9  copy_in                        
00005be5  copysign                       
00005be5  copysignl                      
20000958  count                          
20000939  counter                        
200006e8  countstr                       
00005df1  cursorOffLCD                   
20000928  cursor_pos                     
00002d65  disk_initialize                
00002acd  disk_ioctl                     
00004235  disk_read                      
00005cbd  disk_status                    
00003e65  disk_write                     
2000093b  displayADCVal                  
2000092a  duration_green_pressed         
20000929  duration_red_pressed           
200009a0  enter                          
200009c8  errno                          
00004f41  exit                           
00005ccd  f_close                        
00005861  f_mount                        
00002c21  f_open                         
000054b9  f_stat                         
000042c5  f_sync                         
000027d5  f_write                        
2000026c  fatfs                          
200004a0  fil                            
200006dc  filename                       
20000960  filesize                       
200006c4  fno                            
20000927  freq_flag                      
20000925  frequency_opt                  
00004b35  frexp                          
00004b35  frexpl                         
000047d9  ftoa                           
20000000  g_pfnRAMVectors                
00000000  g_pfnVectors                   
20000930  g_ui32Flags                    
00003cd5  get_fat                        
00005df9  get_fattime                    
00003fcd  initADC                        
200009c1  initFileName                   
00003955  initLCD                        
000052dd  initLED                        
000044ed  initMux                        
00004355  initPWM                        
00005631  initSDcard                     
00004571  initTimer                      
00004849  initUART0                      
20000964  int2str_duration               
00004cbd  itoa                           
00003579  ldexp                          
00003579  ldexpl                         
00003861  logging                        
20000938  loggingCounter                 
2000092c  loggingDuration                
20000900  loggingFreq                    
2000092b  logging_pressed                
00004f89  ltoa                           
000013ad  main                           
200009cc  main_func_sp                   
200006fb  measure_mode                   
00005acd  memccpy                        
00004069  memcpy                         
000046f1  memset                         
00003da1  modeChange                     
20000924  mode_level                     
200006f4  numTick                        
00002639  openFile                       
200006fe  pb_mode                        
200009a8  plusminusmap                   
00005b4b  printLCD                       
00005e27  printSpecialChar               
000058e5  pulseLCD                       
00003a39  put_fat                        
200006ff  rc                             
00003579  scalbn                         
00003579  scalbnl                        
00005539  sendByte                       
00005e01  setBlockCursorLCD              
00005cdd  setCmd                         
00005805  setCursorPositionLCD           
00005ced  setData                        
00002965  setDiaplyValue                 
00001e91  setModeDisplay                 
0000419d  setPWM                         
200009b0  set_cursor_duration            
200009b6  set_duration                   
00004d1d  sprintf                        
00005a21  strcat                         
00005b93  strchr                         
00005bf9  strlen                         
00005935  writeSD                        
20000959  writing_flag                   


GLOBAL SYMBOLS: SORTED BY Symbol Address 

address   name                           
-------   ----                           
00000000  __TI_static_base__             
00000000  g_pfnVectors                   
00000200  __STACK_SIZE                   
00000ab1  __TI_printfi                   
000013ad  main                           
00001e91  setModeDisplay                 
000020a3  __aeabi_uldivmod               
00002299  UARTvprintf                    
00002483  __aeabi_dsub                   
0000248d  __aeabi_dadd                   
00002639  openFile                       
000027d5  f_write                        
00002965  setDiaplyValue                 
00002acd  disk_ioctl                     
00002c21  f_open                         
00002d65  disk_initialize                
00002ea5  SW1_IntHandler                 
00002fe1  __aeabi_ddiv                   
00003117  GPIOPadConfigSet               
0000336d  SysCtlClockGet                 
0000347d  __aeabi_dmul                   
00003579  ldexp                          
00003579  ldexpl                         
00003579  scalbn                         
00003579  scalbnl                        
0000376d  SysCtlClockSet                 
00003861  logging                        
00003955  initLCD                        
00003a39  put_fat                        
00003b1d  convertADC2range               
00003cd5  get_fat                        
00003da1  modeChange                     
00003e65  disk_write                     
00003fcd  initADC                        
00004069  __aeabi_memcpy                 
00004069  __aeabi_memcpy4                
00004069  __aeabi_memcpy8                
00004069  memcpy                         
0000419d  setPWM                         
00004235  disk_read                      
000042c5  f_sync                         
00004355  initPWM                        
000043e1  __aeabi_cdcmpeq                
000043e1  __aeabi_cdcmple                
00004467  __aeabi_cdrcmple               
000044ed  initMux                        
00004571  initTimer                      
000046e9  __aeabi_memclr                 
000046e9  __aeabi_memclr4                
000046e9  __aeabi_memclr8                
000046eb  __aeabi_memset                 
000046eb  __aeabi_memset4                
000046eb  __aeabi_memset8                
000046f1  memset                         
00004763  __aeabi_idiv0                  
000047d9  ftoa                           
00004849  initUART0                      
000048b9  __TI_auto_init                 
00004929  __aeabi_d2f                    
00004997  __mpu_init                     
00004999  IntEnable                      
00004a01  __TI_decompress_lzss           
00004b33  _system_post_cinit             
00004b35  frexp                          
00004b35  frexpl                         
00004bfd  TimerConfigure                 
00004c5d  UARTStdioConfig                
00004cbd  itoa                           
00004d1d  sprintf                        
00004ddd  SetADCSwitch                   
00004e35  GPIOIntTypeSet                 
00004ee1  _c_int00                       
00004f35  C$$EXIT                        
00004f39  abort                          
00004f41  exit                           
00004f89  ltoa                           
00005085  SetMuxDCAC                     
000050d5  SetGain                        
00005121  closeFile                      
0000516d  atoi                           
000051b9  copy_in                        
00005205  GPIOPinConfigure               
0000524d  UARTwrite                      
000052dd  initLED                        
0000536d  __aeabi_d2iz                   
000053f9  ReadADC                        
00005439  Timer0IntHandler               
00005479  UART1IntHandler                
000054b9  f_stat                         
000054f9  __aeabi_uidiv                  
000054f9  __aeabi_uidivmod               
00005539  sendByte                       
000055b7  SSIConfigSetExpClk             
000055f5  UARTIntHandler                 
00005631  initSDcard                     
000056a5  __aeabi_f2d                    
000056dd  IntRegister                    
00005711  SysCtlPeripheralEnable         
00005745  buildChar                      
000057d7  __aeabi_i2d                    
00005805  setCursorPositionLCD           
00005835  SetInputRelay                  
00005861  f_mount                        
000058b9  GPIODirModeSet                 
000058e5  pulseLCD                       
00005935  writeSD                        
00005981  PWMGenConfigure                
000059a3  __aeabi_ui2d                   
000059e5  PWMPulseWidthSet               
00005a21  strcat                         
00005a79  WriteADC                       
00005a95  clearLCD                       
00005acd  memccpy                        
00005ae9  UARTprintf                     
00005b03  GPIOIntRegister                
00005b1b  GPIOPinTypeGPIOOutput          
00005b33  clust2sect                     
00005b4b  printLCD                       
00005b65  _args_main                     
00005b93  strchr                         
00005ba9  SysCtlPWMClockSet              
00005bd1  _register_unlock               
00005bd7  _register_lock                 
00005bdf  _nop                           
00005be5  copysign                       
00005be5  copysignl                      
00005bf9  strlen                         
00005c0d  GPIOPinTypeGPIOInput           
00005c1f  GPIOPinTypePWM                 
00005c31  GPIOPinTypeSSI                 
00005c43  GPIOPinTypeUART                
00005c55  PWMOutputState                 
00005c67  SSIDataGetNonBlocking          
00005c79  TimerLoadSet                   
00005c9d  IntMasterEnable                
00005cad  PWMGenPeriodSet                
00005cbd  disk_status                    
00005ccd  f_close                        
00005cdd  setCmd                         
00005ced  setData                        
00005d0d  GPIOIntDisable                 
00005d1b  GPIOIntStatus                  
00005d29  TimerEnable                    
00005d37  UARTCharGetNonBlocking         
00005d45  UARTCharPutNonBlocking         
00005d53  UARTCharsAvail                 
00005d61  __TI_decompress_none           
00005d6f  CPUcpsie                       
00005d7b  GPIOIntEnable                  
00005d87  PWMGenEnable                   
00005da1  __TI_zero_init                 
00005dc5  SSIDataPut                     
00005dcf  SSIEnable                      
00005dd9  SSIBusy                        
00005de1  TimerIntEnable                 
00005de9  UARTIntEnable                  
00005df1  cursorOffLCD                   
00005df9  get_fattime                    
00005e01  setBlockCursorLCD              
00005e09  GPIOIntClear                   
00005e0f  GPIOPinWrite                   
00005e15  ResetISR                       
00005e1b  SysCtlDelay                    
00005e21  UARTClockSourceSet             
00005e27  printSpecialChar               
00005e2d  _system_pre_init               
00005e30  _ctypes_                       
000062c0  __TI_Handler_Table_Base        
000062cc  __TI_Handler_Table_Limit       
000062e0  __TI_CINIT_Base                
000062f8  __TI_CINIT_Limit               
20000000  g_pfnRAMVectors                
2000026c  fatfs                          
200004a0  fil                            
200006c4  fno                            
200006dc  filename                       
200006e8  countstr                       
200006f4  numTick                        
200006fb  measure_mode                   
200006fe  pb_mode                        
200006ff  rc                             
20000700  __stack                        
20000900  __STACK_END                    
20000900  __STACK_TOP                    
20000900  loggingFreq                    
20000924  mode_level                     
20000925  frequency_opt                  
20000926  brightness_opt                 
20000927  freq_flag                      
20000928  cursor_pos                     
20000929  duration_red_pressed           
2000092a  duration_green_pressed         
2000092b  logging_pressed                
2000092c  loggingDuration                
20000930  g_ui32Flags                    
20000934  ToggleLED2                     
20000938  loggingCounter                 
20000939  counter                        
2000093a  LED2Counter                    
2000093b  displayADCVal                  
2000094c  __TI_cleanup_ptr               
20000950  __TI_dtors_ptr                 
20000954  __TI_enable_exit_profile_output
20000958  count                          
20000959  writing_flag                   
2000095c  bytesWritten                   
20000960  filesize                       
20000964  int2str_duration               
20000970  _lock                          
20000974  _unlock                        
20000978  BrightnessLV1                  
20000980  BrightnessLV2                  
20000988  BrightnessLV3                  
20000990  BrightnessLV4                  
20000998  BrightnessLV5                  
200009a0  enter                          
200009a8  plusminusmap                   
200009b0  set_cursor_duration            
200009b6  set_duration                   
200009c1  initFileName                   
200009c8  errno                          
200009cc  main_func_sp                   
ffffffff  __TI_pprof_out_hndl            
ffffffff  __TI_prof_data_size            
ffffffff  __TI_prof_data_start           
ffffffff  __binit__                      
ffffffff  __c_args__                     
ffffffff  binit                          
UNDEFED   SHT$$INIT_ARRAY$$Base          
UNDEFED   SHT$$INIT_ARRAY$$Limit         

[230 symbols]
